Archive member included to satisfy reference by file (symbol)

D:/CubeIDE/STM32CubeIDE_1.12.0/STM32CubeIDE/plugins/com.st.stm32cube.ide.mcu.externaltools.gnu-tools-for-stm32.12.3.rel1.win32_1.0.200.202406191623/tools/bin/../lib/gcc/arm-none-eabi/12.3.1/../../../../arm-none-eabi/lib/thumb/v7e-m+fp/hard\libc_nano.a(libc_a-exit.o)
                              D:/CubeIDE/STM32CubeIDE_1.12.0/STM32CubeIDE/plugins/com.st.stm32cube.ide.mcu.externaltools.gnu-tools-for-stm32.12.3.rel1.win32_1.0.200.202406191623/tools/bin/../lib/gcc/arm-none-eabi/12.3.1/../../../../arm-none-eabi/lib/thumb/v7e-m+fp/hard/crt0.o (exit)
D:/CubeIDE/STM32CubeIDE_1.12.0/STM32CubeIDE/plugins/com.st.stm32cube.ide.mcu.externaltools.gnu-tools-for-stm32.12.3.rel1.win32_1.0.200.202406191623/tools/bin/../lib/gcc/arm-none-eabi/12.3.1/../../../../arm-none-eabi/lib/thumb/v7e-m+fp/hard\libc_nano.a(libc_a-rand.o)
                              ./Core/Src/ds24b33_manage.o (rand)
D:/CubeIDE/STM32CubeIDE_1.12.0/STM32CubeIDE/plugins/com.st.stm32cube.ide.mcu.externaltools.gnu-tools-for-stm32.12.3.rel1.win32_1.0.200.202406191623/tools/bin/../lib/gcc/arm-none-eabi/12.3.1/../../../../arm-none-eabi/lib/thumb/v7e-m+fp/hard\libc_nano.a(libc_a-findfp.o)
                              D:/CubeIDE/STM32CubeIDE_1.12.0/STM32CubeIDE/plugins/com.st.stm32cube.ide.mcu.externaltools.gnu-tools-for-stm32.12.3.rel1.win32_1.0.200.202406191623/tools/bin/../lib/gcc/arm-none-eabi/12.3.1/../../../../arm-none-eabi/lib/thumb/v7e-m+fp/hard\libc_nano.a(libc_a-exit.o) (__stdio_exit_handler)
D:/CubeIDE/STM32CubeIDE_1.12.0/STM32CubeIDE/plugins/com.st.stm32cube.ide.mcu.externaltools.gnu-tools-for-stm32.12.3.rel1.win32_1.0.200.202406191623/tools/bin/../lib/gcc/arm-none-eabi/12.3.1/../../../../arm-none-eabi/lib/thumb/v7e-m+fp/hard\libc_nano.a(libc_a-fwalk.o)
                              D:/CubeIDE/STM32CubeIDE_1.12.0/STM32CubeIDE/plugins/com.st.stm32cube.ide.mcu.externaltools.gnu-tools-for-stm32.12.3.rel1.win32_1.0.200.202406191623/tools/bin/../lib/gcc/arm-none-eabi/12.3.1/../../../../arm-none-eabi/lib/thumb/v7e-m+fp/hard\libc_nano.a(libc_a-findfp.o) (_fwalk_sglue)
D:/CubeIDE/STM32CubeIDE_1.12.0/STM32CubeIDE/plugins/com.st.stm32cube.ide.mcu.externaltools.gnu-tools-for-stm32.12.3.rel1.win32_1.0.200.202406191623/tools/bin/../lib/gcc/arm-none-eabi/12.3.1/../../../../arm-none-eabi/lib/thumb/v7e-m+fp/hard\libc_nano.a(libc_a-stdio.o)
                              D:/CubeIDE/STM32CubeIDE_1.12.0/STM32CubeIDE/plugins/com.st.stm32cube.ide.mcu.externaltools.gnu-tools-for-stm32.12.3.rel1.win32_1.0.200.202406191623/tools/bin/../lib/gcc/arm-none-eabi/12.3.1/../../../../arm-none-eabi/lib/thumb/v7e-m+fp/hard\libc_nano.a(libc_a-findfp.o) (__sread)
D:/CubeIDE/STM32CubeIDE_1.12.0/STM32CubeIDE/plugins/com.st.stm32cube.ide.mcu.externaltools.gnu-tools-for-stm32.12.3.rel1.win32_1.0.200.202406191623/tools/bin/../lib/gcc/arm-none-eabi/12.3.1/../../../../arm-none-eabi/lib/thumb/v7e-m+fp/hard\libc_nano.a(libc_a-memset.o)
                              D:/CubeIDE/STM32CubeIDE_1.12.0/STM32CubeIDE/plugins/com.st.stm32cube.ide.mcu.externaltools.gnu-tools-for-stm32.12.3.rel1.win32_1.0.200.202406191623/tools/bin/../lib/gcc/arm-none-eabi/12.3.1/../../../../arm-none-eabi/lib/thumb/v7e-m+fp/hard/crt0.o (memset)
D:/CubeIDE/STM32CubeIDE_1.12.0/STM32CubeIDE/plugins/com.st.stm32cube.ide.mcu.externaltools.gnu-tools-for-stm32.12.3.rel1.win32_1.0.200.202406191623/tools/bin/../lib/gcc/arm-none-eabi/12.3.1/../../../../arm-none-eabi/lib/thumb/v7e-m+fp/hard\libc_nano.a(libc_a-closer.o)
                              D:/CubeIDE/STM32CubeIDE_1.12.0/STM32CubeIDE/plugins/com.st.stm32cube.ide.mcu.externaltools.gnu-tools-for-stm32.12.3.rel1.win32_1.0.200.202406191623/tools/bin/../lib/gcc/arm-none-eabi/12.3.1/../../../../arm-none-eabi/lib/thumb/v7e-m+fp/hard\libc_nano.a(libc_a-stdio.o) (_close_r)
D:/CubeIDE/STM32CubeIDE_1.12.0/STM32CubeIDE/plugins/com.st.stm32cube.ide.mcu.externaltools.gnu-tools-for-stm32.12.3.rel1.win32_1.0.200.202406191623/tools/bin/../lib/gcc/arm-none-eabi/12.3.1/../../../../arm-none-eabi/lib/thumb/v7e-m+fp/hard\libc_nano.a(libc_a-reent.o)
                              D:/CubeIDE/STM32CubeIDE_1.12.0/STM32CubeIDE/plugins/com.st.stm32cube.ide.mcu.externaltools.gnu-tools-for-stm32.12.3.rel1.win32_1.0.200.202406191623/tools/bin/../lib/gcc/arm-none-eabi/12.3.1/../../../../arm-none-eabi/lib/thumb/v7e-m+fp/hard\libc_nano.a(libc_a-closer.o) (errno)
D:/CubeIDE/STM32CubeIDE_1.12.0/STM32CubeIDE/plugins/com.st.stm32cube.ide.mcu.externaltools.gnu-tools-for-stm32.12.3.rel1.win32_1.0.200.202406191623/tools/bin/../lib/gcc/arm-none-eabi/12.3.1/../../../../arm-none-eabi/lib/thumb/v7e-m+fp/hard\libc_nano.a(libc_a-impure.o)
                              D:/CubeIDE/STM32CubeIDE_1.12.0/STM32CubeIDE/plugins/com.st.stm32cube.ide.mcu.externaltools.gnu-tools-for-stm32.12.3.rel1.win32_1.0.200.202406191623/tools/bin/../lib/gcc/arm-none-eabi/12.3.1/../../../../arm-none-eabi/lib/thumb/v7e-m+fp/hard\libc_nano.a(libc_a-rand.o) (_impure_ptr)
[...]
Memory Configuration

Name             Origin             Length             Attributes
RAM              0x20000000         0x00010000         xrw
FLASH            0x08000000         0x00040000         xr
*default*        0x00000000         0xffffffff

Linker script and memory map

LOAD D:/CubeIDE/STM32CubeIDE_1.12.0/STM32CubeIDE/plugins/com.st.stm32cube.ide.mcu.externaltools.gnu-tools-for-stm32.12.3.rel1.win32_1.0.200.202406191623/tools/bin/../lib/gcc/arm-none-eabi/12.3.1/thumb/v7e-m+fp/hard/crti.o
LOAD D:/CubeIDE/STM32CubeIDE_1.12.0/STM32CubeIDE/plugins/com.st.stm32cube.ide.mcu.externaltools.gnu-tools-for-stm32.12.3.rel1.win32_1.0.200.202406191623/tools/bin/../lib/gcc/arm-none-eabi/12.3.1/thumb/v7e-m+fp/hard/crtbegin.o
LOAD D:/CubeIDE/STM32CubeIDE_1.12.0/STM32CubeIDE/plugins/com.st.stm32cube.ide.mcu.externaltools.gnu-tools-for-stm32.12.3.rel1.win32_1.0.200.202406191623/tools/bin/../lib/gcc/arm-none-eabi/12.3.1/../../../../arm-none-eabi/lib/thumb/v7e-m+fp/hard/crt0.o
LOAD ./Core/Src/ds24b33.o
LOAD ./Core/Src/ds24b33_manage.o
LOAD ./Core/Src/lcd1602_i2c_lib.o
LOAD ./Core/Src/main.o
LOAD ./Core/Src/menu.o
LOAD ./Core/Src/onewire.o
LOAD ./Core/Src/stm32f4xx_hal_msp.o
LOAD ./Core/Src/stm32f4xx_it.o
LOAD ./Core/Src/syscalls.o
LOAD ./Core/Src/sysmem.o
LOAD ./Core/Src/system_stm32f4xx.o
LOAD ./Core/Startup/startup_stm32f401ccux.o
LOAD ./Drivers/STM32F4xx_HAL_Driver/Src/stm32f4xx_hal.o
LOAD ./Drivers/STM32F4xx_HAL_Driver/Src/stm32f4xx_hal_cortex.o
LOAD ./Drivers/STM32F4xx_HAL_Driver/Src/stm32f4xx_hal_dma.o
LOAD ./Drivers/STM32F4xx_HAL_Driver/Src/stm32f4xx_hal_dma_ex.o
LOAD ./Drivers/STM32F4xx_HAL_Driver/Src/stm32f4xx_hal_exti.o
LOAD ./Drivers/STM32F4xx_HAL_Driver/Src/stm32f4xx_hal_flash.o
LOAD ./Drivers/STM32F4xx_HAL_Driver/Src/stm32f4xx_hal_flash_ex.o
LOAD ./Drivers/STM32F4xx_HAL_Driver/Src/stm32f4xx_hal_flash_ramfunc.o
LOAD ./Drivers/STM32F4xx_HAL_Driver/Src/stm32f4xx_hal_gpio.o
LOAD ./Drivers/STM32F4xx_HAL_Driver/Src/stm32f4xx_hal_i2c.o
LOAD ./Drivers/STM32F4xx_HAL_Driver/Src/stm32f4xx_hal_i2c_ex.o
LOAD ./Drivers/STM32F4xx_HAL_Driver/Src/stm32f4xx_hal_pwr.o
LOAD ./Drivers/STM32F4xx_HAL_Driver/Src/stm32f4xx_hal_pwr_ex.o
LOAD ./Drivers/STM32F4xx_HAL_Driver/Src/stm32f4xx_hal_rcc.o
LOAD ./Drivers/STM32F4xx_HAL_Driver/Src/stm32f4xx_hal_rcc_ex.o
LOAD ./Drivers/STM32F4xx_HAL_Driver/Src/stm32f4xx_hal_tim.o
LOAD ./Drivers/STM32F4xx_HAL_Driver/Src/stm32f4xx_hal_tim_ex.o
LOAD ./Drivers/STM32F4xx_HAL_Driver/Src/stm32f4xx_hal_uart.o
START GROUP
LOAD D:/CubeIDE/STM32CubeIDE_1.12.0/STM32CubeIDE/plugins/com.st.stm32cube.ide.mcu.externaltools.gnu-tools-for-stm32.12.3.rel1.win32_1.0.200.202406191623/tools/bin/../lib/gcc/arm-none-eabi/12.3.1/../../../../arm-none-eabi/lib/thumb/v7e-m+fp/hard\libc_nano.a
LOAD D:/CubeIDE/STM32CubeIDE_1.12.0/STM32CubeIDE/plugins/com.st.stm32cube.ide.mcu.externaltools.gnu-tools-for-stm32.12.3.rel1.win32_1.0.200.202406191623/tools/bin/../lib/gcc/arm-none-eabi/12.3.1/../../../../arm-none-eabi/lib/thumb/v7e-m+fp/hard\libm.a
END GROUP
START GROUP
LOAD D:/CubeIDE/STM32CubeIDE_1.12.0/STM32CubeIDE/plugins/com.st.stm32cube.ide.mcu.externaltools.gnu-tools-for-stm32.12.3.rel1.win32_1.0.200.202406191623/tools/bin/../lib/gcc/arm-none-eabi/12.3.1/thumb/v7e-m+fp/hard\libgcc.a
LOAD D:/CubeIDE/STM32CubeIDE_1.12.0/STM32CubeIDE/plugins/com.st.stm32cube.ide.mcu.externaltools.gnu-tools-for-stm32.12.3.rel1.win32_1.0.200.202406191623/tools/bin/../lib/gcc/arm-none-eabi/12.3.1/../../../../arm-none-eabi/lib/thumb/v7e-m+fp/hard\libc_nano.a
END GROUP
START GROUP
LOAD D:/CubeIDE/STM32CubeIDE_1.12.0/STM32CubeIDE/plugins/com.st.stm32cube.ide.mcu.externaltools.gnu-tools-for-stm32.12.3.rel1.win32_1.0.200.202406191623/tools/bin/../lib/gcc/arm-none-eabi/12.3.1/thumb/v7e-m+fp/hard\libgcc.a
LOAD D:/CubeIDE/STM32CubeIDE_1.12.0/STM32CubeIDE/plugins/com.st.stm32cube.ide.mcu.externaltools.gnu-tools-for-stm32.12.3.rel1.win32_1.0.200.202406191623/tools/bin/../lib/gcc/arm-none-eabi/12.3.1/../../../../arm-none-eabi/lib/thumb/v7e-m+fp/hard\libc_nano.a
LOAD D:/CubeIDE/STM32CubeIDE_1.12.0/STM32CubeIDE/plugins/com.st.stm32cube.ide.mcu.externaltools.gnu-tools-for-stm32.12.3.rel1.win32_1.0.200.202406191623/tools/bin/../lib/gcc/arm-none-eabi/12.3.1/../../../../arm-none-eabi/lib/thumb/v7e-m+fp/hard\libnosys.a
END GROUP
START GROUP
LOAD D:/CubeIDE/STM32CubeIDE_1.12.0/STM32CubeIDE/plugins/com.st.stm32cube.ide.mcu.externaltools.gnu-tools-for-stm32.12.3.rel1.win32_1.0.200.202406191623/tools/bin/../lib/gcc/arm-none-eabi/12.3.1/thumb/v7e-m+fp/hard\libgcc.a
LOAD D:/CubeIDE/STM32CubeIDE_1.12.0/STM32CubeIDE/plugins/com.st.stm32cube.ide.mcu.externaltools.gnu-tools-for-stm32.12.3.rel1.win32_1.0.200.202406191623/tools/bin/../lib/gcc/arm-none-eabi/12.3.1/../../../../arm-none-eabi/lib/thumb/v7e-m+fp/hard\libc_nano.a
LOAD D:/CubeIDE/STM32CubeIDE_1.12.0/STM32CubeIDE/plugins/com.st.stm32cube.ide.mcu.externaltools.gnu-tools-for-stm32.12.3.rel1.win32_1.0.200.202406191623/tools/bin/../lib/gcc/arm-none-eabi/12.3.1/../../../../arm-none-eabi/lib/thumb/v7e-m+fp/hard\libnosys.a
END GROUP
LOAD D:/CubeIDE/STM32CubeIDE_1.12.0/STM32CubeIDE/plugins/com.st.stm32cube.ide.mcu.externaltools.gnu-tools-for-stm32.12.3.rel1.win32_1.0.200.202406191623/tools/bin/../lib/gcc/arm-none-eabi/12.3.1/thumb/v7e-m+fp/hard/crtend.o
LOAD D:/CubeIDE/STM32CubeIDE_1.12.0/STM32CubeIDE/plugins/com.st.stm32cube.ide.mcu.externaltools.gnu-tools-for-stm32.12.3.rel1.win32_1.0.200.202406191623/tools/bin/../lib/gcc/arm-none-eabi/12.3.1/thumb/v7e-m+fp/hard/crtn.o
                0x20010000                        _estack = (ORIGIN (RAM) + LENGTH (RAM))
                0x00000200                        _Min_Heap_Size = 0x200
                0x00000400                        _Min_Stack_Size = 0x400

.isr_vector     0x08000000      0x194
                0x08000000                        . = ALIGN (0x4)
 *(.isr_vector)
 .isr_vector    0x08000000      0x194 ./Core/Startup/startup_stm32f401ccux.o
                0x08000000                g_pfnVectors
                0x08000194                        . = ALIGN (0x4)

.text           0x080001a0     0x5034
                0x080001a0                        . = ALIGN (0x4)
 *(.text)
 .text          0x080001a0       0x40 D:/CubeIDE/STM32CubeIDE_1.12.0/STM32CubeIDE/plugins/com.st.stm32cube.ide.mcu.externaltools.gnu-tools-for-stm32.12.3.rel1.win32_1.0.200.202406191623/tools/bin/../lib/gcc/arm-none-eabi/12.3.1/thumb/v7e-m+fp/hard/crtbegin.o
 .text          0x080001e0       0x10 D:/CubeIDE/STM32CubeIDE_1.12.0/STM32CubeIDE/plugins/com.st.stm32cube.ide.mcu.externaltools.gnu-tools-for-stm32.12.3.rel1.win32_1.0.200.202406191623/tools/bin/../lib/gcc/arm-none-eabi/12.3.1/../../../../arm-none-eabi/lib/thumb/v7e-m+fp/hard\libc_nano.a(libc_a-strlen.o)
                0x080001e0                strlen
 .text          0x080001f0       0xa0 D:/CubeIDE/STM32CubeIDE_1.12.0/STM32CubeIDE/plugins/com.st.stm32cube.ide.mcu.externaltools.gnu-tools-for-stm32.12.3.rel1.win32_1.0.200.202406191623/tools/bin/../lib/gcc/arm-none-eabi/12.3.1/../../../../arm-none-eabi/lib/thumb/v7e-m+fp/hard\libc_nano.a(libc_a-memchr.o)
                0x080001f0                memchr
 .text          0x08000290       0x30 D:/CubeIDE/STM32CubeIDE_1.12.0/STM32CubeIDE/plugins/com.st.stm32cube.ide.mcu.externaltools.gnu-tools-for-stm32.12.3.rel1.win32_1.0.200.202406191623/tools/bin/../lib/gcc/arm-none-eabi/12.3.1/thumb/v7e-m+fp/hard\libgcc.a(_aeabi_uldivmod.o)
                0x08000290                __aeabi_uldivmod
 .text          0x080002c0      0x2bc D:/CubeIDE/STM32CubeIDE_1.12.0/STM32CubeIDE/plugins/com.st.stm32cube.ide.mcu.externaltools.gnu-tools-for-stm32.12.3.rel1.win32_1.0.200.202406191623/tools/bin/../lib/gcc/arm-none-eabi/12.3.1/thumb/v7e-m+fp/hard\libgcc.a(_udivmoddi4.o)
                0x080002c0                __udivmoddi4
 .text          0x0800057c        0x4 D:/CubeIDE/STM32CubeIDE_1.12.0/STM32CubeIDE/plugins/com.st.stm32cube.ide.mcu.externaltools.gnu-tools-for-stm32.12.3.rel1.win32_1.0.200.202406191623/tools/bin/../lib/gcc/arm-none-eabi/12.3.1/thumb/v7e-m+fp/hard\libgcc.a(_dvmd_tls.o)
                0x0800057c                __aeabi_idiv0
                0x0800057c                __aeabi_ldiv0
 *(.text*)
 .text.ExecuteCommand
                0x08000580       0x72 ./Core/Src/ds24b33.o
 *fill*         0x080005f2        0x2 
 .text.WriteScratchpad
                0x080005f4       0x34 ./Core/Src/ds24b33.o
                0x080005f4                WriteScratchpad
 .text.ReadScratchpad
                0x08000628       0x28 ./Core/Src/ds24b33.o
                0x08000628                ReadScratchpad
 .text.CopyScratchpad
                0x08000650       0x40 ./Core/Src/ds24b33.o
                0x08000650                CopyScratchpad
 .text.ReadMemory
                0x08000690       0x34 ./Core/Src/ds24b33.o
                0x08000690                ReadMemory
 .text.ReadRom  0x080006c4       0x24 ./Core/Src/ds24b33.o
                0x080006c4                ReadRom
 .text.write_data_toMem
                0x080006e8      0x126 ./Core/Src/ds24b33_manage.o
 .text.write_Userdata
                0x0800080e      0x124 ./Core/Src/ds24b33_manage.o
                0x0800080e                write_Userdata
 .text.get_rand_data
                0x08000932       0x3e ./Core/Src/ds24b33_manage.o
 .text.compare_data
                0x08000970       0x46 ./Core/Src/ds24b33_manage.o
                0x08000970                compare_data
 .text.read_mem_data
                0x080009b6       0xc4 ./Core/Src/ds24b33_manage.o
                0x080009b6                read_mem_data
 .text.check_memory
                0x08000a7a       0xa0 ./Core/Src/ds24b33_manage.o
                0x08000a7a                check_memory
 *fill*         0x08000b1a        0x2 
 .text.lcd1602_Send_init_Data
                0x08000b1c       0x88 ./Core/Src/lcd1602_i2c_lib.o
 .text.lcd1602_Send_data
                0x08000ba4       0x7c ./Core/Src/lcd1602_i2c_lib.o
 .text.lcd1602_Init
                0x08000c20       0xc0 ./Core/Src/lcd1602_i2c_lib.o
                0x08000c20                lcd1602_Init
 .text.lcd1602_Print_symbol
                0x08000ce0       0x4a ./Core/Src/lcd1602_i2c_lib.o
                0x08000ce0                lcd1602_Print_symbol
 .text.lcd1602_Print_text
                0x08000d2a       0x3a ./Core/Src/lcd1602_i2c_lib.o
                0x08000d2a                lcd1602_Print_text
 .text.lcd1602_SetCursor
                0x08000d64       0x8a ./Core/Src/lcd1602_i2c_lib.o
                0x08000d64                lcd1602_SetCursor
 *fill*         0x08000dee        0x2 
 .text.lcd1602_Clean_Text
                0x08000df0       0x28 ./Core/Src/lcd1602_i2c_lib.o
                0x08000df0                lcd1602_Clean_Text
 .text.main     0x08000e18      0x158 ./Core/Src/main.o
                0x08000e18                main
 .text.SystemClock_Config
                0x08000f70       0xd8 ./Core/Src/main.o
                0x08000f70                SystemClock_Config
 .text.MX_I2C1_Init
                0x08001048       0x5c ./Core/Src/main.o
 .text.MX_USART6_UART_Init
                0x080010a4       0x54 ./Core/Src/main.o
 .text.MX_GPIO_Init
                0x080010f8       0xc0 ./Core/Src/main.o
 .text.ExpectTargetDevice
                0x080011b8       0x64 ./Core/Src/main.o
                0x080011b8                ExpectTargetDevice
 .text.EXTI9_5_IRQHandler
                0x0800121c       0x18 ./Core/Src/main.o
                0x0800121c                EXTI9_5_IRQHandler
 .text.EXTI15_10_IRQHandler
                0x08001234       0x18 ./Core/Src/main.o
                0x08001234                EXTI15_10_IRQHandler
 .text.HAL_GPIO_EXTI_Callback
                0x0800124c       0x6c ./Core/Src/main.o
                0x0800124c                HAL_GPIO_EXTI_Callback
 .text.Error_Handler
                0x080012b8        0xc ./Core/Src/main.o
                0x080012b8                Error_Handler
 .text.GetChoisePoint
                0x080012c4       0x5c ./Core/Src/menu.o
                0x080012c4                GetChoisePoint
 .text.PrintMainMenu
                0x08001320       0x9e ./Core/Src/menu.o
                0x08001320                PrintMainMenu
 *fill*         0x080013be        0x2 
 .text.CheckMemHandler
                0x080013c0       0x58 ./Core/Src/menu.o
                0x080013c0                CheckMemHandler
 .text.WriteFirmHandler
                0x08001418       0xa8 ./Core/Src/menu.o
                0x08001418                WriteFirmHandler
 .text.PrintWriteDataMenu
                0x080014c0       0x6c ./Core/Src/menu.o
                0x080014c0                PrintWriteDataMenu
 .text.FirsButtonHandler
                0x0800152c       0x9c ./Core/Src/menu.o
                0x0800152c                FirsButtonHandler
 .text.SecondButtonHandler
                0x080015c8       0x40 ./Core/Src/menu.o
                0x080015c8                SecondButtonHandler
 .text.ThirdButtonHandler
                0x08001608       0x68 ./Core/Src/menu.o
                0x08001608                ThirdButtonHandler
 .text.FourthButtonHandler
                0x08001670       0x68 ./Core/Src/menu.o
                0x08001670                FourthButtonHandler
 .text.SetBaudrate
                0x080016d8      0x480 ./Core/Src/onewire.o
 .text.OneWire_Reset
                0x08001b58       0x5a ./Core/Src/onewire.o
                0x08001b58                OneWire_Reset
 .text.OneWire_ProcessBit
                0x08001bb2       0x44 ./Core/Src/onewire.o
                0x08001bb2                OneWire_ProcessBit
 .text.OneWire_ProcessByte
                0x08001bf6       0x6c ./Core/Src/onewire.o
                0x08001bf6                OneWire_ProcessByte
 *fill*         0x08001c62        0x2 
 .text.HAL_MspInit
                0x08001c64       0x50 ./Core/Src/stm32f4xx_hal_msp.o
                0x08001c64                HAL_MspInit
 .text.HAL_I2C_MspInit
                0x08001cb4       0x90 ./Core/Src/stm32f4xx_hal_msp.o
                0x08001cb4                HAL_I2C_MspInit
 .text.HAL_UART_MspInit
                0x08001d44       0x90 ./Core/Src/stm32f4xx_hal_msp.o
                0x08001d44                HAL_UART_MspInit
 .text.NMI_Handler
                0x08001dd4        0x8 ./Core/Src/stm32f4xx_it.o
                0x08001dd4                NMI_Handler
 .text.HardFault_Handler
                0x08001ddc        0x8 ./Core/Src/stm32f4xx_it.o
                0x08001ddc                HardFault_Handler
 .text.MemManage_Handler
                0x08001de4        0x8 ./Core/Src/stm32f4xx_it.o
                0x08001de4                MemManage_Handler
 .text.BusFault_Handler
                0x08001dec        0x8 ./Core/Src/stm32f4xx_it.o
                0x08001dec                BusFault_Handler
 .text.UsageFault_Handler
                0x08001df4        0x8 ./Core/Src/stm32f4xx_it.o
                0x08001df4                UsageFault_Handler
 .text.SVC_Handler
                0x08001dfc        0xe ./Core/Src/stm32f4xx_it.o
                0x08001dfc                SVC_Handler
 .text.DebugMon_Handler
                0x08001e0a        0xe ./Core/Src/stm32f4xx_it.o
                0x08001e0a                DebugMon_Handler
 .text.PendSV_Handler
                0x08001e18        0xe ./Core/Src/stm32f4xx_it.o
                0x08001e18                PendSV_Handler
 .text.SysTick_Handler
                0x08001e26        0xc ./Core/Src/stm32f4xx_it.o
                0x08001e26                SysTick_Handler
 .text._getpid  0x08001e32       0x10 ./Core/Src/syscalls.o
                0x08001e32                _getpid
 .text._kill    0x08001e42       0x20 ./Core/Src/syscalls.o
                0x08001e42                _kill
 .text._exit    0x08001e62       0x16 ./Core/Src/syscalls.o
                0x08001e62                _exit
 .text._read    0x08001e78       0x3a ./Core/Src/syscalls.o
                0x08001e78                _read
 .text._write   0x08001eb2       0x38 ./Core/Src/syscalls.o
                0x08001eb2                _write
 .text._close   0x08001eea       0x18 ./Core/Src/syscalls.o
                0x08001eea                _close
 .text._fstat   0x08001f02       0x20 ./Core/Src/syscalls.o
                0x08001f02                _fstat
 .text._isatty  0x08001f22       0x16 ./Core/Src/syscalls.o
                0x08001f22                _isatty
 .text._lseek   0x08001f38       0x1a ./Core/Src/syscalls.o
                0x08001f38                _lseek
 *fill*         0x08001f52        0x2 
 .text._sbrk    0x08001f54       0x6c ./Core/Src/sysmem.o
                0x08001f54                _sbrk
 .text.SystemInit
                0x08001fc0       0x24 ./Core/Src/system_stm32f4xx.o
                0x08001fc0                SystemInit
 .text.Reset_Handler
                0x08001fe4       0x50 ./Core/Startup/startup_stm32f401ccux.o
                0x08001fe4                Reset_Handler
 .text.Default_Handler
                0x08002034        0x2 ./Core/Startup/startup_stm32f401ccux.o
                0x08002034                RTC_Alarm_IRQHandler
                0x08002034                EXTI2_IRQHandler
                0x08002034                SPI4_IRQHandler
                0x08002034                TIM1_CC_IRQHandler
                0x08002034                DMA2_Stream5_IRQHandler
                0x08002034                DMA1_Stream5_IRQHandler
                0x08002034                PVD_IRQHandler
                0x08002034                SDIO_IRQHandler
                0x08002034                TAMP_STAMP_IRQHandler
                0x08002034                EXTI3_IRQHandler
                0x08002034                TIM1_UP_TIM10_IRQHandler
                0x08002034                I2C3_ER_IRQHandler
                0x08002034                EXTI0_IRQHandler
                0x08002034                I2C2_EV_IRQHandler
                0x08002034                DMA1_Stream2_IRQHandler
                0x08002034                FPU_IRQHandler
                0x08002034                DMA2_Stream2_IRQHandler
                0x08002034                SPI1_IRQHandler
                0x08002034                TIM1_BRK_TIM9_IRQHandler
                0x08002034                DMA2_Stream3_IRQHandler
                0x08002034                USART6_IRQHandler
                0x08002034                DMA2_Stream0_IRQHandler
                0x08002034                TIM4_IRQHandler
                0x08002034                I2C1_EV_IRQHandler
                0x08002034                DMA1_Stream6_IRQHandler
                0x08002034                DMA1_Stream1_IRQHandler
                0x08002034                TIM3_IRQHandler
                0x08002034                RCC_IRQHandler
                0x08002034                Default_Handler
                0x08002034                ADC_IRQHandler
                0x08002034                DMA1_Stream7_IRQHandler
                0x08002034                TIM5_IRQHandler
                0x08002034                DMA2_Stream7_IRQHandler
                0x08002034                I2C3_EV_IRQHandler
                0x08002034                RTC_WKUP_IRQHandler
                0x08002034                SPI2_IRQHandler
                0x08002034                DMA1_Stream0_IRQHandler
                0x08002034                EXTI4_IRQHandler
                0x08002034                WWDG_IRQHandler
                0x08002034                TIM2_IRQHandler
                0x08002034                OTG_FS_WKUP_IRQHandler
                0x08002034                TIM1_TRG_COM_TIM11_IRQHandler
                0x08002034                EXTI1_IRQHandler
                0x08002034                USART2_IRQHandler
                0x08002034                I2C2_ER_IRQHandler
                0x08002034                DMA2_Stream1_IRQHandler
                0x08002034                FLASH_IRQHandler
                0x08002034                DMA2_Stream4_IRQHandler
                0x08002034                USART1_IRQHandler
                0x08002034                OTG_FS_IRQHandler
                0x08002034                SPI3_IRQHandler
                0x08002034                DMA1_Stream4_IRQHandler
                0x08002034                I2C1_ER_IRQHandler
                0x08002034                DMA2_Stream6_IRQHandler
                0x08002034                DMA1_Stream3_IRQHandler
 *fill*         0x08002036        0x2 
 .text.HAL_Init
                0x08002038       0x44 ./Drivers/STM32F4xx_HAL_Driver/Src/stm32f4xx_hal.o
                0x08002038                HAL_Init
 .text.HAL_InitTick
                0x0800207c       0x60 ./Drivers/STM32F4xx_HAL_Driver/Src/stm32f4xx_hal.o
                0x0800207c                HAL_InitTick
 .text.HAL_IncTick
                0x080020dc       0x28 ./Drivers/STM32F4xx_HAL_Driver/Src/stm32f4xx_hal.o
                0x080020dc                HAL_IncTick
 .text.HAL_GetTick
                0x08002104       0x18 ./Drivers/STM32F4xx_HAL_Driver/Src/stm32f4xx_hal.o
                0x08002104                HAL_GetTick
 .text.HAL_Delay
                0x0800211c       0x48 ./Drivers/STM32F4xx_HAL_Driver/Src/stm32f4xx_hal.o
                0x0800211c                HAL_Delay
 .text.__NVIC_SetPriorityGrouping
                0x08002164       0x48 ./Drivers/STM32F4xx_HAL_Driver/Src/stm32f4xx_hal_cortex.o
 .text.__NVIC_GetPriorityGrouping
                0x080021ac       0x1c ./Drivers/STM32F4xx_HAL_Driver/Src/stm32f4xx_hal_cortex.o
 .text.__NVIC_EnableIRQ
                0x080021c8       0x3c ./Drivers/STM32F4xx_HAL_Driver/Src/stm32f4xx_hal_cortex.o
 .text.__NVIC_SetPriority
                0x08002204       0x54 ./Drivers/STM32F4xx_HAL_Driver/Src/stm32f4xx_hal_cortex.o
 .text.NVIC_EncodePriority
                0x08002258       0x66 ./Drivers/STM32F4xx_HAL_Driver/Src/stm32f4xx_hal_cortex.o
 *fill*         0x080022be        0x2 
 .text.SysTick_Config
                0x080022c0       0x44 ./Drivers/STM32F4xx_HAL_Driver/Src/stm32f4xx_hal_cortex.o
 .text.HAL_NVIC_SetPriorityGrouping
                0x08002304       0x16 ./Drivers/STM32F4xx_HAL_Driver/Src/stm32f4xx_hal_cortex.o
                0x08002304                HAL_NVIC_SetPriorityGrouping
 .text.HAL_NVIC_SetPriority
                0x0800231a       0x38 ./Drivers/STM32F4xx_HAL_Driver/Src/stm32f4xx_hal_cortex.o
                0x0800231a                HAL_NVIC_SetPriority
 .text.HAL_NVIC_EnableIRQ
                0x08002352       0x1c ./Drivers/STM32F4xx_HAL_Driver/Src/stm32f4xx_hal_cortex.o
                0x08002352                HAL_NVIC_EnableIRQ
 .text.HAL_SYSTICK_Config
                0x0800236e       0x18 ./Drivers/STM32F4xx_HAL_Driver/Src/stm32f4xx_hal_cortex.o
                0x0800236e                HAL_SYSTICK_Config
 *fill*         0x08002386        0x2 
 .text.HAL_GPIO_Init
                0x08002388      0x308 ./Drivers/STM32F4xx_HAL_Driver/Src/stm32f4xx_hal_gpio.o
                0x08002388                HAL_GPIO_Init
 .text.HAL_GPIO_EXTI_IRQHandler
                0x08002690       0x30 ./Drivers/STM32F4xx_HAL_Driver/Src/stm32f4xx_hal_gpio.o
                0x08002690                HAL_GPIO_EXTI_IRQHandler
 .text.HAL_I2C_Init
                0x080026c0      0x288 ./Drivers/STM32F4xx_HAL_Driver/Src/stm32f4xx_hal_i2c.o
                0x080026c0                HAL_I2C_Init
 .text.HAL_I2C_Master_Transmit
                0x08002948      0x1fc ./Drivers/STM32F4xx_HAL_Driver/Src/stm32f4xx_hal_i2c.o
                0x08002948                HAL_I2C_Master_Transmit
 .text.I2C_MasterRequestWrite
                0x08002b44      0x104 ./Drivers/STM32F4xx_HAL_Driver/Src/stm32f4xx_hal_i2c.o
 .text.I2C_WaitOnFlagUntilTimeout
                0x08002c48       0xf4 ./Drivers/STM32F4xx_HAL_Driver/Src/stm32f4xx_hal_i2c.o
 .text.I2C_WaitOnMasterAddressFlagUntilTimeout
                0x08002d3c      0x140 ./Drivers/STM32F4xx_HAL_Driver/Src/stm32f4xx_hal_i2c.o
 .text.I2C_WaitOnTXEFlagUntilTimeout
                0x08002e7c       0x90 ./Drivers/STM32F4xx_HAL_Driver/Src/stm32f4xx_hal_i2c.o
 .text.I2C_WaitOnBTFFlagUntilTimeout
                0x08002f0c       0x90 ./Drivers/STM32F4xx_HAL_Driver/Src/stm32f4xx_hal_i2c.o
 .text.I2C_IsAcknowledgeFailed
                0x08002f9c       0x5e ./Drivers/STM32F4xx_HAL_Driver/Src/stm32f4xx_hal_i2c.o
 *fill*         0x08002ffa        0x2 
 .text.HAL_RCC_OscConfig
                0x08002ffc      0x4f0 ./Drivers/STM32F4xx_HAL_Driver/Src/stm32f4xx_hal_rcc.o
                0x08002ffc                HAL_RCC_OscConfig
 .text.HAL_RCC_ClockConfig
                0x080034ec      0x1cc ./Drivers/STM32F4xx_HAL_Driver/Src/stm32f4xx_hal_rcc.o
                0x080034ec                HAL_RCC_ClockConfig
 .text.HAL_RCC_GetSysClockFreq
                0x080036b8      0x18c ./Drivers/STM32F4xx_HAL_Driver/Src/stm32f4xx_hal_rcc.o
                0x080036b8                HAL_RCC_GetSysClockFreq
 .text.HAL_RCC_GetHCLKFreq
                0x08003844       0x18 ./Drivers/STM32F4xx_HAL_Driver/Src/stm32f4xx_hal_rcc.o
                0x08003844                HAL_RCC_GetHCLKFreq
 .text.HAL_RCC_GetPCLK1Freq
                0x0800385c       0x28 ./Drivers/STM32F4xx_HAL_Driver/Src/stm32f4xx_hal_rcc.o
                0x0800385c                HAL_RCC_GetPCLK1Freq
 .text.HAL_RCC_GetPCLK2Freq
                0x08003884       0x28 ./Drivers/STM32F4xx_HAL_Driver/Src/stm32f4xx_hal_rcc.o
                0x08003884                HAL_RCC_GetPCLK2Freq
 .text.HAL_HalfDuplex_Init
                0x080038ac       0xb0 ./Drivers/STM32F4xx_HAL_Driver/Src/stm32f4xx_hal_uart.o
                0x080038ac                HAL_HalfDuplex_Init
 .text.HAL_UART_Transmit
                0x0800395c      0x116 ./Drivers/STM32F4xx_HAL_Driver/Src/stm32f4xx_hal_uart.o
                0x0800395c                HAL_UART_Transmit
 .text.HAL_UART_Receive
                0x08003a72      0x12e ./Drivers/STM32F4xx_HAL_Driver/Src/stm32f4xx_hal_uart.o
                0x08003a72                HAL_UART_Receive
 .text.UART_WaitOnFlagUntilTimeout
                0x08003ba0       0xb2 ./Drivers/STM32F4xx_HAL_Driver/Src/stm32f4xx_hal_uart.o
 .text.UART_EndRxTransfer
                0x08003c52       0xc6 ./Drivers/STM32F4xx_HAL_Driver/Src/stm32f4xx_hal_uart.o
 .text.UART_SetConfig
                0x08003d18      0x4e8 ./Drivers/STM32F4xx_HAL_Driver/Src/stm32f4xx_hal_uart.o
 .text.rand     0x08004200       0x7c D:/CubeIDE/STM32CubeIDE_1.12.0/STM32CubeIDE/plugins/com.st.stm32cube.ide.mcu.externaltools.gnu-tools-for-stm32.12.3.rel1.win32_1.0.200.202406191623/tools/bin/../lib/gcc/arm-none-eabi/12.3.1/../../../../arm-none-eabi/lib/thumb/v7e-m+fp/hard\libc_nano.a(libc_a-rand.o)
                0x08004200                rand
 .text.std      0x0800427c       0x6c D:/CubeIDE/STM32CubeIDE_1.12.0/STM32CubeIDE/plugins/com.st.stm32cube.ide.mcu.externaltools.gnu-tools-for-stm32.12.3.rel1.win32_1.0.200.202406191623/tools/bin/../lib/gcc/arm-none-eabi/12.3.1/../../../../arm-none-eabi/lib/thumb/v7e-m+fp/hard\libc_nano.a(libc_a-findfp.o)
 .text.stdio_exit_handler
                0x080042e8       0x18 D:/CubeIDE/STM32CubeIDE_1.12.0/STM32CubeIDE/plugins/com.st.stm32cube.ide.mcu.externaltools.gnu-tools-for-stm32.12.3.rel1.win32_1.0.200.202406191623/tools/bin/../lib/gcc/arm-none-eabi/12.3.1/../../../../arm-none-eabi/lib/thumb/v7e-m+fp/hard\libc_nano.a(libc_a-findfp.o)
 .text.cleanup_stdio
                0x08004300       0x40 D:/CubeIDE/STM32CubeIDE_1.12.0/STM32CubeIDE/plugins/com.st.stm32cube.ide.mcu.externaltools.gnu-tools-for-stm32.12.3.rel1.win32_1.0.200.202406191623/tools/bin/../lib/gcc/arm-none-eabi/12.3.1/../../../../arm-none-eabi/lib/thumb/v7e-m+fp/hard\libc_nano.a(libc_a-findfp.o)
 .text.global_stdio_init.part.0
                0x08004340       0x3c D:/CubeIDE/STM32CubeIDE_1.12.0/STM32CubeIDE/plugins/com.st.stm32cube.ide.mcu.externaltools.gnu-tools-for-stm32.12.3.rel1.win32_1.0.200.202406191623/tools/bin/../lib/gcc/arm-none-eabi/12.3.1/../../../../arm-none-eabi/lib/thumb/v7e-m+fp/hard\libc_nano.a(libc_a-findfp.o)
 .text.__sfp_lock_acquire
                0x0800437c        0xc D:/CubeIDE/STM32CubeIDE_1.12.0/STM32CubeIDE/plugins/com.st.stm32cube.ide.mcu.externaltools.gnu-tools-for-stm32.12.3.rel1.win32_1.0.200.202406191623/tools/bin/../lib/gcc/arm-none-eabi/12.3.1/../../../../arm-none-eabi/lib/thumb/v7e-m+fp/hard\libc_nano.a(libc_a-findfp.o)
                0x0800437c                __sfp_lock_acquire
 .text.__sfp_lock_release
                0x08004388        0xc D:/CubeIDE/STM32CubeIDE_1.12.0/STM32CubeIDE/plugins/com.st.stm32cube.ide.mcu.externaltools.gnu-tools-for-stm32.12.3.rel1.win32_1.0.200.202406191623/tools/bin/../lib/gcc/arm-none-eabi/12.3.1/../../../../arm-none-eabi/lib/thumb/v7e-m+fp/hard\libc_nano.a(libc_a-findfp.o)
                0x08004388                __sfp_lock_release
 .text.__sinit  0x08004394       0x30 D:/CubeIDE/STM32CubeIDE_1.12.0/STM32CubeIDE/plugins/com.st.stm32cube.ide.mcu.externaltools.gnu-tools-for-stm32.12.3.rel1.win32_1.0.200.202406191623/tools/bin/../lib/gcc/arm-none-eabi/12.3.1/../../../../arm-none-eabi/lib/thumb/v7e-m+fp/hard\libc_nano.a(libc_a-findfp.o)
                0x08004394                __sinit
 .text._fwalk_sglue
                0x080043c4       0x3c D:/CubeIDE/STM32CubeIDE_1.12.0/STM32CubeIDE/plugins/com.st.stm32cube.ide.mcu.externaltools.gnu-tools-for-stm32.12.3.rel1.win32_1.0.200.202406191623/tools/bin/../lib/gcc/arm-none-eabi/12.3.1/../../../../arm-none-eabi/lib/thumb/v7e-m+fp/hard\libc_nano.a(libc_a-fwalk.o)
                0x080043c4                _fwalk_sglue
 .text.__sread  0x08004400       0x22 D:/CubeIDE/STM32CubeIDE_1.12.0/STM32CubeIDE/plugins/com.st.stm32cube.ide.mcu.externaltools.gnu-tools-for-stm32.12.3.rel1.win32_1.0.200.202406191623/tools/bin/../lib/gcc/arm-none-eabi/12.3.1/../../../../arm-none-eabi/lib/thumb/v7e-m+fp/hard\libc_nano.a(libc_a-stdio.o)
                0x08004400                __sread
 .text.__swrite
                0x08004422       0x38 D:/CubeIDE/STM32CubeIDE_1.12.0/STM32CubeIDE/plugins/com.st.stm32cube.ide.mcu.externaltools.gnu-tools-for-stm32.12.3.rel1.win32_1.0.200.202406191623/tools/bin/../lib/gcc/arm-none-eabi/12.3.1/../../../../arm-none-eabi/lib/thumb/v7e-m+fp/hard\libc_nano.a(libc_a-stdio.o)
                0x08004422                __swrite
 .text.__sseek  0x0800445a       0x24 D:/CubeIDE/STM32CubeIDE_1.12.0/STM32CubeIDE/plugins/com.st.stm32cube.ide.mcu.externaltools.gnu-tools-for-stm32.12.3.rel1.win32_1.0.200.202406191623/tools/bin/../lib/gcc/arm-none-eabi/12.3.1/../../../../arm-none-eabi/lib/thumb/v7e-m+fp/hard\libc_nano.a(libc_a-stdio.o)
                0x0800445a                __sseek
 .text.__sclose
                0x0800447e        0x8 D:/CubeIDE/STM32CubeIDE_1.12.0/STM32CubeIDE/plugins/com.st.stm32cube.ide.mcu.externaltools.gnu-tools-for-stm32.12.3.rel1.win32_1.0.200.202406191623/tools/bin/../lib/gcc/arm-none-eabi/12.3.1/../../../../arm-none-eabi/lib/thumb/v7e-m+fp/hard\libc_nano.a(libc_a-stdio.o)
                0x0800447e                __sclose
 .text.memset   0x08004486       0x10 D:/CubeIDE/STM32CubeIDE_1.12.0/STM32CubeIDE/plugins/com.st.stm32cube.ide.mcu.externaltools.gnu-tools-for-stm32.12.3.rel1.win32_1.0.200.202406191623/tools/bin/../lib/gcc/arm-none-eabi/12.3.1/../../../../arm-none-eabi/lib/thumb/v7e-m+fp/hard\libc_nano.a(libc_a-memset.o)
                0x08004486                memset
 *fill*         0x08004496        0x2 
 .text._close_r
                0x08004498       0x20 D:/CubeIDE/STM32CubeIDE_1.12.0/STM32CubeIDE/plugins/com.st.stm32cube.ide.mcu.externaltools.gnu-tools-for-stm32.12.3.rel1.win32_1.0.200.202406191623/tools/bin/../lib/gcc/arm-none-eabi/12.3.1/../../../../arm-none-eabi/lib/thumb/v7e-m+fp/hard\libc_nano.a(libc_a-closer.o)
                0x08004498                _close_r
 .text._lseek_r
                0x080044b8       0x24 D:/CubeIDE/STM32CubeIDE_1.12.0/STM32CubeIDE/plugins/com.st.stm32cube.ide.mcu.externaltools.gnu-tools-for-stm32.12.3.rel1.win32_1.0.200.202406191623/tools/bin/../lib/gcc/arm-none-eabi/12.3.1/../../../../arm-none-eabi/lib/thumb/v7e-m+fp/hard\libc_nano.a(libc_a-lseekr.o)
                0x080044b8                _lseek_r
 .text._read_r  0x080044dc       0x24 D:/CubeIDE/STM32CubeIDE_1.12.0/STM32CubeIDE/plugins/com.st.stm32cube.ide.mcu.externaltools.gnu-tools-for-stm32.12.3.rel1.win32_1.0.200.202406191623/tools/bin/../lib/gcc/arm-none-eabi/12.3.1/../../../../arm-none-eabi/lib/thumb/v7e-m+fp/hard\libc_nano.a(libc_a-readr.o)
                0x080044dc                _read_r
 .text._write_r
                0x08004500       0x24 D:/CubeIDE/STM32CubeIDE_1.12.0/STM32CubeIDE/plugins/com.st.stm32cube.ide.mcu.externaltools.gnu-tools-for-stm32.12.3.rel1.win32_1.0.200.202406191623/tools/bin/../lib/gcc/arm-none-eabi/12.3.1/../../../../arm-none-eabi/lib/thumb/v7e-m+fp/hard\libc_nano.a(libc_a-writer.o)
                0x08004500                _write_r
 .text.__errno  0x08004524        0xc D:/CubeIDE/STM32CubeIDE_1.12.0/STM32CubeIDE/plugins/com.st.stm32cube.ide.mcu.externaltools.gnu-tools-for-stm32.12.3.rel1.win32_1.0.200.202406191623/tools/bin/../lib/gcc/arm-none-eabi/12.3.1/../../../../arm-none-eabi/lib/thumb/v7e-m+fp/hard\libc_nano.a(libc_a-errno.o)
                0x08004524                __errno
 .text.__libc_init_array
                0x08004530       0x48 D:/CubeIDE/STM32CubeIDE_1.12.0/STM32CubeIDE/plugins/com.st.stm32cube.ide.mcu.externaltools.gnu-tools-for-stm32.12.3.rel1.win32_1.0.200.202406191623/tools/bin/../lib/gcc/arm-none-eabi/12.3.1/../../../../arm-none-eabi/lib/thumb/v7e-m+fp/hard\libc_nano.a(libc_a-init.o)
                0x08004530                __libc_init_array
 .text.__retarget_lock_init_recursive
                0x08004578        0x2 D:/CubeIDE/STM32CubeIDE_1.12.0/STM32CubeIDE/plugins/com.st.stm32cube.ide.mcu.externaltools.gnu-tools-for-stm32.12.3.rel1.win32_1.0.200.202406191623/tools/bin/../lib/gcc/arm-none-eabi/12.3.1/../../../../arm-none-eabi/lib/thumb/v7e-m+fp/hard\libc_nano.a(libc_a-lock.o)
                0x08004578                __retarget_lock_init_recursive
 .text.__retarget_lock_acquire_recursive
                0x0800457a        0x2 D:/CubeIDE/STM32CubeIDE_1.12.0/STM32CubeIDE/plugins/com.st.stm32cube.ide.mcu.externaltools.gnu-tools-for-stm32.12.3.rel1.win32_1.0.200.202406191623/tools/bin/../lib/gcc/arm-none-eabi/12.3.1/../../../../arm-none-eabi/lib/thumb/v7e-m+fp/hard\libc_nano.a(libc_a-lock.o)
                0x0800457a                __retarget_lock_acquire_recursive
 .text.__retarget_lock_release_recursive
                0x0800457c        0x2 D:/CubeIDE/STM32CubeIDE_1.12.0/STM32CubeIDE/plugins/com.st.stm32cube.ide.mcu.externaltools.gnu-tools-for-stm32.12.3.rel1.win32_1.0.200.202406191623/tools/bin/../lib/gcc/arm-none-eabi/12.3.1/../../../../arm-none-eabi/lib/thumb/v7e-m+fp/hard\libc_nano.a(libc_a-lock.o)
                0x0800457c                __retarget_lock_release_recursive
 *fill*         0x0800457e        0x2 
 .text.__assert_func
                0x08004580       0x3c D:/CubeIDE/STM32CubeIDE_1.12.0/STM32CubeIDE/plugins/com.st.stm32cube.ide.mcu.externaltools.gnu-tools-for-stm32.12.3.rel1.win32_1.0.200.202406191623/tools/bin/../lib/gcc/arm-none-eabi/12.3.1/../../../../arm-none-eabi/lib/thumb/v7e-m+fp/hard\libc_nano.a(libc_a-assert.o)
                0x08004580                __assert_func
 .text._free_r  0x080045bc       0x94 D:/CubeIDE/STM32CubeIDE_1.12.0/STM32CubeIDE/plugins/com.st.stm32cube.ide.mcu.externaltools.gnu-tools-for-stm32.12.3.rel1.win32_1.0.200.202406191623/tools/bin/../lib/gcc/arm-none-eabi/12.3.1/../../../../arm-none-eabi/lib/thumb/v7e-m+fp/hard\libc_nano.a(libc_a-freer.o)
                0x080045bc                _free_r
 .text.malloc   0x08004650       0x10 D:/CubeIDE/STM32CubeIDE_1.12.0/STM32CubeIDE/plugins/com.st.stm32cube.ide.mcu.externaltools.gnu-tools-for-stm32.12.3.rel1.win32_1.0.200.202406191623/tools/bin/../lib/gcc/arm-none-eabi/12.3.1/../../../../arm-none-eabi/lib/thumb/v7e-m+fp/hard\libc_nano.a(libc_a-malloc.o)
                0x08004650                malloc
 .text.sbrk_aligned
                0x08004660       0x44 D:/CubeIDE/STM32CubeIDE_1.12.0/STM32CubeIDE/plugins/com.st.stm32cube.ide.mcu.externaltools.gnu-tools-for-stm32.12.3.rel1.win32_1.0.200.202406191623/tools/bin/../lib/gcc/arm-none-eabi/12.3.1/../../../../arm-none-eabi/lib/thumb/v7e-m+fp/hard\libc_nano.a(libc_a-mallocr.o)
 .text._malloc_r
                0x080046a4      0x100 D:/CubeIDE/STM32CubeIDE_1.12.0/STM32CubeIDE/plugins/com.st.stm32cube.ide.mcu.externaltools.gnu-tools-for-stm32.12.3.rel1.win32_1.0.200.202406191623/tools/bin/../lib/gcc/arm-none-eabi/12.3.1/../../../../arm-none-eabi/lib/thumb/v7e-m+fp/hard\libc_nano.a(libc_a-mallocr.o)
                0x080046a4                _malloc_r
 .text.__malloc_lock
                0x080047a4        0xc D:/CubeIDE/STM32CubeIDE_1.12.0/STM32CubeIDE/plugins/com.st.stm32cube.ide.mcu.externaltools.gnu-tools-for-stm32.12.3.rel1.win32_1.0.200.202406191623/tools/bin/../lib/gcc/arm-none-eabi/12.3.1/../../../../arm-none-eabi/lib/thumb/v7e-m+fp/hard\libc_nano.a(libc_a-mlock.o)
                0x080047a4                __malloc_lock
 .text.__malloc_unlock
                0x080047b0        0xc D:/CubeIDE/STM32CubeIDE_1.12.0/STM32CubeIDE/plugins/com.st.stm32cube.ide.mcu.externaltools.gnu-tools-for-stm32.12.3.rel1.win32_1.0.200.202406191623/tools/bin/../lib/gcc/arm-none-eabi/12.3.1/../../../../arm-none-eabi/lib/thumb/v7e-m+fp/hard\libc_nano.a(libc_a-mlock.o)
                0x080047b0                __malloc_unlock
 .text.__sflush_r
                0x080047bc      0x108 D:/CubeIDE/STM32CubeIDE_1.12.0/STM32CubeIDE/plugins/com.st.stm32cube.ide.mcu.externaltools.gnu-tools-for-stm32.12.3.rel1.win32_1.0.200.202406191623/tools/bin/../lib/gcc/arm-none-eabi/12.3.1/../../../../arm-none-eabi/lib/thumb/v7e-m+fp/hard\libc_nano.a(libc_a-fflush.o)
                0x080047bc                __sflush_r
 .text._fflush_r
                0x080048c4       0x50 D:/CubeIDE/STM32CubeIDE_1.12.0/STM32CubeIDE/plugins/com.st.stm32cube.ide.mcu.externaltools.gnu-tools-for-stm32.12.3.rel1.win32_1.0.200.202406191623/tools/bin/../lib/gcc/arm-none-eabi/12.3.1/../../../../arm-none-eabi/lib/thumb/v7e-m+fp/hard\libc_nano.a(libc_a-fflush.o)
                0x080048c4                _fflush_r
 .text.fprintf  0x08004914       0x24 D:/CubeIDE/STM32CubeIDE_1.12.0/STM32CubeIDE/plugins/com.st.stm32cube.ide.mcu.externaltools.gnu-tools-for-stm32.12.3.rel1.win32_1.0.200.202406191623/tools/bin/../lib/gcc/arm-none-eabi/12.3.1/../../../../arm-none-eabi/lib/thumb/v7e-m+fp/hard\libc_nano.a(libc_a-fprintf.o)
                0x08004914                fiprintf
                0x08004914                fprintf
 .text._sbrk_r  0x08004938       0x20 D:/CubeIDE/STM32CubeIDE_1.12.0/STM32CubeIDE/plugins/com.st.stm32cube.ide.mcu.externaltools.gnu-tools-for-stm32.12.3.rel1.win32_1.0.200.202406191623/tools/bin/../lib/gcc/arm-none-eabi/12.3.1/../../../../arm-none-eabi/lib/thumb/v7e-m+fp/hard\libc_nano.a(libc_a-sbrkr.o)
                0x08004938                _sbrk_r
 .text.abort    0x08004958        0xe D:/CubeIDE/STM32CubeIDE_1.12.0/STM32CubeIDE/plugins/com.st.stm32cube.ide.mcu.externaltools.gnu-tools-for-stm32.12.3.rel1.win32_1.0.200.202406191623/tools/bin/../lib/gcc/arm-none-eabi/12.3.1/../../../../arm-none-eabi/lib/thumb/v7e-m+fp/hard\libc_nano.a(libc_a-abort.o)
                0x08004958                abort
 .text.__sfputc_r
                0x08004966       0x2e D:/CubeIDE/STM32CubeIDE_1.12.0/STM32CubeIDE/plugins/com.st.stm32cube.ide.mcu.externaltools.gnu-tools-for-stm32.12.3.rel1.win32_1.0.200.202406191623/tools/bin/../lib/gcc/arm-none-eabi/12.3.1/../../../../arm-none-eabi/lib/thumb/v7e-m+fp/hard\libc_nano.a(libc_a-nano-vfprintf.o)
 .text.__sfputs_r
                0x08004994       0x24 D:/CubeIDE/STM32CubeIDE_1.12.0/STM32CubeIDE/plugins/com.st.stm32cube.ide.mcu.externaltools.gnu-tools-for-stm32.12.3.rel1.win32_1.0.200.202406191623/tools/bin/../lib/gcc/arm-none-eabi/12.3.1/../../../../arm-none-eabi/lib/thumb/v7e-m+fp/hard\libc_nano.a(libc_a-nano-vfprintf.o)
                0x08004994                __sfputs_r
 .text._vfprintf_r
                0x080049b8      0x230 D:/CubeIDE/STM32CubeIDE_1.12.0/STM32CubeIDE/plugins/com.st.stm32cube.ide.mcu.externaltools.gnu-tools-for-stm32.12.3.rel1.win32_1.0.200.202406191623/tools/bin/../lib/gcc/arm-none-eabi/12.3.1/../../../../arm-none-eabi/lib/thumb/v7e-m+fp/hard\libc_nano.a(libc_a-nano-vfprintf.o)
                0x080049b8                _vfprintf_r
                0x080049b8                _vfiprintf_r
 .text._printf_common
                0x08004be8       0xda D:/CubeIDE/STM32CubeIDE_1.12.0/STM32CubeIDE/plugins/com.st.stm32cube.ide.mcu.externaltools.gnu-tools-for-stm32.12.3.rel1.win32_1.0.200.202406191623/tools/bin/../lib/gcc/arm-none-eabi/12.3.1/../../../../arm-none-eabi/lib/thumb/v7e-m+fp/hard\libc_nano.a(libc_a-nano-vfprintf_i.o)
                0x08004be8                _printf_common
 *fill*         0x08004cc2        0x2 
 .text._printf_i
                0x08004cc4      0x240 D:/CubeIDE/STM32CubeIDE_1.12.0/STM32CubeIDE/plugins/com.st.stm32cube.ide.mcu.externaltools.gnu-tools-for-stm32.12.3.rel1.win32_1.0.200.202406191623/tools/bin/../lib/gcc/arm-none-eabi/12.3.1/../../../../arm-none-eabi/lib/thumb/v7e-m+fp/hard\libc_nano.a(libc_a-nano-vfprintf_i.o)
                0x08004cc4                _printf_i
 .text.__swbuf_r
                0x08004f04       0x7c D:/CubeIDE/STM32CubeIDE_1.12.0/STM32CubeIDE/plugins/com.st.stm32cube.ide.mcu.externaltools.gnu-tools-for-stm32.12.3.rel1.win32_1.0.200.202406191623/tools/bin/../lib/gcc/arm-none-eabi/12.3.1/../../../../arm-none-eabi/lib/thumb/v7e-m+fp/hard\libc_nano.a(libc_a-wbuf.o)
                0x08004f04                __swbuf_r
 .text.__swsetup_r
                0x08004f80       0xac D:/CubeIDE/STM32CubeIDE_1.12.0/STM32CubeIDE/plugins/com.st.stm32cube.ide.mcu.externaltools.gnu-tools-for-stm32.12.3.rel1.win32_1.0.200.202406191623/tools/bin/../lib/gcc/arm-none-eabi/12.3.1/../../../../arm-none-eabi/lib/thumb/v7e-m+fp/hard\libc_nano.a(libc_a-wsetup.o)
                0x08004f80                __swsetup_r
 .text._raise_r
                0x0800502c       0x50 D:/CubeIDE/STM32CubeIDE_1.12.0/STM32CubeIDE/plugins/com.st.stm32cube.ide.mcu.externaltools.gnu-tools-for-stm32.12.3.rel1.win32_1.0.200.202406191623/tools/bin/../lib/gcc/arm-none-eabi/12.3.1/../../../../arm-none-eabi/lib/thumb/v7e-m+fp/hard\libc_nano.a(libc_a-signal.o)
                0x0800502c                _raise_r
 .text.raise    0x0800507c       0x10 D:/CubeIDE/STM32CubeIDE_1.12.0/STM32CubeIDE/plugins/com.st.stm32cube.ide.mcu.externaltools.gnu-tools-for-stm32.12.3.rel1.win32_1.0.200.202406191623/tools/bin/../lib/gcc/arm-none-eabi/12.3.1/../../../../arm-none-eabi/lib/thumb/v7e-m+fp/hard\libc_nano.a(libc_a-signal.o)
                0x0800507c                raise
 .text._kill_r  0x0800508c       0x24 D:/CubeIDE/STM32CubeIDE_1.12.0/STM32CubeIDE/plugins/com.st.stm32cube.ide.mcu.externaltools.gnu-tools-for-stm32.12.3.rel1.win32_1.0.200.202406191623/tools/bin/../lib/gcc/arm-none-eabi/12.3.1/../../../../arm-none-eabi/lib/thumb/v7e-m+fp/hard\libc_nano.a(libc_a-signalr.o)
                0x0800508c                _kill_r
 .text._getpid_r
                0x080050b0        0x4 D:/CubeIDE/STM32CubeIDE_1.12.0/STM32CubeIDE/plugins/com.st.stm32cube.ide.mcu.externaltools.gnu-tools-for-stm32.12.3.rel1.win32_1.0.200.202406191623/tools/bin/../lib/gcc/arm-none-eabi/12.3.1/../../../../arm-none-eabi/lib/thumb/v7e-m+fp/hard\libc_nano.a(libc_a-signalr.o)
                0x080050b0                _getpid_r
 .text.__swhatbuf_r
                0x080050b4       0x4c D:/CubeIDE/STM32CubeIDE_1.12.0/STM32CubeIDE/plugins/com.st.stm32cube.ide.mcu.externaltools.gnu-tools-for-stm32.12.3.rel1.win32_1.0.200.202406191623/tools/bin/../lib/gcc/arm-none-eabi/12.3.1/../../../../arm-none-eabi/lib/thumb/v7e-m+fp/hard\libc_nano.a(libc_a-makebuf.o)
                0x080050b4                __swhatbuf_r
 .text.__smakebuf_r
                0x08005100       0x78 D:/CubeIDE/STM32CubeIDE_1.12.0/STM32CubeIDE/plugins/com.st.stm32cube.ide.mcu.externaltools.gnu-tools-for-stm32.12.3.rel1.win32_1.0.200.202406191623/tools/bin/../lib/gcc/arm-none-eabi/12.3.1/../../../../arm-none-eabi/lib/thumb/v7e-m+fp/hard\libc_nano.a(libc_a-makebuf.o)
                0x08005100                __smakebuf_r
 .text._fstat_r
                0x08005178       0x24 D:/CubeIDE/STM32CubeIDE_1.12.0/STM32CubeIDE/plugins/com.st.stm32cube.ide.mcu.externaltools.gnu-tools-for-stm32.12.3.rel1.win32_1.0.200.202406191623/tools/bin/../lib/gcc/arm-none-eabi/12.3.1/../../../../arm-none-eabi/lib/thumb/v7e-m+fp/hard\libc_nano.a(libc_a-fstatr.o)
                0x08005178                _fstat_r
 .text._isatty_r
                0x0800519c       0x20 D:/CubeIDE/STM32CubeIDE_1.12.0/STM32CubeIDE/plugins/com.st.stm32cube.ide.mcu.externaltools.gnu-tools-for-stm32.12.3.rel1.win32_1.0.200.202406191623/tools/bin/../lib/gcc/arm-none-eabi/12.3.1/../../../../arm-none-eabi/lib/thumb/v7e-m+fp/hard\libc_nano.a(libc_a-isattyr.o)
                0x0800519c                _isatty_r
 *(.glue_7)
 .glue_7        0x080051bc        0x0 linker stubs
 *(.glue_7t)
 .glue_7t       0x080051bc        0x0 linker stubs
 *(.eh_frame)
 .eh_frame      0x080051bc        0x0 D:/CubeIDE/STM32CubeIDE_1.12.0/STM32CubeIDE/plugins/com.st.stm32cube.ide.mcu.externaltools.gnu-tools-for-stm32.12.3.rel1.win32_1.0.200.202406191623/tools/bin/../lib/gcc/arm-none-eabi/12.3.1/thumb/v7e-m+fp/hard/crtbegin.o
 *(.init)
 .init          0x080051bc        0x4 D:/CubeIDE/STM32CubeIDE_1.12.0/STM32CubeIDE/plugins/com.st.stm32cube.ide.mcu.externaltools.gnu-tools-for-stm32.12.3.rel1.win32_1.0.200.202406191623/tools/bin/../lib/gcc/arm-none-eabi/12.3.1/thumb/v7e-m+fp/hard/crti.o
                0x080051bc                _init
 .init          0x080051c0        0x8 D:/CubeIDE/STM32CubeIDE_1.12.0/STM32CubeIDE/plugins/com.st.stm32cube.ide.mcu.externaltools.gnu-tools-for-stm32.12.3.rel1.win32_1.0.200.202406191623/tools/bin/../lib/gcc/arm-none-eabi/12.3.1/thumb/v7e-m+fp/hard/crtn.o
 *(.fini)
 .fini          0x080051c8        0x4 D:/CubeIDE/STM32CubeIDE_1.12.0/STM32CubeIDE/plugins/com.st.stm32cube.ide.mcu.externaltools.gnu-tools-for-stm32.12.3.rel1.win32_1.0.200.202406191623/tools/bin/../lib/gcc/arm-none-eabi/12.3.1/thumb/v7e-m+fp/hard/crti.o
                0x080051c8                _fini
 .fini          0x080051cc        0x8 D:/CubeIDE/STM32CubeIDE_1.12.0/STM32CubeIDE/plugins/com.st.stm32cube.ide.mcu.externaltools.gnu-tools-for-stm32.12.3.rel1.win32_1.0.200.202406191623/tools/bin/../lib/gcc/arm-none-eabi/12.3.1/thumb/v7e-m+fp/hard/crtn.o
                0x080051d4                        . = ALIGN (0x4)
                0x080051d4                        _etext = .

.vfp11_veneer   0x080051d4        0x0
 .vfp11_veneer  0x080051d4        0x0 linker stubs

.v4_bx          0x080051d4        0x0
 .v4_bx         0x080051d4        0x0 linker stubs

.iplt           0x080051d4        0x0
 .iplt          0x080051d4        0x0 D:/CubeIDE/STM32CubeIDE_1.12.0/STM32CubeIDE/plugins/com.st.stm32cube.ide.mcu.externaltools.gnu-tools-for-stm32.12.3.rel1.win32_1.0.200.202406191623/tools/bin/../lib/gcc/arm-none-eabi/12.3.1/thumb/v7e-m+fp/hard/crtbegin.o

.rodata         0x080051d4      0x2b8
                0x080051d4                        . = ALIGN (0x4)
 *(.rodata)
 .rodata        0x080051d4       0x29 ./Core/Src/lcd1602_i2c_lib.o
 *fill*         0x080051fd        0x3 
 .rodata        0x08005200       0x2f ./Core/Src/main.o
 *fill*         0x0800522f        0x1 
 .rodata        0x08005230       0x64 ./Core/Src/menu.o
 *(.rodata*)
 .rodata.Data_1
                0x08005294       0x40 ./Core/Src/menu.o
                0x08005294                Data_1
 .rodata.Data_2
                0x080052d4       0x40 ./Core/Src/menu.o
                0x080052d4                Data_2
 .rodata.Data_3
                0x08005314       0x40 ./Core/Src/menu.o
                0x08005314                Data_3
 .rodata.Data_4
                0x08005354       0x40 ./Core/Src/menu.o
                0x08005354                Data_4
 .rodata.AHBPrescTable
                0x08005394       0x10 ./Core/Src/system_stm32f4xx.o
                0x08005394                AHBPrescTable
 .rodata.APBPrescTable
                0x080053a4        0x8 ./Core/Src/system_stm32f4xx.o
                0x080053a4                APBPrescTable
 .rodata.srand.str1.1
                0x080053ac       0x6f D:/CubeIDE/STM32CubeIDE_1.12.0/STM32CubeIDE/plugins/com.st.stm32cube.ide.mcu.externaltools.gnu-tools-for-stm32.12.3.rel1.win32_1.0.200.202406191623/tools/bin/../lib/gcc/arm-none-eabi/12.3.1/../../../../arm-none-eabi/lib/thumb/v7e-m+fp/hard\libc_nano.a(libc_a-rand.o)
 .rodata.__assert_func.str1.1
                0x0800541b       0x3c D:/CubeIDE/STM32CubeIDE_1.12.0/STM32CubeIDE/plugins/com.st.stm32cube.ide.mcu.externaltools.gnu-tools-for-stm32.12.3.rel1.win32_1.0.200.202406191623/tools/bin/../lib/gcc/arm-none-eabi/12.3.1/../../../../arm-none-eabi/lib/thumb/v7e-m+fp/hard\libc_nano.a(libc_a-assert.o)
                                 0x3d (size before relaxing)
 .rodata._vfprintf_r.str1.1
                0x08005457       0x11 D:/CubeIDE/STM32CubeIDE_1.12.0/STM32CubeIDE/plugins/com.st.stm32cube.ide.mcu.externaltools.gnu-tools-for-stm32.12.3.rel1.win32_1.0.200.202406191623/tools/bin/../lib/gcc/arm-none-eabi/12.3.1/../../../../arm-none-eabi/lib/thumb/v7e-m+fp/hard\libc_nano.a(libc_a-nano-vfprintf.o)
 .rodata._printf_i.str1.1
                0x08005468       0x22 D:/CubeIDE/STM32CubeIDE_1.12.0/STM32CubeIDE/plugins/com.st.stm32cube.ide.mcu.externaltools.gnu-tools-for-stm32.12.3.rel1.win32_1.0.200.202406191623/tools/bin/../lib/gcc/arm-none-eabi/12.3.1/../../../../arm-none-eabi/lib/thumb/v7e-m+fp/hard\libc_nano.a(libc_a-nano-vfprintf_i.o)
                0x0800548c                        . = ALIGN (0x4)
 *fill*         0x0800548a        0x2 

.ARM.extab      0x0800548c        0x0
                0x0800548c                        . = ALIGN (0x4)
 *(.ARM.extab* .gnu.linkonce.armextab.*)
                0x0800548c                        . = ALIGN (0x4)

.ARM            0x0800548c        0x8
                0x0800548c                        . = ALIGN (0x4)
                0x0800548c                        __exidx_start = .
 *(.ARM.exidx*)
 .ARM.exidx     0x0800548c        0x8 D:/CubeIDE/STM32CubeIDE_1.12.0/STM32CubeIDE/plugins/com.st.stm32cube.ide.mcu.externaltools.gnu-tools-for-stm32.12.3.rel1.win32_1.0.200.202406191623/tools/bin/../lib/gcc/arm-none-eabi/12.3.1/../../../../arm-none-eabi/lib/thumb/v7e-m+fp/hard\libc_nano.a(libc_a-strlen.o)
 .ARM.exidx     0x08005494        0x0 D:/CubeIDE/STM32CubeIDE_1.12.0/STM32CubeIDE/plugins/com.st.stm32cube.ide.mcu.externaltools.gnu-tools-for-stm32.12.3.rel1.win32_1.0.200.202406191623/tools/bin/../lib/gcc/arm-none-eabi/12.3.1/../../../../arm-none-eabi/lib/thumb/v7e-m+fp/hard\libc_nano.a(libc_a-memchr.o)
                                  0x8 (size before relaxing)
 .ARM.exidx     0x08005494        0x0 D:/CubeIDE/STM32CubeIDE_1.12.0/STM32CubeIDE/plugins/com.st.stm32cube.ide.mcu.externaltools.gnu-tools-for-stm32.12.3.rel1.win32_1.0.200.202406191623/tools/bin/../lib/gcc/arm-none-eabi/12.3.1/thumb/v7e-m+fp/hard\libgcc.a(_udivmoddi4.o)
                                  0x8 (size before relaxing)
                0x08005494                        __exidx_end = .
                0x08005494                        . = ALIGN (0x4)

.rel.dyn        0x08005494        0x0
 .rel.iplt      0x08005494        0x0 D:/CubeIDE/STM32CubeIDE_1.12.0/STM32CubeIDE/plugins/com.st.stm32cube.ide.mcu.externaltools.gnu-tools-for-stm32.12.3.rel1.win32_1.0.200.202406191623/tools/bin/../lib/gcc/arm-none-eabi/12.3.1/thumb/v7e-m+fp/hard/crtbegin.o

.preinit_array  0x08005494        0x0
                0x08005494                        . = ALIGN (0x4)
                0x08005494                        PROVIDE (__preinit_array_start = .)
 *(.preinit_array*)
                0x08005494                        PROVIDE (__preinit_array_end = .)
                0x08005494                        . = ALIGN (0x4)

.init_array     0x08005494        0x4
                0x08005494                        . = ALIGN (0x4)
                0x08005494                        PROVIDE (__init_array_start = .)
 *(SORT_BY_NAME(.init_array.*))
 *(.init_array*)
 .init_array    0x08005494        0x4 D:/CubeIDE/STM32CubeIDE_1.12.0/STM32CubeIDE/plugins/com.st.stm32cube.ide.mcu.externaltools.gnu-tools-for-stm32.12.3.rel1.win32_1.0.200.202406191623/tools/bin/../lib/gcc/arm-none-eabi/12.3.1/thumb/v7e-m+fp/hard/crtbegin.o
                0x08005498                        PROVIDE (__init_array_end = .)
                0x08005498                        . = ALIGN (0x4)

.fini_array     0x08005498        0x4
                0x08005498                        . = ALIGN (0x4)
                [!provide]                        PROVIDE (__fini_array_start = .)
 *(SORT_BY_NAME(.fini_array.*))
 *(.fini_array*)
 .fini_array    0x08005498        0x4 D:/CubeIDE/STM32CubeIDE_1.12.0/STM32CubeIDE/plugins/com.st.stm32cube.ide.mcu.externaltools.gnu-tools-for-stm32.12.3.rel1.win32_1.0.200.202406191623/tools/bin/../lib/gcc/arm-none-eabi/12.3.1/thumb/v7e-m+fp/hard/crtbegin.o
                [!provide]                        PROVIDE (__fini_array_end = .)
                0x0800549c                        . = ALIGN (0x4)
                0x0800549c                        _sidata = LOADADDR (.data)

.data           0x20000000       0x90 load address 0x0800549c
                0x20000000                        . = ALIGN (0x4)
                0x20000000                        _sdata = .
 *(.data)
 *(.data*)
 .data.writeScratch
                0x20000000        0x6 ./Core/Src/ds24b33.o
 *fill*         0x20000006        0x2 
 .data.readScratch
                0x20000008        0x6 ./Core/Src/ds24b33.o
 *fill*         0x2000000e        0x2 
 .data.copyScratch
                0x20000010        0x6 ./Core/Src/ds24b33.o
 *fill*         0x20000016        0x2 
 .data.readMemory
                0x20000018        0x6 ./Core/Src/ds24b33.o
 *fill*         0x2000001e        0x2 
 .data.readRom  0x20000020        0x6 ./Core/Src/ds24b33.o
 .data.backlight
                0x20000026        0x1 ./Core/Src/lcd1602_i2c_lib.o
                0x20000026                backlight
 *fill*         0x20000027        0x1 
 .data.SystemCoreClock
                0x20000028        0x4 ./Core/Src/system_stm32f4xx.o
                0x20000028                SystemCoreClock
 .data.uwTickPrio
                0x2000002c        0x4 ./Drivers/STM32F4xx_HAL_Driver/Src/stm32f4xx_hal.o
                0x2000002c                uwTickPrio
 .data.uwTickFreq
                0x20000030        0x1 ./Drivers/STM32F4xx_HAL_Driver/Src/stm32f4xx_hal.o
                0x20000030                uwTickFreq
 *fill*         0x20000031        0x3 
 .data.__sglue  0x20000034        0xc D:/CubeIDE/STM32CubeIDE_1.12.0/STM32CubeIDE/plugins/com.st.stm32cube.ide.mcu.externaltools.gnu-tools-for-stm32.12.3.rel1.win32_1.0.200.202406191623/tools/bin/../lib/gcc/arm-none-eabi/12.3.1/../../../../arm-none-eabi/lib/thumb/v7e-m+fp/hard\libc_nano.a(libc_a-findfp.o)
                0x20000034                __sglue
 .data._impure_ptr
                0x20000040        0x4 D:/CubeIDE/STM32CubeIDE_1.12.0/STM32CubeIDE/plugins/com.st.stm32cube.ide.mcu.externaltools.gnu-tools-for-stm32.12.3.rel1.win32_1.0.200.202406191623/tools/bin/../lib/gcc/arm-none-eabi/12.3.1/../../../../arm-none-eabi/lib/thumb/v7e-m+fp/hard\libc_nano.a(libc_a-impure.o)
                0x20000040                _impure_ptr
 .data._impure_data
                0x20000044       0x4c D:/CubeIDE/STM32CubeIDE_1.12.0/STM32CubeIDE/plugins/com.st.stm32cube.ide.mcu.externaltools.gnu-tools-for-stm32.12.3.rel1.win32_1.0.200.202406191623/tools/bin/../lib/gcc/arm-none-eabi/12.3.1/../../../../arm-none-eabi/lib/thumb/v7e-m+fp/hard\libc_nano.a(libc_a-impure.o)
                0x20000044                _impure_data
 *(.RamFunc)
 *(.RamFunc*)
                0x20000090                        . = ALIGN (0x4)
                0x20000090                        _edata = .

.igot.plt       0x20000090        0x0 load address 0x0800552c
 .igot.plt      0x20000090        0x0 D:/CubeIDE/STM32CubeIDE_1.12.0/STM32CubeIDE/plugins/com.st.stm32cube.ide.mcu.externaltools.gnu-tools-for-stm32.12.3.rel1.win32_1.0.200.202406191623/tools/bin/../lib/gcc/arm-none-eabi/12.3.1/thumb/v7e-m+fp/hard/crtbegin.o
                0x20000090                        . = ALIGN (0x4)

.bss            0x20000090      0x210 load address 0x0800552c
                0x20000090                        _sbss = .
                0x20000090                        __bss_start__ = _sbss
 *(.bss)
 .bss           0x20000090       0x1c D:/CubeIDE/STM32CubeIDE_1.12.0/STM32CubeIDE/plugins/com.st.stm32cube.ide.mcu.externaltools.gnu-tools-for-stm32.12.3.rel1.win32_1.0.200.202406191623/tools/bin/../lib/gcc/arm-none-eabi/12.3.1/thumb/v7e-m+fp/hard/crtbegin.o
 *(.bss*)
 .bss.hi2c1     0x200000ac       0x54 ./Core/Src/main.o
                0x200000ac                hi2c1
 .bss.huart6    0x20000100       0x48 ./Core/Src/main.o
                0x20000100                huart6
 .bss.layer     0x20000148        0x1 ./Core/Src/main.o
                0x20000148                layer
 .bss.button_status
                0x20000149        0x1 ./Core/Src/main.o
                0x20000149                button_status
 .bss.but       0x2000014a        0x1 ./Core/Src/main.o
                0x2000014a                but
 .bss.nested_menu_current_point
                0x2000014b        0x1 ./Core/Src/menu.o
                0x2000014b                nested_menu_current_point
 .bss.__sbrk_heap_end
                0x2000014c        0x4 ./Core/Src/sysmem.o
 .bss.uwTick    0x20000150        0x4 ./Drivers/STM32F4xx_HAL_Driver/Src/stm32f4xx_hal.o
                0x20000150                uwTick
 .bss.__sf      0x20000154      0x138 D:/CubeIDE/STM32CubeIDE_1.12.0/STM32CubeIDE/plugins/com.st.stm32cube.ide.mcu.externaltools.gnu-tools-for-stm32.12.3.rel1.win32_1.0.200.202406191623/tools/bin/../lib/gcc/arm-none-eabi/12.3.1/../../../../arm-none-eabi/lib/thumb/v7e-m+fp/hard\libc_nano.a(libc_a-findfp.o)
                0x20000154                __sf
 .bss.__stdio_exit_handler
                0x2000028c        0x4 D:/CubeIDE/STM32CubeIDE_1.12.0/STM32CubeIDE/plugins/com.st.stm32cube.ide.mcu.externaltools.gnu-tools-for-stm32.12.3.rel1.win32_1.0.200.202406191623/tools/bin/../lib/gcc/arm-none-eabi/12.3.1/../../../../arm-none-eabi/lib/thumb/v7e-m+fp/hard\libc_nano.a(libc_a-findfp.o)
                0x2000028c                __stdio_exit_handler
 .bss.errno     0x20000290        0x4 D:/CubeIDE/STM32CubeIDE_1.12.0/STM32CubeIDE/plugins/com.st.stm32cube.ide.mcu.externaltools.gnu-tools-for-stm32.12.3.rel1.win32_1.0.200.202406191623/tools/bin/../lib/gcc/arm-none-eabi/12.3.1/../../../../arm-none-eabi/lib/thumb/v7e-m+fp/hard\libc_nano.a(libc_a-reent.o)
                0x20000290                errno
 .bss.__lock___malloc_recursive_mutex
                0x20000294        0x1 D:/CubeIDE/STM32CubeIDE_1.12.0/STM32CubeIDE/plugins/com.st.stm32cube.ide.mcu.externaltools.gnu-tools-for-stm32.12.3.rel1.win32_1.0.200.202406191623/tools/bin/../lib/gcc/arm-none-eabi/12.3.1/../../../../arm-none-eabi/lib/thumb/v7e-m+fp/hard\libc_nano.a(libc_a-lock.o)
                0x20000294                __lock___malloc_recursive_mutex
 .bss.__lock___sfp_recursive_mutex
                0x20000295        0x1 D:/CubeIDE/STM32CubeIDE_1.12.0/STM32CubeIDE/plugins/com.st.stm32cube.ide.mcu.externaltools.gnu-tools-for-stm32.12.3.rel1.win32_1.0.200.202406191623/tools/bin/../lib/gcc/arm-none-eabi/12.3.1/../../../../arm-none-eabi/lib/thumb/v7e-m+fp/hard\libc_nano.a(libc_a-lock.o)
                0x20000295                __lock___sfp_recursive_mutex
 *fill*         0x20000296        0x2 
 .bss.__malloc_sbrk_start
                0x20000298        0x4 D:/CubeIDE/STM32CubeIDE_1.12.0/STM32CubeIDE/plugins/com.st.stm32cube.ide.mcu.externaltools.gnu-tools-for-stm32.12.3.rel1.win32_1.0.200.202406191623/tools/bin/../lib/gcc/arm-none-eabi/12.3.1/../../../../arm-none-eabi/lib/thumb/v7e-m+fp/hard\libc_nano.a(libc_a-mallocr.o)
                0x20000298                __malloc_sbrk_start
 .bss.__malloc_free_list
                0x2000029c        0x4 D:/CubeIDE/STM32CubeIDE_1.12.0/STM32CubeIDE/plugins/com.st.stm32cube.ide.mcu.externaltools.gnu-tools-for-stm32.12.3.rel1.win32_1.0.200.202406191623/tools/bin/../lib/gcc/arm-none-eabi/12.3.1/../../../../arm-none-eabi/lib/thumb/v7e-m+fp/hard\libc_nano.a(libc_a-mallocr.o)
                0x2000029c                __malloc_free_list
 *(COMMON)
                0x200002a0                        . = ALIGN (0x4)
                0x200002a0                        _ebss = .
                0x200002a0                        __bss_end__ = _ebss

._user_heap_stack
                0x200002a0      0x600 load address 0x0800552c
                0x200002a0                        . = ALIGN (0x8)
                [!provide]                        PROVIDE (end = .)
                0x200002a0                        PROVIDE (_end = .)
                0x200004a0                        . = (. + _Min_Heap_Size)
 *fill*         0x200002a0      0x200 
                0x200008a0                        . = (. + _Min_Stack_Size)
 *fill*         0x200004a0      0x400 
                0x200008a0                        . = ALIGN (0x8)

/DISCARD/
 libc.a(*)
 libm.a(*)
 libgcc.a(*)

.ARM.attributes
                0x00000000       0x30
 *(.ARM.attributes)
 .ARM.attributes
                0x00000000       0x22 D:/CubeIDE/STM32CubeIDE_1.12.0/STM32CubeIDE/plugins/com.st.stm32cube.ide.mcu.externaltools.gnu-tools-for-stm32.12.3.rel1.win32_1.0.200.202406191623/tools/bin/../lib/gcc/arm-none-eabi/12.3.1/thumb/v7e-m+fp/hard/crti.o
 .ARM.attributes
                0x00000022       0x34 D:/CubeIDE/STM32CubeIDE_1.12.0/STM32CubeIDE/plugins/com.st.stm32cube.ide.mcu.externaltools.gnu-tools-for-stm32.12.3.rel1.win32_1.0.200.202406191623/tools/bin/../lib/gcc/arm-none-eabi/12.3.1/thumb/v7e-m+fp/hard/crtbegin.o
 .ARM.attributes
                0x00000056       0x34 ./Core/Src/ds24b33.o
 .ARM.attributes
                0x0000008a       0x34 ./Core/Src/ds24b33_manage.o
 .ARM.attributes
                0x000000be       0x34 ./Core/Src/lcd1602_i2c_lib.o
 .ARM.attributes
                0x000000f2       0x34 ./Core/Src/main.o
 .ARM.attributes
                0x00000126       0x34 ./Core/Src/menu.o
 .ARM.attributes
                0x0000015a       0x34 ./Core/Src/onewire.o
 .ARM.attributes
                0x0000018e       0x34 ./Core/Src/stm32f4xx_hal_msp.o
 .ARM.attributes
                0x000001c2       0x34 ./Core/Src/stm32f4xx_it.o
 .ARM.attributes
                0x000001f6       0x34 ./Core/Src/syscalls.o
 .ARM.attributes
                0x0000022a       0x34 ./Core/Src/sysmem.o
 .ARM.attributes
                0x0000025e       0x34 ./Core/Src/system_stm32f4xx.o
 .ARM.attributes
                0x00000292       0x21 ./Core/Startup/startup_stm32f401ccux.o
 .ARM.attributes
                0x000002b3       0x34 ./Drivers/STM32F4xx_HAL_Driver/Src/stm32f4xx_hal.o
 .ARM.attributes
                0x000002e7       0x34 ./Drivers/STM32F4xx_HAL_Driver/Src/stm32f4xx_hal_cortex.o
 .ARM.attributes
                0x0000031b       0x34 ./Drivers/STM32F4xx_HAL_Driver/Src/stm32f4xx_hal_gpio.o
 .ARM.attributes
                0x0000034f       0x34 ./Drivers/STM32F4xx_HAL_Driver/Src/stm32f4xx_hal_i2c.o
 .ARM.attributes
                0x00000383       0x34 ./Drivers/STM32F4xx_HAL_Driver/Src/stm32f4xx_hal_rcc.o
 .ARM.attributes
                0x000003b7       0x34 ./Drivers/STM32F4xx_HAL_Driver/Src/stm32f4xx_hal_uart.o
 .ARM.attributes
                0x000003eb       0x34 D:/CubeIDE/STM32CubeIDE_1.12.0/STM32CubeIDE/plugins/com.st.stm32cube.ide.mcu.externaltools.gnu-tools-for-stm32.12.3.rel1.win32_1.0.200.202406191623/tools/bin/../lib/gcc/arm-none-eabi/12.3.1/../../../../arm-none-eabi/lib/thumb/v7e-m+fp/hard\libc_nano.a(libc_a-rand.o)
 .ARM.attributes
                0x0000041f       0x34 D:/CubeIDE/STM32CubeIDE_1.12.0/STM32CubeIDE/plugins/com.st.stm32cube.ide.mcu.externaltools.gnu-tools-for-stm32.12.3.rel1.win32_1.0.200.202406191623/tools/bin/../lib/gcc/arm-none-eabi/12.3.1/../../../../arm-none-eabi/lib/thumb/v7e-m+fp/hard\libc_nano.a(libc_a-findfp.o)
 .ARM.attributes
                0x00000453       0x34 D:/CubeIDE/STM32CubeIDE_1.12.0/STM32CubeIDE/plugins/com.st.stm32cube.ide.mcu.externaltools.gnu-tools-for-stm32.12.3.rel1.win32_1.0.200.202406191623/tools/bin/../lib/gcc/arm-none-eabi/12.3.1/../../../../arm-none-eabi/lib/thumb/v7e-m+fp/hard\libc_nano.a(libc_a-fwalk.o)
 .ARM.attributes
                0x00000487       0x34 D:/CubeIDE/STM32CubeIDE_1.12.0/STM32CubeIDE/plugins/com.st.stm32cube.ide.mcu.externaltools.gnu-tools-for-stm32.12.3.rel1.win32_1.0.200.202406191623/tools/bin/../lib/gcc/arm-none-eabi/12.3.1/../../../../arm-none-eabi/lib/thumb/v7e-m+fp/hard\libc_nano.a(libc_a-stdio.o)
 .ARM.attributes
                0x000004bb       0x34 D:/CubeIDE/STM32CubeIDE_1.12.0/STM32CubeIDE/plugins/com.st.stm32cube.ide.mcu.externaltools.gnu-tools-for-stm32.12.3.rel1.win32_1.0.200.202406191623/tools/bin/../lib/gcc/arm-none-eabi/12.3.1/../../../../arm-none-eabi/lib/thumb/v7e-m+fp/hard\libc_nano.a(libc_a-memset.o)
 .ARM.attributes
                0x000004ef       0x34 D:/CubeIDE/STM32CubeIDE_1.12.0/STM32CubeIDE/plugins/com.st.stm32cube.ide.mcu.externaltools.gnu-tools-for-stm32.12.3.rel1.win32_1.0.200.202406191623/tools/bin/../lib/gcc/arm-none-eabi/12.3.1/../../../../arm-none-eabi/lib/thumb/v7e-m+fp/hard\libc_nano.a(libc_a-closer.o)
 .ARM.attributes
                0x00000523       0x34 D:/CubeIDE/STM32CubeIDE_1.12.0/STM32CubeIDE/plugins/com.st.stm32cube.ide.mcu.externaltools.gnu-tools-for-stm32.12.3.rel1.win32_1.0.200.202406191623/tools/bin/../lib/gcc/arm-none-eabi/12.3.1/../../../../arm-none-eabi/lib/thumb/v7e-m+fp/hard\libc_nano.a(libc_a-reent.o)
 .ARM.attributes
                0x00000557       0x34 D:/CubeIDE/STM32CubeIDE_1.12.0/STM32CubeIDE/plugins/com.st.stm32cube.ide.mcu.externaltools.gnu-tools-for-stm32.12.3.rel1.win32_1.0.200.202406191623/tools/bin/../lib/gcc/arm-none-eabi/12.3.1/../../../../arm-none-eabi/lib/thumb/v7e-m+fp/hard\libc_nano.a(libc_a-impure.o)
 .ARM.attributes
                0x0000058b       0x34 D:/CubeIDE/STM32CubeIDE_1.12.0/STM32CubeIDE/plugins/com.st.stm32cube.ide.mcu.externaltools.gnu-tools-for-stm32.12.3.rel1.win32_1.0.200.202406191623/tools/bin/../lib/gcc/arm-none-eabi/12.3.1/../../../../arm-none-eabi/lib/thumb/v7e-m+fp/hard\libc_nano.a(libc_a-lseekr.o)
 .ARM.attributes
                0x000005bf       0x34 D:/CubeIDE/STM32CubeIDE_1.12.0/STM32CubeIDE/plugins/com.st.stm32cube.ide.mcu.externaltools.gnu-tools-for-stm32.12.3.rel1.win32_1.0.200.202406191623/tools/bin/../lib/gcc/arm-none-eabi/12.3.1/../../../../arm-none-eabi/lib/thumb/v7e-m+fp/hard\libc_nano.a(libc_a-readr.o)
 .ARM.attributes
                0x000005f3       0x34 D:/CubeIDE/STM32CubeIDE_1.12.0/STM32CubeIDE/plugins/com.st.stm32cube.ide.mcu.externaltools.gnu-tools-for-stm32.12.3.rel1.win32_1.0.200.202406191623/tools/bin/../lib/gcc/arm-none-eabi/12.3.1/../../../../arm-none-eabi/lib/thumb/v7e-m+fp/hard\libc_nano.a(libc_a-writer.o)
 .ARM.attributes
                0x00000627       0x34 D:/CubeIDE/STM32CubeIDE_1.12.0/STM32CubeIDE/plugins/com.st.stm32cube.ide.mcu.externaltools.gnu-tools-for-stm32.12.3.rel1.win32_1.0.200.202406191623/tools/bin/../lib/gcc/arm-none-eabi/12.3.1/../../../../arm-none-eabi/lib/thumb/v7e-m+fp/hard\libc_nano.a(libc_a-errno.o)
 .ARM.attributes
                0x0000065b       0x34 D:/CubeIDE/STM32CubeIDE_1.12.0/STM32CubeIDE/plugins/com.st.stm32cube.ide.mcu.externaltools.gnu-tools-for-stm32.12.3.rel1.win32_1.0.200.202406191623/tools/bin/../lib/gcc/arm-none-eabi/12.3.1/../../../../arm-none-eabi/lib/thumb/v7e-m+fp/hard\libc_nano.a(libc_a-init.o)
 .ARM.attributes
                0x0000068f       0x34 D:/CubeIDE/STM32CubeIDE_1.12.0/STM32CubeIDE/plugins/com.st.stm32cube.ide.mcu.externaltools.gnu-tools-for-stm32.12.3.rel1.win32_1.0.200.202406191623/tools/bin/../lib/gcc/arm-none-eabi/12.3.1/../../../../arm-none-eabi/lib/thumb/v7e-m+fp/hard\libc_nano.a(libc_a-lock.o)
 .ARM.attributes
                0x000006c3       0x17 D:/CubeIDE/STM32CubeIDE_1.12.0/STM32CubeIDE/plugins/com.st.stm32cube.ide.mcu.externaltools.gnu-tools-for-stm32.12.3.rel1.win32_1.0.200.202406191623/tools/bin/../lib/gcc/arm-none-eabi/12.3.1/../../../../arm-none-eabi/lib/thumb/v7e-m+fp/hard\libc_nano.a(libc_a-strlen.o)
 .ARM.attributes
                0x000006da       0x34 D:/CubeIDE/STM32CubeIDE_1.12.0/STM32CubeIDE/plugins/com.st.stm32cube.ide.mcu.externaltools.gnu-tools-for-stm32.12.3.rel1.win32_1.0.200.202406191623/tools/bin/../lib/gcc/arm-none-eabi/12.3.1/../../../../arm-none-eabi/lib/thumb/v7e-m+fp/hard\libc_nano.a(libc_a-assert.o)
 .ARM.attributes
                0x0000070e       0x34 D:/CubeIDE/STM32CubeIDE_1.12.0/STM32CubeIDE/plugins/com.st.stm32cube.ide.mcu.externaltools.gnu-tools-for-stm32.12.3.rel1.win32_1.0.200.202406191623/tools/bin/../lib/gcc/arm-none-eabi/12.3.1/../../../../arm-none-eabi/lib/thumb/v7e-m+fp/hard\libc_nano.a(libc_a-freer.o)
 .ARM.attributes
                0x00000742       0x34 D:/CubeIDE/STM32CubeIDE_1.12.0/STM32CubeIDE/plugins/com.st.stm32cube.ide.mcu.externaltools.gnu-tools-for-stm32.12.3.rel1.win32_1.0.200.202406191623/tools/bin/../lib/gcc/arm-none-eabi/12.3.1/../../../../arm-none-eabi/lib/thumb/v7e-m+fp/hard\libc_nano.a(libc_a-malloc.o)
 .ARM.attributes
                0x00000776       0x34 D:/CubeIDE/STM32CubeIDE_1.12.0/STM32CubeIDE/plugins/com.st.stm32cube.ide.mcu.externaltools.gnu-tools-for-stm32.12.3.rel1.win32_1.0.200.202406191623/tools/bin/../lib/gcc/arm-none-eabi/12.3.1/../../../../arm-none-eabi/lib/thumb/v7e-m+fp/hard\libc_nano.a(libc_a-mallocr.o)
 .ARM.attributes
                0x000007aa       0x34 D:/CubeIDE/STM32CubeIDE_1.12.0/STM32CubeIDE/plugins/com.st.stm32cube.ide.mcu.externaltools.gnu-tools-for-stm32.12.3.rel1.win32_1.0.200.202406191623/tools/bin/../lib/gcc/arm-none-eabi/12.3.1/../../../../arm-none-eabi/lib/thumb/v7e-m+fp/hard\libc_nano.a(libc_a-mlock.o)
 .ARM.attributes
                0x000007de       0x34 D:/CubeIDE/STM32CubeIDE_1.12.0/STM32CubeIDE/plugins/com.st.stm32cube.ide.mcu.externaltools.gnu-tools-for-stm32.12.3.rel1.win32_1.0.200.202406191623/tools/bin/../lib/gcc/arm-none-eabi/12.3.1/../../../../arm-none-eabi/lib/thumb/v7e-m+fp/hard\libc_nano.a(libc_a-fflush.o)
 .ARM.attributes
                0x00000812       0x34 D:/CubeIDE/STM32CubeIDE_1.12.0/STM32CubeIDE/plugins/com.st.stm32cube.ide.mcu.externaltools.gnu-tools-for-stm32.12.3.rel1.win32_1.0.200.202406191623/tools/bin/../lib/gcc/arm-none-eabi/12.3.1/../../../../arm-none-eabi/lib/thumb/v7e-m+fp/hard\libc_nano.a(libc_a-fprintf.o)
 .ARM.attributes
                0x00000846       0x34 D:/CubeIDE/STM32CubeIDE_1.12.0/STM32CubeIDE/plugins/com.st.stm32cube.ide.mcu.externaltools.gnu-tools-for-stm32.12.3.rel1.win32_1.0.200.202406191623/tools/bin/../lib/gcc/arm-none-eabi/12.3.1/../../../../arm-none-eabi/lib/thumb/v7e-m+fp/hard\libc_nano.a(libc_a-sbrkr.o)
 .ARM.attributes
                0x0000087a       0x34 D:/CubeIDE/STM32CubeIDE_1.12.0/STM32CubeIDE/plugins/com.st.stm32cube.ide.mcu.externaltools.gnu-tools-for-stm32.12.3.rel1.win32_1.0.200.202406191623/tools/bin/../lib/gcc/arm-none-eabi/12.3.1/../../../../arm-none-eabi/lib/thumb/v7e-m+fp/hard\libc_nano.a(libc_a-abort.o)
 .ARM.attributes
                0x000008ae       0x34 D:/CubeIDE/STM32CubeIDE_1.12.0/STM32CubeIDE/plugins/com.st.stm32cube.ide.mcu.externaltools.gnu-tools-for-stm32.12.3.rel1.win32_1.0.200.202406191623/tools/bin/../lib/gcc/arm-none-eabi/12.3.1/../../../../arm-none-eabi/lib/thumb/v7e-m+fp/hard\libc_nano.a(libc_a-nano-vfprintf.o)
 .ARM.attributes
                0x000008e2       0x34 D:/CubeIDE/STM32CubeIDE_1.12.0/STM32CubeIDE/plugins/com.st.stm32cube.ide.mcu.externaltools.gnu-tools-for-stm32.12.3.rel1.win32_1.0.200.202406191623/tools/bin/../lib/gcc/arm-none-eabi/12.3.1/../../../../arm-none-eabi/lib/thumb/v7e-m+fp/hard\libc_nano.a(libc_a-nano-vfprintf_i.o)
 .ARM.attributes
                0x00000916       0x34 D:/CubeIDE/STM32CubeIDE_1.12.0/STM32CubeIDE/plugins/com.st.stm32cube.ide.mcu.externaltools.gnu-tools-for-stm32.12.3.rel1.win32_1.0.200.202406191623/tools/bin/../lib/gcc/arm-none-eabi/12.3.1/../../../../arm-none-eabi/lib/thumb/v7e-m+fp/hard\libc_nano.a(libc_a-wbuf.o)
 .ARM.attributes
                0x0000094a       0x34 D:/CubeIDE/STM32CubeIDE_1.12.0/STM32CubeIDE/plugins/com.st.stm32cube.ide.mcu.externaltools.gnu-tools-for-stm32.12.3.rel1.win32_1.0.200.202406191623/tools/bin/../lib/gcc/arm-none-eabi/12.3.1/../../../../arm-none-eabi/lib/thumb/v7e-m+fp/hard\libc_nano.a(libc_a-wsetup.o)
 .ARM.attributes
                0x0000097e       0x34 D:/CubeIDE/STM32CubeIDE_1.12.0/STM32CubeIDE/plugins/com.st.stm32cube.ide.mcu.externaltools.gnu-tools-for-stm32.12.3.rel1.win32_1.0.200.202406191623/tools/bin/../lib/gcc/arm-none-eabi/12.3.1/../../../../arm-none-eabi/lib/thumb/v7e-m+fp/hard\libc_nano.a(libc_a-signal.o)
 .ARM.attributes
                0x000009b2       0x34 D:/CubeIDE/STM32CubeIDE_1.12.0/STM32CubeIDE/plugins/com.st.stm32cube.ide.mcu.externaltools.gnu-tools-for-stm32.12.3.rel1.win32_1.0.200.202406191623/tools/bin/../lib/gcc/arm-none-eabi/12.3.1/../../../../arm-none-eabi/lib/thumb/v7e-m+fp/hard\libc_nano.a(libc_a-signalr.o)
 .ARM.attributes
                0x000009e6       0x1c D:/CubeIDE/STM32CubeIDE_1.12.0/STM32CubeIDE/plugins/com.st.stm32cube.ide.mcu.externaltools.gnu-tools-for-stm32.12.3.rel1.win32_1.0.200.202406191623/tools/bin/../lib/gcc/arm-none-eabi/12.3.1/../../../../arm-none-eabi/lib/thumb/v7e-m+fp/hard\libc_nano.a(libc_a-memchr.o)
 .ARM.attributes
                0x00000a02       0x34 D:/CubeIDE/STM32CubeIDE_1.12.0/STM32CubeIDE/plugins/com.st.stm32cube.ide.mcu.externaltools.gnu-tools-for-stm32.12.3.rel1.win32_1.0.200.202406191623/tools/bin/../lib/gcc/arm-none-eabi/12.3.1/../../../../arm-none-eabi/lib/thumb/v7e-m+fp/hard\libc_nano.a(libc_a-makebuf.o)
 .ARM.attributes
                0x00000a36       0x34 D:/CubeIDE/STM32CubeIDE_1.12.0/STM32CubeIDE/plugins/com.st.stm32cube.ide.mcu.externaltools.gnu-tools-for-stm32.12.3.rel1.win32_1.0.200.202406191623/tools/bin/../lib/gcc/arm-none-eabi/12.3.1/../../../../arm-none-eabi/lib/thumb/v7e-m+fp/hard\libc_nano.a(libc_a-fstatr.o)
 .ARM.attributes
                0x00000a6a       0x34 D:/CubeIDE/STM32CubeIDE_1.12.0/STM32CubeIDE/plugins/com.st.stm32cube.ide.mcu.externaltools.gnu-tools-for-stm32.12.3.rel1.win32_1.0.200.202406191623/tools/bin/../lib/gcc/arm-none-eabi/12.3.1/../../../../arm-none-eabi/lib/thumb/v7e-m+fp/hard\libc_nano.a(libc_a-isattyr.o)
 .ARM.attributes
                0x00000a9e       0x22 D:/CubeIDE/STM32CubeIDE_1.12.0/STM32CubeIDE/plugins/com.st.stm32cube.ide.mcu.externaltools.gnu-tools-for-stm32.12.3.rel1.win32_1.0.200.202406191623/tools/bin/../lib/gcc/arm-none-eabi/12.3.1/thumb/v7e-m+fp/hard\libgcc.a(_aeabi_uldivmod.o)
 .ARM.attributes
                0x00000ac0       0x34 D:/CubeIDE/STM32CubeIDE_1.12.0/STM32CubeIDE/plugins/com.st.stm32cube.ide.mcu.externaltools.gnu-tools-for-stm32.12.3.rel1.win32_1.0.200.202406191623/tools/bin/../lib/gcc/arm-none-eabi/12.3.1/thumb/v7e-m+fp/hard\libgcc.a(_udivmoddi4.o)
 .ARM.attributes
                0x00000af4       0x22 D:/CubeIDE/STM32CubeIDE_1.12.0/STM32CubeIDE/plugins/com.st.stm32cube.ide.mcu.externaltools.gnu-tools-for-stm32.12.3.rel1.win32_1.0.200.202406191623/tools/bin/../lib/gcc/arm-none-eabi/12.3.1/thumb/v7e-m+fp/hard\libgcc.a(_dvmd_tls.o)
 .ARM.attributes
                0x00000b16       0x22 D:/CubeIDE/STM32CubeIDE_1.12.0/STM32CubeIDE/plugins/com.st.stm32cube.ide.mcu.externaltools.gnu-tools-for-stm32.12.3.rel1.win32_1.0.200.202406191623/tools/bin/../lib/gcc/arm-none-eabi/12.3.1/thumb/v7e-m+fp/hard/crtn.o
OUTPUT(display.elf elf32-littlearm)
LOAD linker stubs
LOAD D:/CubeIDE/STM32CubeIDE_1.12.0/STM32CubeIDE/plugins/com.st.stm32cube.ide.mcu.externaltools.gnu-tools-for-stm32.12.3.rel1.win32_1.0.200.202406191623/tools/bin/../lib/gcc/arm-none-eabi/12.3.1/../../../../arm-none-eabi/lib/thumb/v7e-m+fp/hard\libc.a
LOAD D:/CubeIDE/STM32CubeIDE_1.12.0/STM32CubeIDE/plugins/com.st.stm32cube.ide.mcu.externaltools.gnu-tools-for-stm32.12.3.rel1.win32_1.0.200.202406191623/tools/bin/../lib/gcc/arm-none-eabi/12.3.1/../../../../arm-none-eabi/lib/thumb/v7e-m+fp/hard\libm.a
LOAD D:/CubeIDE/STM32CubeIDE_1.12.0/STM32CubeIDE/plugins/com.st.stm32cube.ide.mcu.externaltools.gnu-tools-for-stm32.12.3.rel1.win32_1.0.200.202406191623/tools/bin/../lib/gcc/arm-none-eabi/12.3.1/thumb/v7e-m+fp/hard\libgcc.a

.debug_info     0x00000000     0xd476
 .debug_info    0x00000000      0x7d8 ./Core/Src/ds24b33.o
 .debug_info    0x000007d8      0x9b5 ./Core/Src/ds24b33_manage.o
 .debug_info    0x0000118d      0x94e ./Core/Src/lcd1602_i2c_lib.o
 .debug_info    0x00001adb     0x1377 ./Core/Src/main.o
 .debug_info    0x00002e52      0xa94 ./Core/Src/menu.o
 .debug_info    0x000038e6      0x7b4 ./Core/Src/onewire.o
 .debug_info    0x0000409a      0xc3a ./Core/Src/stm32f4xx_hal_msp.o
 .debug_info    0x00004cd4      0x112 ./Core/Src/stm32f4xx_it.o
 .debug_info    0x00004de6      0x6a3 ./Core/Src/syscalls.o
 .debug_info    0x00005489      0x168 ./Core/Src/sysmem.o
 .debug_info    0x000055f1      0x53e ./Core/Src/system_stm32f4xx.o
 .debug_info    0x00005b2f       0x30 ./Core/Startup/startup_stm32f401ccux.o
 .debug_info    0x00005b5f      0x8bb ./Drivers/STM32F4xx_HAL_Driver/Src/stm32f4xx_hal.o
 .debug_info    0x0000641a      0xcf6 ./Drivers/STM32F4xx_HAL_Driver/Src/stm32f4xx_hal_cortex.o
 .debug_info    0x00007110      0x6f9 ./Drivers/STM32F4xx_HAL_Driver/Src/stm32f4xx_hal_gpio.o
 .debug_info    0x00007809     0x2426 ./Drivers/STM32F4xx_HAL_Driver/Src/stm32f4xx_hal_i2c.o
 .debug_info    0x00009c2f      0x8f1 ./Drivers/STM32F4xx_HAL_Driver/Src/stm32f4xx_hal_rcc.o
 .debug_info    0x0000a520     0x2f56 ./Drivers/STM32F4xx_HAL_Driver/Src/stm32f4xx_hal_uart.o

.debug_abbrev   0x00000000     0x2396
 .debug_abbrev  0x00000000      0x1be ./Core/Src/ds24b33.o
 .debug_abbrev  0x000001be      0x230 ./Core/Src/ds24b33_manage.o
 .debug_abbrev  0x000003ee      0x2b6 ./Core/Src/lcd1602_i2c_lib.o
 .debug_abbrev  0x000006a4      0x36c ./Core/Src/main.o
 .debug_abbrev  0x00000a10      0x22a ./Core/Src/menu.o
 .debug_abbrev  0x00000c3a      0x1c5 ./Core/Src/onewire.o
 .debug_abbrev  0x00000dff      0x1ac ./Core/Src/stm32f4xx_hal_msp.o
 .debug_abbrev  0x00000fab       0x73 ./Core/Src/stm32f4xx_it.o
 .debug_abbrev  0x0000101e      0x1b6 ./Core/Src/syscalls.o
 .debug_abbrev  0x000011d4       0xbc ./Core/Src/sysmem.o
 .debug_abbrev  0x00001290      0x11a ./Core/Src/system_stm32f4xx.o
 .debug_abbrev  0x000013aa       0x24 ./Core/Startup/startup_stm32f401ccux.o
 .debug_abbrev  0x000013ce      0x24b ./Drivers/STM32F4xx_HAL_Driver/Src/stm32f4xx_hal.o
 .debug_abbrev  0x00001619      0x31d ./Drivers/STM32F4xx_HAL_Driver/Src/stm32f4xx_hal_cortex.o
 .debug_abbrev  0x00001936      0x1d3 ./Drivers/STM32F4xx_HAL_Driver/Src/stm32f4xx_hal_gpio.o
 .debug_abbrev  0x00001b09      0x2bc ./Drivers/STM32F4xx_HAL_Driver/Src/stm32f4xx_hal_i2c.o
 .debug_abbrev  0x00001dc5      0x2b6 ./Drivers/STM32F4xx_HAL_Driver/Src/stm32f4xx_hal_rcc.o
 .debug_abbrev  0x0000207b      0x31b ./Drivers/STM32F4xx_HAL_Driver/Src/stm32f4xx_hal_uart.o

.debug_aranges  0x00000000      0xb88
 .debug_aranges
                0x00000000       0x48 ./Core/Src/ds24b33.o
 .debug_aranges
                0x00000048       0x48 ./Core/Src/ds24b33_manage.o
 .debug_aranges
                0x00000090       0x90 ./Core/Src/lcd1602_i2c_lib.o
 .debug_aranges
                0x00000120       0x68 ./Core/Src/main.o
 .debug_aranges
                0x00000188       0x60 ./Core/Src/menu.o
 .debug_aranges
                0x000001e8       0x38 ./Core/Src/onewire.o
 .debug_aranges
                0x00000220       0x40 ./Core/Src/stm32f4xx_hal_msp.o
 .debug_aranges
                0x00000260       0x60 ./Core/Src/stm32f4xx_it.o
 .debug_aranges
                0x000002c0       0xa8 ./Core/Src/syscalls.o
 .debug_aranges
                0x00000368       0x20 ./Core/Src/sysmem.o
 .debug_aranges
                0x00000388       0x28 ./Core/Src/system_stm32f4xx.o
 .debug_aranges
                0x000003b0       0x28 ./Core/Startup/startup_stm32f401ccux.o
 .debug_aranges
                0x000003d8       0xf0 ./Drivers/STM32F4xx_HAL_Driver/Src/stm32f4xx_hal.o
 .debug_aranges
                0x000004c8      0x130 ./Drivers/STM32F4xx_HAL_Driver/Src/stm32f4xx_hal_cortex.o
 .debug_aranges
                0x000005f8       0x58 ./Drivers/STM32F4xx_HAL_Driver/Src/stm32f4xx_hal_gpio.o
 .debug_aranges
                0x00000650      0x2a8 ./Drivers/STM32F4xx_HAL_Driver/Src/stm32f4xx_hal_i2c.o
 .debug_aranges
                0x000008f8       0x88 ./Drivers/STM32F4xx_HAL_Driver/Src/stm32f4xx_hal_rcc.o
 .debug_aranges
                0x00000980      0x208 ./Drivers/STM32F4xx_HAL_Driver/Src/stm32f4xx_hal_uart.o

.debug_rnglists
                0x00000000      0x8e3
 .debug_rnglists
                0x00000000       0x31 ./Core/Src/ds24b33.o
 .debug_rnglists
                0x00000031       0x35 ./Core/Src/ds24b33_manage.o
 .debug_rnglists
                0x00000066       0x6a ./Core/Src/lcd1602_i2c_lib.o
 .debug_rnglists
                0x000000d0       0x4c ./Core/Src/main.o
 .debug_rnglists
                0x0000011c       0x46 ./Core/Src/menu.o
 .debug_rnglists
                0x00000162       0x26 ./Core/Src/onewire.o
 .debug_rnglists
                0x00000188       0x2d ./Core/Src/stm32f4xx_hal_msp.o
 .debug_rnglists
                0x000001b5       0x43 ./Core/Src/stm32f4xx_it.o
 .debug_rnglists
                0x000001f8       0x79 ./Core/Src/syscalls.o
 .debug_rnglists
                0x00000271       0x13 ./Core/Src/sysmem.o
 .debug_rnglists
                0x00000284       0x1a ./Core/Src/system_stm32f4xx.o
 .debug_rnglists
                0x0000029e       0x19 ./Core/Startup/startup_stm32f401ccux.o
 .debug_rnglists
                0x000002b7       0xaf ./Drivers/STM32F4xx_HAL_Driver/Src/stm32f4xx_hal.o
 .debug_rnglists
                0x00000366       0xe0 ./Drivers/STM32F4xx_HAL_Driver/Src/stm32f4xx_hal_cortex.o
 .debug_rnglists
                0x00000446       0x3f ./Drivers/STM32F4xx_HAL_Driver/Src/stm32f4xx_hal_gpio.o
 .debug_rnglists
                0x00000485      0x23c ./Drivers/STM32F4xx_HAL_Driver/Src/stm32f4xx_hal_i2c.o
 .debug_rnglists
                0x000006c1       0x66 ./Drivers/STM32F4xx_HAL_Driver/Src/stm32f4xx_hal_rcc.o
 .debug_rnglists
                0x00000727      0x1bc ./Drivers/STM32F4xx_HAL_Driver/Src/stm32f4xx_hal_uart.o

.debug_macro    0x00000000    0x17409
 .debug_macro   0x00000000      0x1ec ./Core/Src/ds24b33.o
 .debug_macro   0x000001ec      0xab4 ./Core/Src/ds24b33.o
 .debug_macro   0x00000ca0      0x29b ./Core/Src/ds24b33.o
 .debug_macro   0x00000f3b       0x2e ./Core/Src/ds24b33.o
 .debug_macro   0x00000f69       0x28 ./Core/Src/ds24b33.o
 .debug_macro   0x00000f91       0x22 ./Core/Src/ds24b33.o
 .debug_macro   0x00000fb3       0x8e ./Core/Src/ds24b33.o
 .debug_macro   0x00001041       0x51 ./Core/Src/ds24b33.o
 .debug_macro   0x00001092      0x103 ./Core/Src/ds24b33.o
 .debug_macro   0x00001195       0x6a ./Core/Src/ds24b33.o
 .debug_macro   0x000011ff      0x1df ./Core/Src/ds24b33.o
 .debug_macro   0x000013de       0x1c ./Core/Src/ds24b33.o
 .debug_macro   0x000013fa       0x22 ./Core/Src/ds24b33.o
 .debug_macro   0x0000141c       0xfb ./Core/Src/ds24b33.o
 .debug_macro   0x00001517     0x1011 ./Core/Src/ds24b33.o
 .debug_macro   0x00002528      0x11f ./Core/Src/ds24b33.o
 .debug_macro   0x00002647     0xb86c ./Core/Src/ds24b33.o
 .debug_macro   0x0000deb3       0x6d ./Core/Src/ds24b33.o
 .debug_macro   0x0000df20     0x369a ./Core/Src/ds24b33.o
 .debug_macro   0x000115ba      0x189 ./Core/Src/ds24b33.o
 .debug_macro   0x00011743       0x5c ./Core/Src/ds24b33.o
 .debug_macro   0x0001179f      0x416 ./Core/Src/ds24b33.o
 .debug_macro   0x00011bb5      0x9e9 ./Core/Src/ds24b33.o
 .debug_macro   0x0001259e      0x115 ./Core/Src/ds24b33.o
 .debug_macro   0x000126b3       0xf8 ./Core/Src/ds24b33.o
 .debug_macro   0x000127ab       0xa5 ./Core/Src/ds24b33.o
 .debug_macro   0x00012850      0x15f ./Core/Src/ds24b33.o
 .debug_macro   0x000129af      0x287 ./Core/Src/ds24b33.o
 .debug_macro   0x00012c36       0x5f ./Core/Src/ds24b33.o
 .debug_macro   0x00012c95      0x236 ./Core/Src/ds24b33.o
 .debug_macro   0x00012ecb      0x132 ./Core/Src/ds24b33.o
 .debug_macro   0x00012ffd      0x23a ./Core/Src/ds24b33.o
 .debug_macro   0x00013237       0x2e ./Core/Src/ds24b33.o
 .debug_macro   0x00013265      0x1b5 ./Core/Src/ds24b33.o
 .debug_macro   0x0001341a       0x22 ./Core/Src/ds24b33.o
 .debug_macro   0x0001343c       0xd6 ./Core/Src/ds24b33.o
 .debug_macro   0x00013512      0x127 ./Core/Src/ds24b33.o
 .debug_macro   0x00013639       0x85 ./Core/Src/ds24b33.o
 .debug_macro   0x000136be       0x89 ./Core/Src/ds24b33.o
 .debug_macro   0x00013747      0x2aa ./Core/Src/ds24b33.o
 .debug_macro   0x000139f1      0x126 ./Core/Src/ds24b33.o
 .debug_macro   0x00013b17       0x22 ./Core/Src/ds24b33.o
 .debug_macro   0x00013b39      0x2cb ./Core/Src/ds24b33_manage.o
 .debug_macro   0x00013e04       0x22 ./Core/Src/ds24b33_manage.o
 .debug_macro   0x00013e26       0x2a ./Core/Src/ds24b33_manage.o
 .debug_macro   0x00013e50       0x61 ./Core/Src/ds24b33_manage.o
 .debug_macro   0x00013eb1       0x43 ./Core/Src/ds24b33_manage.o
 .debug_macro   0x00013ef4       0x34 ./Core/Src/ds24b33_manage.o
 .debug_macro   0x00013f28       0x16 ./Core/Src/ds24b33_manage.o
 .debug_macro   0x00013f3e       0x35 ./Core/Src/ds24b33_manage.o
 .debug_macro   0x00013f73       0x16 ./Core/Src/ds24b33_manage.o
 .debug_macro   0x00013f89       0x43 ./Core/Src/ds24b33_manage.o
 .debug_macro   0x00013fcc       0x34 ./Core/Src/ds24b33_manage.o
 .debug_macro   0x00014000       0x10 ./Core/Src/ds24b33_manage.o
 .debug_macro   0x00014010       0x58 ./Core/Src/ds24b33_manage.o
 .debug_macro   0x00014068       0x8e ./Core/Src/ds24b33_manage.o
 .debug_macro   0x000140f6       0x1c ./Core/Src/ds24b33_manage.o
 .debug_macro   0x00014112      0x177 ./Core/Src/ds24b33_manage.o
 .debug_macro   0x00014289      0x369 ./Core/Src/ds24b33_manage.o
 .debug_macro   0x000145f2       0x16 ./Core/Src/ds24b33_manage.o
 .debug_macro   0x00014608       0x29 ./Core/Src/ds24b33_manage.o
 .debug_macro   0x00014631      0x2c4 ./Core/Src/lcd1602_i2c_lib.o
 .debug_macro   0x000148f5       0x10 ./Core/Src/lcd1602_i2c_lib.o
 .debug_macro   0x00014905       0x20 ./Core/Src/lcd1602_i2c_lib.o
 .debug_macro   0x00014925      0x31c ./Core/Src/main.o
 .debug_macro   0x00014c41       0x16 ./Core/Src/main.o
 .debug_macro   0x00014c57       0x1c ./Core/Src/main.o
 .debug_macro   0x00014c73       0x28 ./Core/Src/main.o
 .debug_macro   0x00014c9b      0x322 ./Core/Src/menu.o
 .debug_macro   0x00014fbd      0x1e2 ./Core/Src/onewire.o
 .debug_macro   0x0001519f      0x1dd ./Core/Src/stm32f4xx_hal_msp.o
 .debug_macro   0x0001537c      0x1e7 ./Core/Src/stm32f4xx_it.o
 .debug_macro   0x00015563      0x274 ./Core/Src/syscalls.o
 .debug_macro   0x000157d7       0x5b ./Core/Src/syscalls.o
 .debug_macro   0x00015832       0x94 ./Core/Src/syscalls.o
 .debug_macro   0x000158c6       0x57 ./Core/Src/syscalls.o
 .debug_macro   0x0001591d       0x10 ./Core/Src/syscalls.o
 .debug_macro   0x0001592d       0x10 ./Core/Src/syscalls.o
 .debug_macro   0x0001593d       0x10 ./Core/Src/syscalls.o
 .debug_macro   0x0001594d       0x10 ./Core/Src/syscalls.o
 .debug_macro   0x0001595d       0x1c ./Core/Src/syscalls.o
 .debug_macro   0x00015979       0x52 ./Core/Src/syscalls.o
 .debug_macro   0x000159cb       0x22 ./Core/Src/syscalls.o
 .debug_macro   0x000159ed       0x10 ./Core/Src/syscalls.o
 .debug_macro   0x000159fd       0x52 ./Core/Src/syscalls.o
 .debug_macro   0x00015a4f       0xcf ./Core/Src/syscalls.o
 .debug_macro   0x00015b1e       0x1c ./Core/Src/syscalls.o
 .debug_macro   0x00015b3a       0x3d ./Core/Src/syscalls.o
 .debug_macro   0x00015b77       0x35 ./Core/Src/syscalls.o
 .debug_macro   0x00015bac      0x12c ./Core/Src/syscalls.o
 .debug_macro   0x00015cd8       0x10 ./Core/Src/syscalls.o
 .debug_macro   0x00015ce8      0x242 ./Core/Src/syscalls.o
 .debug_macro   0x00015f2a       0x1c ./Core/Src/syscalls.o
 .debug_macro   0x00015f46       0x10 ./Core/Src/syscalls.o
 .debug_macro   0x00015f56       0x10 ./Core/Src/syscalls.o
 .debug_macro   0x00015f66       0x16 ./Core/Src/syscalls.o
 .debug_macro   0x00015f7c      0x146 ./Core/Src/syscalls.o
 .debug_macro   0x000160c2      0x18a ./Core/Src/syscalls.o
 .debug_macro   0x0001624c       0x16 ./Core/Src/syscalls.o
 .debug_macro   0x00016262       0xce ./Core/Src/syscalls.o
 .debug_macro   0x00016330       0xff ./Core/Src/sysmem.o
 .debug_macro   0x0001642f      0x23c ./Core/Src/sysmem.o
 .debug_macro   0x0001666b      0x1d3 ./Core/Src/system_stm32f4xx.o
 .debug_macro   0x0001683e      0x233 ./Drivers/STM32F4xx_HAL_Driver/Src/stm32f4xx_hal.o
 .debug_macro   0x00016a71      0x1d3 ./Drivers/STM32F4xx_HAL_Driver/Src/stm32f4xx_hal_cortex.o
 .debug_macro   0x00016c44      0x1d9 ./Drivers/STM32F4xx_HAL_Driver/Src/stm32f4xx_hal_gpio.o
 .debug_macro   0x00016e1d      0x221 ./Drivers/STM32F4xx_HAL_Driver/Src/stm32f4xx_hal_i2c.o
 .debug_macro   0x0001703e      0x1f7 ./Drivers/STM32F4xx_HAL_Driver/Src/stm32f4xx_hal_rcc.o
 .debug_macro   0x00017235      0x1d4 ./Drivers/STM32F4xx_HAL_Driver/Src/stm32f4xx_hal_uart.o

.debug_line     0x00000000     0xfce0
 .debug_line    0x00000000      0x839 ./Core/Src/ds24b33.o
 .debug_line    0x00000839      0xbd6 ./Core/Src/ds24b33_manage.o
 .debug_line    0x0000140f      0xc45 ./Core/Src/lcd1602_i2c_lib.o
 .debug_line    0x00002054      0xc19 ./Core/Src/main.o
 .debug_line    0x00002c6d      0xbeb ./Core/Src/menu.o
 .debug_line    0x00003858      0x81a ./Core/Src/onewire.o
 .debug_line    0x00004072      0x7ce ./Core/Src/stm32f4xx_hal_msp.o
 .debug_line    0x00004840      0x7f5 ./Core/Src/stm32f4xx_it.o
 .debug_line    0x00005035      0x983 ./Core/Src/syscalls.o
 .debug_line    0x000059b8      0x654 ./Core/Src/sysmem.o
 .debug_line    0x0000600c      0x7b7 ./Core/Src/system_stm32f4xx.o
 .debug_line    0x000067c3       0x7a ./Core/Startup/startup_stm32f401ccux.o
 .debug_line    0x0000683d      0xa20 ./Drivers/STM32F4xx_HAL_Driver/Src/stm32f4xx_hal.o
 .debug_line    0x0000725d      0xd12 ./Drivers/STM32F4xx_HAL_Driver/Src/stm32f4xx_hal_cortex.o
 .debug_line    0x00007f6f      0xb70 ./Drivers/STM32F4xx_HAL_Driver/Src/stm32f4xx_hal_gpio.o
 .debug_line    0x00008adf     0x3b66 ./Drivers/STM32F4xx_HAL_Driver/Src/stm32f4xx_hal_i2c.o
 .debug_line    0x0000c645      0xda9 ./Drivers/STM32F4xx_HAL_Driver/Src/stm32f4xx_hal_rcc.o
 .debug_line    0x0000d3ee     0x28f2 ./Drivers/STM32F4xx_HAL_Driver/Src/stm32f4xx_hal_uart.o

.debug_str      0x00000000    0x897f8
 .debug_str     0x00000000    0x80ec2 ./Core/Src/ds24b33.o
                              0x811ae (size before relaxing)
 .debug_str     0x00080ec2     0x331f ./Core/Src/ds24b33_manage.o
                              0x84427 (size before relaxing)
 .debug_str     0x000841e1      0x50a ./Core/Src/lcd1602_i2c_lib.o
                              0x84498 (size before relaxing)
 .debug_str     0x000846eb      0x8de ./Core/Src/main.o
                              0x84f7a (size before relaxing)
 .debug_str     0x00084fc9       0xd2 ./Core/Src/menu.o
                              0x845c5 (size before relaxing)
 .debug_str     0x0008509b       0xce ./Core/Src/onewire.o
                              0x811f3 (size before relaxing)
 .debug_str     0x00085169       0x87 ./Core/Src/stm32f4xx_hal_msp.o
                              0x81499 (size before relaxing)
 .debug_str     0x000851f0       0xc9 ./Core/Src/stm32f4xx_it.o
                              0x80c51 (size before relaxing)
 .debug_str     0x000852b9     0x25ea ./Core/Src/syscalls.o
                               0x989b (size before relaxing)
 .debug_str     0x000878a3       0x6b ./Core/Src/sysmem.o
                               0x60b3 (size before relaxing)
 .debug_str     0x0008790e       0xdb ./Core/Src/system_stm32f4xx.o
                              0x80d8d (size before relaxing)
 .debug_str     0x000879e9       0x44 ./Core/Startup/startup_stm32f401ccux.o
                                 0x66 (size before relaxing)
 .debug_str     0x00087a2d      0x611 ./Drivers/STM32F4xx_HAL_Driver/Src/stm32f4xx_hal.o
                              0x817af (size before relaxing)
 .debug_str     0x0008803e      0x37f ./Drivers/STM32F4xx_HAL_Driver/Src/stm32f4xx_hal_cortex.o
                              0x81519 (size before relaxing)
 .debug_str     0x000883bd      0x124 ./Drivers/STM32F4xx_HAL_Driver/Src/stm32f4xx_hal_gpio.o
                              0x80f08 (size before relaxing)
 .debug_str     0x000884e1      0xb3b ./Drivers/STM32F4xx_HAL_Driver/Src/stm32f4xx_hal_i2c.o
                              0x81d9e (size before relaxing)
 .debug_str     0x0008901c      0x1f3 ./Drivers/STM32F4xx_HAL_Driver/Src/stm32f4xx_hal_rcc.o
                              0x811c1 (size before relaxing)
 .debug_str     0x0008920f      0x5e9 ./Drivers/STM32F4xx_HAL_Driver/Src/stm32f4xx_hal_uart.o
                              0x81790 (size before relaxing)

.comment        0x00000000       0x43
 .comment       0x00000000       0x43 ./Core/Src/ds24b33.o
                                 0x44 (size before relaxing)
 .comment       0x00000043       0x44 ./Core/Src/ds24b33_manage.o
 .comment       0x00000043       0x44 ./Core/Src/lcd1602_i2c_lib.o
 .comment       0x00000043       0x44 ./Core/Src/main.o
 .comment       0x00000043       0x44 ./Core/Src/menu.o
 .comment       0x00000043       0x44 ./Core/Src/onewire.o
 .comment       0x00000043       0x44 ./Core/Src/stm32f4xx_hal_msp.o
 .comment       0x00000043       0x44 ./Core/Src/stm32f4xx_it.o
 .comment       0x00000043       0x44 ./Core/Src/syscalls.o
 .comment       0x00000043       0x44 ./Core/Src/sysmem.o
 .comment       0x00000043       0x44 ./Core/Src/system_stm32f4xx.o
 .comment       0x00000043       0x44 ./Drivers/STM32F4xx_HAL_Driver/Src/stm32f4xx_hal.o
 .comment       0x00000043       0x44 ./Drivers/STM32F4xx_HAL_Driver/Src/stm32f4xx_hal_cortex.o
 .comment       0x00000043       0x44 ./Drivers/STM32F4xx_HAL_Driver/Src/stm32f4xx_hal_gpio.o
 .comment       0x00000043       0x44 ./Drivers/STM32F4xx_HAL_Driver/Src/stm32f4xx_hal_i2c.o
 .comment       0x00000043       0x44 ./Drivers/STM32F4xx_HAL_Driver/Src/stm32f4xx_hal_rcc.o
 .comment       0x00000043       0x44 ./Drivers/STM32F4xx_HAL_Driver/Src/stm32f4xx_hal_uart.o

.debug_frame    0x00000000     0x3828
 .debug_frame   0x00000000       0xec ./Core/Src/ds24b33.o
 .debug_frame   0x000000ec      0x110 ./Core/Src/ds24b33_manage.o