Archive member included to satisfy reference by file (symbol)

D:/CubeIDE/STM32CubeIDE_1.12.0/STM32CubeIDE/plugins/com.st.stm32cube.ide.mcu.externaltools.gnu-tools-for-stm32.12.3.rel1.win32_1.0.200.202406191623/tools/bin/../lib/gcc/arm-none-eabi/12.3.1/../../../../arm-none-eabi/lib/thumb/v7e-m+fp/hard\libc_nano.a(libc_a-exit.o)
                              D:/CubeIDE/STM32CubeIDE_1.12.0/STM32CubeIDE/plugins/com.st.stm32cube.ide.mcu.externaltools.gnu-tools-for-stm32.12.3.rel1.win32_1.0.200.202406191623/tools/bin/../lib/gcc/arm-none-eabi/12.3.1/../../../../arm-none-eabi/lib/thumb/v7e-m+fp/hard/crt0.o (exit)
D:/CubeIDE/STM32CubeIDE_1.12.0/STM32CubeIDE/plugins/com.st.stm32cube.ide.mcu.externaltools.gnu-tools-for-stm32.12.3.rel1.win32_1.0.200.202406191623/tools/bin/../lib/gcc/arm-none-eabi/12.3.1/../../../../arm-none-eabi/lib/thumb/v7e-m+fp/hard\libc_nano.a(libc_a-rand.o)
                              ./Core/Src/ds24b33_manage.o (rand)
D:/CubeIDE/STM32CubeIDE_1.12.0/STM32CubeIDE/plugins/com.st.stm32cube.ide.mcu.externaltools.gnu-tools-for-stm32.12.3.rel1.win32_1.0.200.202406191623/tools/bin/../lib/gcc/arm-none-eabi/12.3.1/../../../../arm-none-eabi/lib/thumb/v7e-m+fp/hard\libc_nano.a(libc_a-findfp.o)
                              D:/CubeIDE/STM32CubeIDE_1.12.0/STM32CubeIDE/plugins/com.st.stm32cube.ide.mcu.externaltools.gnu-tools-for-stm32.12.3.rel1.win32_1.0.200.202406191623/tools/bin/../lib/gcc/arm-none-eabi/12.3.1/../../../../arm-none-eabi/lib/thumb/v7e-m+fp/hard\libc_nano.a(libc_a-exit.o) (__stdio_exit_handler)
D:/CubeIDE/STM32CubeIDE_1.12.0/STM32CubeIDE/plugins/com.st.stm32cube.ide.mcu.externaltools.gnu-tools-for-stm32.12.3.rel1.win32_1.0.200.202406191623/tools/bin/../lib/gcc/arm-none-eabi/12.3.1/../../../../arm-none-eabi/lib/thumb/v7e-m+fp/hard\libc_nano.a(libc_a-fwalk.o)
                              D:/CubeIDE/STM32CubeIDE_1.12.0/STM32CubeIDE/plugins/com.st.stm32cube.ide.mcu.externaltools.gnu-tools-for-stm32.12.3.rel1.win32_1.0.200.202406191623/tools/bin/../lib/gcc/arm-none-eabi/12.3.1/../../../../arm-none-eabi/lib/thumb/v7e-m+fp/hard\libc_nano.a(libc_a-findfp.o) (_fwalk_sglue)
D:/CubeIDE/STM32CubeIDE_1.12.0/STM32CubeIDE/plugins/com.st.stm32cube.ide.mcu.externaltools.gnu-tools-for-stm32.12.3.rel1.win32_1.0.200.202406191623/tools/bin/../lib/gcc/arm-none-eabi/12.3.1/../../../../arm-none-eabi/lib/thumb/v7e-m+fp/hard\libc_nano.a(libc_a-stdio.o)
                              D:/CubeIDE/STM32CubeIDE_1.12.0/STM32CubeIDE/plugins/com.st.stm32cube.ide.mcu.externaltools.gnu-tools-for-stm32.12.3.rel1.win32_1.0.200.202406191623/tools/bin/../lib/gcc/arm-none-eabi/12.3.1/../../../../arm-none-eabi/lib/thumb/v7e-m+fp/hard\libc_nano.a(libc_a-findfp.o) (__sread)
D:/CubeIDE/STM32CubeIDE_1.12.0/STM32CubeIDE/plugins/com.st.stm32cube.ide.mcu.externaltools.gnu-tools-for-stm32.12.3.rel1.win32_1.0.200.202406191623/tools/bin/../lib/gcc/arm-none-eabi/12.3.1/../../../../arm-none-eabi/lib/thumb/v7e-m+fp/hard\libc_nano.a(libc_a-memset.o)
                              D:/CubeIDE/STM32CubeIDE_1.12.0/STM32CubeIDE/plugins/com.st.stm32cube.ide.mcu.externaltools.gnu-tools-for-stm32.12.3.rel1.win32_1.0.200.202406191623/tools/bin/../lib/gcc/arm-none-eabi/12.3.1/../../../../arm-none-eabi/lib/thumb/v7e-m+fp/hard/crt0.o (memset)
D:/CubeIDE/STM32CubeIDE_1.12.0/STM32CubeIDE/plugins/com.st.stm32cube.ide.mcu.externaltools.gnu-tools-for-stm32.12.3.rel1.win32_1.0.200.202406191623/tools/bin/../lib/gcc/arm-none-eabi/12.3.1/../../../../arm-none-eabi/lib/thumb/v7e-m+fp/hard\libc_nano.a(libc_a-closer.o)
                              D:/CubeIDE/STM32CubeIDE_1.12.0/STM32CubeIDE/plugins/com.st.stm32cube.ide.mcu.externaltools.gnu-tools-for-stm32.12.3.rel1.win32_1.0.200.202406191623/tools/bin/../lib/gcc/arm-none-eabi/12.3.1/../../../../arm-none-eabi/lib/thumb/v7e-m+fp/hard\libc_nano.a(libc_a-stdio.o) (_close_r)
D:/CubeIDE/STM32CubeIDE_1.12.0/STM32CubeIDE/plugins/com.st.stm32cube.ide.mcu.externaltools.gnu-tools-for-stm32.12.3.rel1.win32_1.0.200.202406191623/tools/bin/../lib/gcc/arm-none-eabi/12.3.1/../../../../arm-none-eabi/lib/thumb/v7e-m+fp/hard\libc_nano.a(libc_a-reent.o)
                              D:/CubeIDE/STM32CubeIDE_1.12.0/STM32CubeIDE/plugins/com.st.stm32cube.ide.mcu.externaltools.gnu-tools-for-stm32.12.3.rel1.win32_1.0.200.202406191623/tools/bin/../lib/gcc/arm-none-eabi/12.3.1/../../../../arm-none-eabi/lib/thumb/v7e-m+fp/hard\libc_nano.a(libc_a-closer.o) (errno)
D:/CubeIDE/STM32CubeIDE_1.12.0/STM32CubeIDE/plugins/com.st.stm32cube.ide.mcu.externaltools.gnu-tools-for-stm32.12.3.rel1.win32_1.0.200.202406191623/tools/bin/../lib/gcc/arm-none-eabi/12.3.1/../../../../arm-none-eabi/lib/thumb/v7e-m+fp/hard\libc_nano.a(libc_a-impure.o)
                              D:/CubeIDE/STM32CubeIDE_1.12.0/STM32CubeIDE/plugins/com.st.stm32cube.ide.mcu.externaltools.gnu-tools-for-stm32.12.3.rel1.win32_1.0.200.202406191623/tools/bin/../lib/gcc/arm-none-eabi/12.3.1/../../../../arm-none-eabi/lib/thumb/v7e-m+fp/hard\libc_nano.a(libc_a-rand.o) (_impure_ptr)
[...]
Memory Configuration

Name             Origin             Length             Attributes
RAM              0x20000000         0x00010000         xrw
FLASH            0x08000000         0x00040000         xr
*default*        0x00000000         0xffffffff

Linker script and memory map

LOAD D:/CubeIDE/STM32CubeIDE_1.12.0/STM32CubeIDE/plugins/com.st.stm32cube.ide.mcu.externaltools.gnu-tools-for-stm32.12.3.rel1.win32_1.0.200.202406191623/tools/bin/../lib/gcc/arm-none-eabi/12.3.1/thumb/v7e-m+fp/hard/crti.o
LOAD D:/CubeIDE/STM32CubeIDE_1.12.0/STM32CubeIDE/plugins/com.st.stm32cube.ide.mcu.externaltools.gnu-tools-for-stm32.12.3.rel1.win32_1.0.200.202406191623/tools/bin/../lib/gcc/arm-none-eabi/12.3.1/thumb/v7e-m+fp/hard/crtbegin.o
LOAD D:/CubeIDE/STM32CubeIDE_1.12.0/STM32CubeIDE/plugins/com.st.stm32cube.ide.mcu.externaltools.gnu-tools-for-stm32.12.3.rel1.win32_1.0.200.202406191623/tools/bin/../lib/gcc/arm-none-eabi/12.3.1/../../../../arm-none-eabi/lib/thumb/v7e-m+fp/hard/crt0.o
LOAD ./Core/Src/ds24b33.o
LOAD ./Core/Src/ds24b33_manage.o
LOAD ./Core/Src/lcd1602_i2c_lib.o
LOAD ./Core/Src/main.o
LOAD ./Core/Src/menu.o
LOAD ./Core/Src/onewire.o
LOAD ./Core/Src/stm32f4xx_hal_msp.o
LOAD ./Core/Src/stm32f4xx_it.o
LOAD ./Core/Src/syscalls.o
LOAD ./Core/Src/sysmem.o
LOAD ./Core/Src/system_stm32f4xx.o
LOAD ./Core/Startup/startup_stm32f401ccux.o
LOAD ./Drivers/STM32F4xx_HAL_Driver/Src/stm32f4xx_hal.o
LOAD ./Drivers/STM32F4xx_HAL_Driver/Src/stm32f4xx_hal_cortex.o
LOAD ./Drivers/STM32F4xx_HAL_Driver/Src/stm32f4xx_hal_dma.o
LOAD ./Drivers/STM32F4xx_HAL_Driver/Src/stm32f4xx_hal_dma_ex.o
LOAD ./Drivers/STM32F4xx_HAL_Driver/Src/stm32f4xx_hal_exti.o
LOAD ./Drivers/STM32F4xx_HAL_Driver/Src/stm32f4xx_hal_flash.o
LOAD ./Drivers/STM32F4xx_HAL_Driver/Src/stm32f4xx_hal_flash_ex.o
LOAD ./Drivers/STM32F4xx_HAL_Driver/Src/stm32f4xx_hal_flash_ramfunc.o
LOAD ./Drivers/STM32F4xx_HAL_Driver/Src/stm32f4xx_hal_gpio.o
LOAD ./Drivers/STM32F4xx_HAL_Driver/Src/stm32f4xx_hal_i2c.o
LOAD ./Drivers/STM32F4xx_HAL_Driver/Src/stm32f4xx_hal_i2c_ex.o
LOAD ./Drivers/STM32F4xx_HAL_Driver/Src/stm32f4xx_hal_pwr.o
LOAD ./Drivers/STM32F4xx_HAL_Driver/Src/stm32f4xx_hal_pwr_ex.o
LOAD ./Drivers/STM32F4xx_HAL_Driver/Src/stm32f4xx_hal_rcc.o
LOAD ./Drivers/STM32F4xx_HAL_Driver/Src/stm32f4xx_hal_rcc_ex.o
LOAD ./Drivers/STM32F4xx_HAL_Driver/Src/stm32f4xx_hal_tim.o
LOAD ./Drivers/STM32F4xx_HAL_Driver/Src/stm32f4xx_hal_tim_ex.o
LOAD ./Drivers/STM32F4xx_HAL_Driver/Src/stm32f4xx_hal_uart.o
START GROUP
LOAD D:/CubeIDE/STM32CubeIDE_1.12.0/STM32CubeIDE/plugins/com.st.stm32cube.ide.mcu.externaltools.gnu-tools-for-stm32.12.3.rel1.win32_1.0.200.202406191623/tools/bin/../lib/gcc/arm-none-eabi/12.3.1/../../../../arm-none-eabi/lib/thumb/v7e-m+fp/hard\libc_nano.a
LOAD D:/CubeIDE/STM32CubeIDE_1.12.0/STM32CubeIDE/plugins/com.st.stm32cube.ide.mcu.externaltools.gnu-tools-for-stm32.12.3.rel1.win32_1.0.200.202406191623/tools/bin/../lib/gcc/arm-none-eabi/12.3.1/../../../../arm-none-eabi/lib/thumb/v7e-m+fp/hard\libm.a
END GROUP
START GROUP
LOAD D:/CubeIDE/STM32CubeIDE_1.12.0/STM32CubeIDE/plugins/com.st.stm32cube.ide.mcu.externaltools.gnu-tools-for-stm32.12.3.rel1.win32_1.0.200.202406191623/tools/bin/../lib/gcc/arm-none-eabi/12.3.1/thumb/v7e-m+fp/hard\libgcc.a
LOAD D:/CubeIDE/STM32CubeIDE_1.12.0/STM32CubeIDE/plugins/com.st.stm32cube.ide.mcu.externaltools.gnu-tools-for-stm32.12.3.rel1.win32_1.0.200.202406191623/tools/bin/../lib/gcc/arm-none-eabi/12.3.1/../../../../arm-none-eabi/lib/thumb/v7e-m+fp/hard\libc_nano.a
END GROUP
START GROUP
LOAD D:/CubeIDE/STM32CubeIDE_1.12.0/STM32CubeIDE/plugins/com.st.stm32cube.ide.mcu.externaltools.gnu-tools-for-stm32.12.3.rel1.win32_1.0.200.202406191623/tools/bin/../lib/gcc/arm-none-eabi/12.3.1/thumb/v7e-m+fp/hard\libgcc.a
LOAD D:/CubeIDE/STM32CubeIDE_1.12.0/STM32CubeIDE/plugins/com.st.stm32cube.ide.mcu.externaltools.gnu-tools-for-stm32.12.3.rel1.win32_1.0.200.202406191623/tools/bin/../lib/gcc/arm-none-eabi/12.3.1/../../../../arm-none-eabi/lib/thumb/v7e-m+fp/hard\libc_nano.a
LOAD D:/CubeIDE/STM32CubeIDE_1.12.0/STM32CubeIDE/plugins/com.st.stm32cube.ide.mcu.externaltools.gnu-tools-for-stm32.12.3.rel1.win32_1.0.200.202406191623/tools/bin/../lib/gcc/arm-none-eabi/12.3.1/../../../../arm-none-eabi/lib/thumb/v7e-m+fp/hard\libnosys.a
END GROUP
START GROUP
LOAD D:/CubeIDE/STM32CubeIDE_1.12.0/STM32CubeIDE/plugins/com.st.stm32cube.ide.mcu.externaltools.gnu-tools-for-stm32.12.3.rel1.win32_1.0.200.202406191623/tools/bin/../lib/gcc/arm-none-eabi/12.3.1/thumb/v7e-m+fp/hard\libgcc.a
LOAD D:/CubeIDE/STM32CubeIDE_1.12.0/STM32CubeIDE/plugins/com.st.stm32cube.ide.mcu.externaltools.gnu-tools-for-stm32.12.3.rel1.win32_1.0.200.202406191623/tools/bin/../lib/gcc/arm-none-eabi/12.3.1/../../../../arm-none-eabi/lib/thumb/v7e-m+fp/hard\libc_nano.a
LOAD D:/CubeIDE/STM32CubeIDE_1.12.0/STM32CubeIDE/plugins/com.st.stm32cube.ide.mcu.externaltools.gnu-tools-for-stm32.12.3.rel1.win32_1.0.200.202406191623/tools/bin/../lib/gcc/arm-none-eabi/12.3.1/../../../../arm-none-eabi/lib/thumb/v7e-m+fp/hard\libnosys.a
END GROUP
LOAD D:/CubeIDE/STM32CubeIDE_1.12.0/STM32CubeIDE/plugins/com.st.stm32cube.ide.mcu.externaltools.gnu-tools-for-stm32.12.3.rel1.win32_1.0.200.202406191623/tools/bin/../lib/gcc/arm-none-eabi/12.3.1/thumb/v7e-m+fp/hard/crtend.o
LOAD D:/CubeIDE/STM32CubeIDE_1.12.0/STM32CubeIDE/plugins/com.st.stm32cube.ide.mcu.externaltools.gnu-tools-for-stm32.12.3.rel1.win32_1.0.200.202406191623/tools/bin/../lib/gcc/arm-none-eabi/12.3.1/thumb/v7e-m+fp/hard/crtn.o
                0x20010000                        _estack = (ORIGIN (RAM) + LENGTH (RAM))
                0x00000200                        _Min_Heap_Size = 0x200
                0x00000400                        _Min_Stack_Size = 0x400

.isr_vector     0x08000000      0x194
                0x08000000                        . = ALIGN (0x4)
 *(.isr_vector)
 .isr_vector    0x08000000      0x194 ./Core/Startup/startup_stm32f401ccux.o
                0x08000000                g_pfnVectors
                0x08000194                        . = ALIGN (0x4)

.text           0x080001a0     0x4d54
                0x080001a0                        . = ALIGN (0x4)
 *(.text)
 .text          0x080001a0       0x40 D:/CubeIDE/STM32CubeIDE_1.12.0/STM32CubeIDE/plugins/com.st.stm32cube.ide.mcu.externaltools.gnu-tools-for-stm32.12.3.rel1.win32_1.0.200.202406191623/tools/bin/../lib/gcc/arm-none-eabi/12.3.1/thumb/v7e-m+fp/hard/crtbegin.o
 .text          0x080001e0       0x10 D:/CubeIDE/STM32CubeIDE_1.12.0/STM32CubeIDE/plugins/com.st.stm32cube.ide.mcu.externaltools.gnu-tools-for-stm32.12.3.rel1.win32_1.0.200.202406191623/tools/bin/../lib/gcc/arm-none-eabi/12.3.1/../../../../arm-none-eabi/lib/thumb/v7e-m+fp/hard\libc_nano.a(libc_a-strlen.o)
                0x080001e0                strlen
 .text          0x080001f0       0xa0 D:/CubeIDE/STM32CubeIDE_1.12.0/STM32CubeIDE/plugins/com.st.stm32cube.ide.mcu.externaltools.gnu-tools-for-stm32.12.3.rel1.win32_1.0.200.202406191623/tools/bin/../lib/gcc/arm-none-eabi/12.3.1/../../../../arm-none-eabi/lib/thumb/v7e-m+fp/hard\libc_nano.a(libc_a-memchr.o)
                0x080001f0                memchr
 .text          0x08000290       0x30 D:/CubeIDE/STM32CubeIDE_1.12.0/STM32CubeIDE/plugins/com.st.stm32cube.ide.mcu.externaltools.gnu-tools-for-stm32.12.3.rel1.win32_1.0.200.202406191623/tools/bin/../lib/gcc/arm-none-eabi/12.3.1/thumb/v7e-m+fp/hard\libgcc.a(_aeabi_uldivmod.o)
                0x08000290                __aeabi_uldivmod
 .text          0x080002c0      0x2bc D:/CubeIDE/STM32CubeIDE_1.12.0/STM32CubeIDE/plugins/com.st.stm32cube.ide.mcu.externaltools.gnu-tools-for-stm32.12.3.rel1.win32_1.0.200.202406191623/tools/bin/../lib/gcc/arm-none-eabi/12.3.1/thumb/v7e-m+fp/hard\libgcc.a(_udivmoddi4.o)
                0x080002c0                __udivmoddi4
 .text          0x0800057c        0x4 D:/CubeIDE/STM32CubeIDE_1.12.0/STM32CubeIDE/plugins/com.st.stm32cube.ide.mcu.externaltools.gnu-tools-for-stm32.12.3.rel1.win32_1.0.200.202406191623/tools/bin/../lib/gcc/arm-none-eabi/12.3.1/thumb/v7e-m+fp/hard\libgcc.a(_dvmd_tls.o)
                0x0800057c                __aeabi_idiv0
                0x0800057c                __aeabi_ldiv0
 *(.text*)
 .text.ExecuteCommand
                0x08000580       0x72 ./Core/Src/ds24b33.o
 *fill*         0x080005f2        0x2 
 .text.WriteScratchpad
                0x080005f4       0x34 ./Core/Src/ds24b33.o
                0x080005f4                WriteScratchpad
 .text.ReadScratchpad
                0x08000628       0x28 ./Core/Src/ds24b33.o
                0x08000628                ReadScratchpad
 .text.CopyScratchpad
                0x08000650       0x40 ./Core/Src/ds24b33.o
                0x08000650                CopyScratchpad
 .text.ReadMemory
                0x08000690       0x34 ./Core/Src/ds24b33.o
                0x08000690                ReadMemory
 .text.ReadRom  0x080006c4       0x24 ./Core/Src/ds24b33.o
                0x080006c4                ReadRom
 .text.write_data_toMem
                0x080006e8      0x126 ./Core/Src/ds24b33_manage.o
 .text.get_rand_data
                0x0800080e       0x3e ./Core/Src/ds24b33_manage.o
 .text.compare_data
                0x0800084c       0x42 ./Core/Src/ds24b33_manage.o
 .text.read_mem_data
                0x0800088e       0xc4 ./Core/Src/ds24b33_manage.o
 .text.check_memory
                0x08000952       0xa0 ./Core/Src/ds24b33_manage.o
                0x08000952                check_memory
 *fill*         0x080009f2        0x2 
 .text.lcd1602_Send_init_Data
                0x080009f4       0x88 ./Core/Src/lcd1602_i2c_lib.o
 .text.lcd1602_Send_data
                0x08000a7c       0x7c ./Core/Src/lcd1602_i2c_lib.o
 .text.lcd1602_Init
                0x08000af8       0xc0 ./Core/Src/lcd1602_i2c_lib.o
                0x08000af8                lcd1602_Init
 .text.lcd1602_Print_symbol
                0x08000bb8       0x4a ./Core/Src/lcd1602_i2c_lib.o
                0x08000bb8                lcd1602_Print_symbol
 .text.lcd1602_Print_text
                0x08000c02       0x3a ./Core/Src/lcd1602_i2c_lib.o
                0x08000c02                lcd1602_Print_text
 .text.lcd1602_SetCursor
                0x08000c3c       0x8a ./Core/Src/lcd1602_i2c_lib.o
                0x08000c3c                lcd1602_SetCursor
 *fill*         0x08000cc6        0x2 
 .text.lcd1602_Clean_Text
                0x08000cc8       0x28 ./Core/Src/lcd1602_i2c_lib.o
                0x08000cc8                lcd1602_Clean_Text
 .text.main     0x08000cf0      0x14c ./Core/Src/main.o
                0x08000cf0                main
 .text.SystemClock_Config
                0x08000e3c       0xd8 ./Core/Src/main.o
                0x08000e3c                SystemClock_Config
 .text.MX_I2C1_Init
                0x08000f14       0x5c ./Core/Src/main.o
 .text.MX_USART6_UART_Init
                0x08000f70       0x54 ./Core/Src/main.o
 .text.MX_GPIO_Init
                0x08000fc4       0xc0 ./Core/Src/main.o
 .text.ExpectTargetDevice
                0x08001084       0x64 ./Core/Src/main.o
                0x08001084                ExpectTargetDevice
 .text.EXTI9_5_IRQHandler
                0x080010e8       0x18 ./Core/Src/main.o
                0x080010e8                EXTI9_5_IRQHandler
 .text.EXTI15_10_IRQHandler
                0x08001100       0x18 ./Core/Src/main.o
                0x08001100                EXTI15_10_IRQHandler
 .text.HAL_GPIO_EXTI_Callback
                0x08001118       0x6c ./Core/Src/main.o
                0x08001118                HAL_GPIO_EXTI_Callback
 .text.Error_Handler
                0x08001184        0xc ./Core/Src/main.o
                0x08001184                Error_Handler
 .text.GetChoisePoint
                0x08001190       0x5c ./Core/Src/menu.o
                0x08001190                GetChoisePoint
 .text.PrintMainMenu
                0x080011ec       0x9e ./Core/Src/menu.o
                0x080011ec                PrintMainMenu
 *fill*         0x0800128a        0x2 
 .text.CheckMemHandler
                0x0800128c       0x58 ./Core/Src/menu.o
                0x0800128c                CheckMemHandler
 .text.FirsButtonHandler
                0x080012e4       0x5a ./Core/Src/menu.o
                0x080012e4                FirsButtonHandler
 .text.SecondButtonHandler
                0x0800133e       0x1a ./Core/Src/menu.o
                0x0800133e                SecondButtonHandler
 .text.ThirdButtonHandler
                0x08001358       0x50 ./Core/Src/menu.o
                0x08001358                ThirdButtonHandler
 .text.FourthButtonHandler
                0x080013a8       0x50 ./Core/Src/menu.o
                0x080013a8                FourthButtonHandler
 .text.SetBaudrate
                0x080013f8      0x480 ./Core/Src/onewire.o
 .text.OneWire_Reset
                0x08001878       0x5a ./Core/Src/onewire.o
                0x08001878                OneWire_Reset
 .text.OneWire_ProcessBit
                0x080018d2       0x44 ./Core/Src/onewire.o
                0x080018d2                OneWire_ProcessBit
 .text.OneWire_ProcessByte
                0x08001916       0x6c ./Core/Src/onewire.o
                0x08001916                OneWire_ProcessByte
 *fill*         0x08001982        0x2 
 .text.HAL_MspInit
                0x08001984       0x50 ./Core/Src/stm32f4xx_hal_msp.o
                0x08001984                HAL_MspInit
 .text.HAL_I2C_MspInit
                0x080019d4       0x90 ./Core/Src/stm32f4xx_hal_msp.o
                0x080019d4                HAL_I2C_MspInit
 .text.HAL_UART_MspInit
                0x08001a64       0x90 ./Core/Src/stm32f4xx_hal_msp.o
                0x08001a64                HAL_UART_MspInit
 .text.NMI_Handler
                0x08001af4        0x8 ./Core/Src/stm32f4xx_it.o
                0x08001af4                NMI_Handler
 .text.HardFault_Handler
                0x08001afc        0x8 ./Core/Src/stm32f4xx_it.o
                0x08001afc                HardFault_Handler
 .text.MemManage_Handler
                0x08001b04        0x8 ./Core/Src/stm32f4xx_it.o
                0x08001b04                MemManage_Handler
 .text.BusFault_Handler
                0x08001b0c        0x8 ./Core/Src/stm32f4xx_it.o
                0x08001b0c                BusFault_Handler
 .text.UsageFault_Handler
                0x08001b14        0x8 ./Core/Src/stm32f4xx_it.o
                0x08001b14                UsageFault_Handler
 .text.SVC_Handler
                0x08001b1c        0xe ./Core/Src/stm32f4xx_it.o
                0x08001b1c                SVC_Handler
 .text.DebugMon_Handler
                0x08001b2a        0xe ./Core/Src/stm32f4xx_it.o
                0x08001b2a                DebugMon_Handler
 .text.PendSV_Handler
                0x08001b38        0xe ./Core/Src/stm32f4xx_it.o
                0x08001b38                PendSV_Handler
 .text.SysTick_Handler
                0x08001b46        0xc ./Core/Src/stm32f4xx_it.o
                0x08001b46                SysTick_Handler
 .text._getpid  0x08001b52       0x10 ./Core/Src/syscalls.o
                0x08001b52                _getpid
 .text._kill    0x08001b62       0x20 ./Core/Src/syscalls.o
                0x08001b62                _kill
 .text._exit    0x08001b82       0x16 ./Core/Src/syscalls.o
                0x08001b82                _exit
 .text._read    0x08001b98       0x3a ./Core/Src/syscalls.o
                0x08001b98                _read
 .text._write   0x08001bd2       0x38 ./Core/Src/syscalls.o
                0x08001bd2                _write
 .text._close   0x08001c0a       0x18 ./Core/Src/syscalls.o
                0x08001c0a                _close
 .text._fstat   0x08001c22       0x20 ./Core/Src/syscalls.o
                0x08001c22                _fstat
 .text._isatty  0x08001c42       0x16 ./Core/Src/syscalls.o
                0x08001c42                _isatty
 .text._lseek   0x08001c58       0x1a ./Core/Src/syscalls.o
                0x08001c58                _lseek
 *fill*         0x08001c72        0x2 
 .text._sbrk    0x08001c74       0x6c ./Core/Src/sysmem.o
                0x08001c74                _sbrk
 .text.SystemInit
                0x08001ce0       0x24 ./Core/Src/system_stm32f4xx.o
                0x08001ce0                SystemInit
 .text.Reset_Handler
                0x08001d04       0x50 ./Core/Startup/startup_stm32f401ccux.o
                0x08001d04                Reset_Handler
 .text.Default_Handler
                0x08001d54        0x2 ./Core/Startup/startup_stm32f401ccux.o
                0x08001d54                RTC_Alarm_IRQHandler
                0x08001d54                EXTI2_IRQHandler
                0x08001d54                SPI4_IRQHandler
                0x08001d54                TIM1_CC_IRQHandler
                0x08001d54                DMA2_Stream5_IRQHandler
                0x08001d54                DMA1_Stream5_IRQHandler
                0x08001d54                PVD_IRQHandler
                0x08001d54                SDIO_IRQHandler
                0x08001d54                TAMP_STAMP_IRQHandler
                0x08001d54                EXTI3_IRQHandler
                0x08001d54                TIM1_UP_TIM10_IRQHandler
                0x08001d54                I2C3_ER_IRQHandler
                0x08001d54                EXTI0_IRQHandler
                0x08001d54                I2C2_EV_IRQHandler
                0x08001d54                DMA1_Stream2_IRQHandler
                0x08001d54                FPU_IRQHandler
                0x08001d54                DMA2_Stream2_IRQHandler
                0x08001d54                SPI1_IRQHandler
                0x08001d54                TIM1_BRK_TIM9_IRQHandler
                0x08001d54                DMA2_Stream3_IRQHandler
                0x08001d54                USART6_IRQHandler
                0x08001d54                DMA2_Stream0_IRQHandler
                0x08001d54                TIM4_IRQHandler
                0x08001d54                I2C1_EV_IRQHandler
                0x08001d54                DMA1_Stream6_IRQHandler
                0x08001d54                DMA1_Stream1_IRQHandler
                0x08001d54                TIM3_IRQHandler
                0x08001d54                RCC_IRQHandler
                0x08001d54                Default_Handler
                0x08001d54                ADC_IRQHandler
                0x08001d54                DMA1_Stream7_IRQHandler
                0x08001d54                TIM5_IRQHandler
                0x08001d54                DMA2_Stream7_IRQHandler
                0x08001d54                I2C3_EV_IRQHandler
                0x08001d54                RTC_WKUP_IRQHandler
                0x08001d54                SPI2_IRQHandler
                0x08001d54                DMA1_Stream0_IRQHandler
                0x08001d54                EXTI4_IRQHandler
                0x08001d54                WWDG_IRQHandler
                0x08001d54                TIM2_IRQHandler
                0x08001d54                OTG_FS_WKUP_IRQHandler
                0x08001d54                TIM1_TRG_COM_TIM11_IRQHandler
                0x08001d54                EXTI1_IRQHandler
                0x08001d54                USART2_IRQHandler
                0x08001d54                I2C2_ER_IRQHandler
                0x08001d54                DMA2_Stream1_IRQHandler
                0x08001d54                FLASH_IRQHandler
                0x08001d54                DMA2_Stream4_IRQHandler
                0x08001d54                USART1_IRQHandler
                0x08001d54                OTG_FS_IRQHandler
                0x08001d54                SPI3_IRQHandler
                0x08001d54                DMA1_Stream4_IRQHandler
                0x08001d54                I2C1_ER_IRQHandler
                0x08001d54                DMA2_Stream6_IRQHandler
                0x08001d54                DMA1_Stream3_IRQHandler
 *fill*         0x08001d56        0x2 
 .text.HAL_Init
                0x08001d58       0x44 ./Drivers/STM32F4xx_HAL_Driver/Src/stm32f4xx_hal.o
                0x08001d58                HAL_Init
 .text.HAL_InitTick
                0x08001d9c       0x60 ./Drivers/STM32F4xx_HAL_Driver/Src/stm32f4xx_hal.o
                0x08001d9c                HAL_InitTick
 .text.HAL_IncTick
                0x08001dfc       0x28 ./Drivers/STM32F4xx_HAL_Driver/Src/stm32f4xx_hal.o
                0x08001dfc                HAL_IncTick
 .text.HAL_GetTick
                0x08001e24       0x18 ./Drivers/STM32F4xx_HAL_Driver/Src/stm32f4xx_hal.o
                0x08001e24                HAL_GetTick
 .text.HAL_Delay
                0x08001e3c       0x48 ./Drivers/STM32F4xx_HAL_Driver/Src/stm32f4xx_hal.o
                0x08001e3c                HAL_Delay
 .text.__NVIC_SetPriorityGrouping
                0x08001e84       0x48 ./Drivers/STM32F4xx_HAL_Driver/Src/stm32f4xx_hal_cortex.o
 .text.__NVIC_GetPriorityGrouping
                0x08001ecc       0x1c ./Drivers/STM32F4xx_HAL_Driver/Src/stm32f4xx_hal_cortex.o
 .text.__NVIC_EnableIRQ
                0x08001ee8       0x3c ./Drivers/STM32F4xx_HAL_Driver/Src/stm32f4xx_hal_cortex.o
 .text.__NVIC_SetPriority
                0x08001f24       0x54 ./Drivers/STM32F4xx_HAL_Driver/Src/stm32f4xx_hal_cortex.o
 .text.NVIC_EncodePriority
                0x08001f78       0x66 ./Drivers/STM32F4xx_HAL_Driver/Src/stm32f4xx_hal_cortex.o
 *fill*         0x08001fde        0x2 
 .text.SysTick_Config
                0x08001fe0       0x44 ./Drivers/STM32F4xx_HAL_Driver/Src/stm32f4xx_hal_cortex.o
 .text.HAL_NVIC_SetPriorityGrouping
                0x08002024       0x16 ./Drivers/STM32F4xx_HAL_Driver/Src/stm32f4xx_hal_cortex.o
                0x08002024                HAL_NVIC_SetPriorityGrouping
 .text.HAL_NVIC_SetPriority
                0x0800203a       0x38 ./Drivers/STM32F4xx_HAL_Driver/Src/stm32f4xx_hal_cortex.o
                0x0800203a                HAL_NVIC_SetPriority
 .text.HAL_NVIC_EnableIRQ
                0x08002072       0x1c ./Drivers/STM32F4xx_HAL_Driver/Src/stm32f4xx_hal_cortex.o
                0x08002072                HAL_NVIC_EnableIRQ
 .text.HAL_SYSTICK_Config
                0x0800208e       0x18 ./Drivers/STM32F4xx_HAL_Driver/Src/stm32f4xx_hal_cortex.o
                0x0800208e                HAL_SYSTICK_Config
 *fill*         0x080020a6        0x2 
 .text.HAL_GPIO_Init
                0x080020a8      0x308 ./Drivers/STM32F4xx_HAL_Driver/Src/stm32f4xx_hal_gpio.o
                0x080020a8                HAL_GPIO_Init
 .text.HAL_GPIO_EXTI_IRQHandler
                0x080023b0       0x30 ./Drivers/STM32F4xx_HAL_Driver/Src/stm32f4xx_hal_gpio.o
                0x080023b0                HAL_GPIO_EXTI_IRQHandler
 .text.HAL_I2C_Init
                0x080023e0      0x288 ./Drivers/STM32F4xx_HAL_Driver/Src/stm32f4xx_hal_i2c.o
                0x080023e0                HAL_I2C_Init
 .text.HAL_I2C_Master_Transmit
                0x08002668      0x1fc ./Drivers/STM32F4xx_HAL_Driver/Src/stm32f4xx_hal_i2c.o
                0x08002668                HAL_I2C_Master_Transmit
 .text.I2C_MasterRequestWrite
                0x08002864      0x104 ./Drivers/STM32F4xx_HAL_Driver/Src/stm32f4xx_hal_i2c.o
 .text.I2C_WaitOnFlagUntilTimeout
                0x08002968       0xf4 ./Drivers/STM32F4xx_HAL_Driver/Src/stm32f4xx_hal_i2c.o
 .text.I2C_WaitOnMasterAddressFlagUntilTimeout
                0x08002a5c      0x140 ./Drivers/STM32F4xx_HAL_Driver/Src/stm32f4xx_hal_i2c.o
 .text.I2C_WaitOnTXEFlagUntilTimeout
                0x08002b9c       0x90 ./Drivers/STM32F4xx_HAL_Driver/Src/stm32f4xx_hal_i2c.o
 .text.I2C_WaitOnBTFFlagUntilTimeout
                0x08002c2c       0x90 ./Drivers/STM32F4xx_HAL_Driver/Src/stm32f4xx_hal_i2c.o
 .text.I2C_IsAcknowledgeFailed
                0x08002cbc       0x5e ./Drivers/STM32F4xx_HAL_Driver/Src/stm32f4xx_hal_i2c.o
 *fill*         0x08002d1a        0x2 
 .text.HAL_RCC_OscConfig
                0x08002d1c      0x4f0 ./Drivers/STM32F4xx_HAL_Driver/Src/stm32f4xx_hal_rcc.o
                0x08002d1c                HAL_RCC_OscConfig
 .text.HAL_RCC_ClockConfig
                0x0800320c      0x1cc ./Drivers/STM32F4xx_HAL_Driver/Src/stm32f4xx_hal_rcc.o
                0x0800320c                HAL_RCC_ClockConfig
 .text.HAL_RCC_GetSysClockFreq
                0x080033d8      0x18c ./Drivers/STM32F4xx_HAL_Driver/Src/stm32f4xx_hal_rcc.o
                0x080033d8                HAL_RCC_GetSysClockFreq
 .text.HAL_RCC_GetHCLKFreq
                0x08003564       0x18 ./Drivers/STM32F4xx_HAL_Driver/Src/stm32f4xx_hal_rcc.o
                0x08003564                HAL_RCC_GetHCLKFreq
 .text.HAL_RCC_GetPCLK1Freq
                0x0800357c       0x28 ./Drivers/STM32F4xx_HAL_Driver/Src/stm32f4xx_hal_rcc.o
                0x0800357c                HAL_RCC_GetPCLK1Freq
 .text.HAL_RCC_GetPCLK2Freq
                0x080035a4       0x28 ./Drivers/STM32F4xx_HAL_Driver/Src/stm32f4xx_hal_rcc.o
                0x080035a4                HAL_RCC_GetPCLK2Freq
 .text.HAL_HalfDuplex_Init
                0x080035cc       0xb0 ./Drivers/STM32F4xx_HAL_Driver/Src/stm32f4xx_hal_uart.o
                0x080035cc                HAL_HalfDuplex_Init
 .text.HAL_UART_Transmit
                0x0800367c      0x116 ./Drivers/STM32F4xx_HAL_Driver/Src/stm32f4xx_hal_uart.o
                0x0800367c                HAL_UART_Transmit
 .text.HAL_UART_Receive
                0x08003792      0x12e ./Drivers/STM32F4xx_HAL_Driver/Src/stm32f4xx_hal_uart.o
                0x08003792                HAL_UART_Receive
 .text.UART_WaitOnFlagUntilTimeout
                0x080038c0       0xb2 ./Drivers/STM32F4xx_HAL_Driver/Src/stm32f4xx_hal_uart.o
 .text.UART_EndRxTransfer
                0x08003972       0xc6 ./Drivers/STM32F4xx_HAL_Driver/Src/stm32f4xx_hal_uart.o
 .text.UART_SetConfig
                0x08003a38      0x4e8 ./Drivers/STM32F4xx_HAL_Driver/Src/stm32f4xx_hal_uart.o
 .text.rand     0x08003f20       0x7c D:/CubeIDE/STM32CubeIDE_1.12.0/STM32CubeIDE/plugins/com.st.stm32cube.ide.mcu.externaltools.gnu-tools-for-stm32.12.3.rel1.win32_1.0.200.202406191623/tools/bin/../lib/gcc/arm-none-eabi/12.3.1/../../../../arm-none-eabi/lib/thumb/v7e-m+fp/hard\libc_nano.a(libc_a-rand.o)
                0x08003f20                rand
 .text.std      0x08003f9c       0x6c D:/CubeIDE/STM32CubeIDE_1.12.0/STM32CubeIDE/plugins/com.st.stm32cube.ide.mcu.externaltools.gnu-tools-for-stm32.12.3.rel1.win32_1.0.200.202406191623/tools/bin/../lib/gcc/arm-none-eabi/12.3.1/../../../../arm-none-eabi/lib/thumb/v7e-m+fp/hard\libc_nano.a(libc_a-findfp.o)
 .text.stdio_exit_handler
                0x08004008       0x18 D:/CubeIDE/STM32CubeIDE_1.12.0/STM32CubeIDE/plugins/com.st.stm32cube.ide.mcu.externaltools.gnu-tools-for-stm32.12.3.rel1.win32_1.0.200.202406191623/tools/bin/../lib/gcc/arm-none-eabi/12.3.1/../../../../arm-none-eabi/lib/thumb/v7e-m+fp/hard\libc_nano.a(libc_a-findfp.o)
 .text.cleanup_stdio
                0x08004020       0x40 D:/CubeIDE/STM32CubeIDE_1.12.0/STM32CubeIDE/plugins/com.st.stm32cube.ide.mcu.externaltools.gnu-tools-for-stm32.12.3.rel1.win32_1.0.200.202406191623/tools/bin/../lib/gcc/arm-none-eabi/12.3.1/../../../../arm-none-eabi/lib/thumb/v7e-m+fp/hard\libc_nano.a(libc_a-findfp.o)
 .text.global_stdio_init.part.0
                0x08004060       0x3c D:/CubeIDE/STM32CubeIDE_1.12.0/STM32CubeIDE/plugins/com.st.stm32cube.ide.mcu.externaltools.gnu-tools-for-stm32.12.3.rel1.win32_1.0.200.202406191623/tools/bin/../lib/gcc/arm-none-eabi/12.3.1/../../../../arm-none-eabi/lib/thumb/v7e-m+fp/hard\libc_nano.a(libc_a-findfp.o)
 .text.__sfp_lock_acquire
                0x0800409c        0xc D:/CubeIDE/STM32CubeIDE_1.12.0/STM32CubeIDE/plugins/com.st.stm32cube.ide.mcu.externaltools.gnu-tools-for-stm32.12.3.rel1.win32_1.0.200.202406191623/tools/bin/../lib/gcc/arm-none-eabi/12.3.1/../../../../arm-none-eabi/lib/thumb/v7e-m+fp/hard\libc_nano.a(libc_a-findfp.o)
                0x0800409c                __sfp_lock_acquire
 .text.__sfp_lock_release
                0x080040a8        0xc D:/CubeIDE/STM32CubeIDE_1.12.0/STM32CubeIDE/plugins/com.st.stm32cube.ide.mcu.externaltools.gnu-tools-for-stm32.12.3.rel1.win32_1.0.200.202406191623/tools/bin/../lib/gcc/arm-none-eabi/12.3.1/../../../../arm-none-eabi/lib/thumb/v7e-m+fp/hard\libc_nano.a(libc_a-findfp.o)
                0x080040a8                __sfp_lock_release
 .text.__sinit  0x080040b4       0x30 D:/CubeIDE/STM32CubeIDE_1.12.0/STM32CubeIDE/plugins/com.st.stm32cube.ide.mcu.externaltools.gnu-tools-for-stm32.12.3.rel1.win32_1.0.200.202406191623/tools/bin/../lib/gcc/arm-none-eabi/12.3.1/../../../../arm-none-eabi/lib/thumb/v7e-m+fp/hard\libc_nano.a(libc_a-findfp.o)
                0x080040b4                __sinit
 .text._fwalk_sglue
                0x080040e4       0x3c D:/CubeIDE/STM32CubeIDE_1.12.0/STM32CubeIDE/plugins/com.st.stm32cube.ide.mcu.externaltools.gnu-tools-for-stm32.12.3.rel1.win32_1.0.200.202406191623/tools/bin/../lib/gcc/arm-none-eabi/12.3.1/../../../../arm-none-eabi/lib/thumb/v7e-m+fp/hard\libc_nano.a(libc_a-fwalk.o)
                0x080040e4                _fwalk_sglue
 .text.__sread  0x08004120       0x22 D:/CubeIDE/STM32CubeIDE_1.12.0/STM32CubeIDE/plugins/com.st.stm32cube.ide.mcu.externaltools.gnu-tools-for-stm32.12.3.rel1.win32_1.0.200.202406191623/tools/bin/../lib/gcc/arm-none-eabi/12.3.1/../../../../arm-none-eabi/lib/thumb/v7e-m+fp/hard\libc_nano.a(libc_a-stdio.o)
                0x08004120                __sread
 .text.__swrite
                0x08004142       0x38 D:/CubeIDE/STM32CubeIDE_1.12.0/STM32CubeIDE/plugins/com.st.stm32cube.ide.mcu.externaltools.gnu-tools-for-stm32.12.3.rel1.win32_1.0.200.202406191623/tools/bin/../lib/gcc/arm-none-eabi/12.3.1/../../../../arm-none-eabi/lib/thumb/v7e-m+fp/hard\libc_nano.a(libc_a-stdio.o)
                0x08004142                __swrite
 .text.__sseek  0x0800417a       0x24 D:/CubeIDE/STM32CubeIDE_1.12.0/STM32CubeIDE/plugins/com.st.stm32cube.ide.mcu.externaltools.gnu-tools-for-stm32.12.3.rel1.win32_1.0.200.202406191623/tools/bin/../lib/gcc/arm-none-eabi/12.3.1/../../../../arm-none-eabi/lib/thumb/v7e-m+fp/hard\libc_nano.a(libc_a-stdio.o)
                0x0800417a                __sseek
 .text.__sclose
                0x0800419e        0x8 D:/CubeIDE/STM32CubeIDE_1.12.0/STM32CubeIDE/plugins/com.st.stm32cube.ide.mcu.externaltools.gnu-tools-for-stm32.12.3.rel1.win32_1.0.200.202406191623/tools/bin/../lib/gcc/arm-none-eabi/12.3.1/../../../../arm-none-eabi/lib/thumb/v7e-m+fp/hard\libc_nano.a(libc_a-stdio.o)
                0x0800419e                __sclose
 .text.memset   0x080041a6       0x10 D:/CubeIDE/STM32CubeIDE_1.12.0/STM32CubeIDE/plugins/com.st.stm32cube.ide.mcu.externaltools.gnu-tools-for-stm32.12.3.rel1.win32_1.0.200.202406191623/tools/bin/../lib/gcc/arm-none-eabi/12.3.1/../../../../arm-none-eabi/lib/thumb/v7e-m+fp/hard\libc_nano.a(libc_a-memset.o)
                0x080041a6                memset
 *fill*         0x080041b6        0x2 
 .text._close_r
                0x080041b8       0x20 D:/CubeIDE/STM32CubeIDE_1.12.0/STM32CubeIDE/plugins/com.st.stm32cube.ide.mcu.externaltools.gnu-tools-for-stm32.12.3.rel1.win32_1.0.200.202406191623/tools/bin/../lib/gcc/arm-none-eabi/12.3.1/../../../../arm-none-eabi/lib/thumb/v7e-m+fp/hard\libc_nano.a(libc_a-closer.o)
                0x080041b8                _close_r
 .text._lseek_r
                0x080041d8       0x24 D:/CubeIDE/STM32CubeIDE_1.12.0/STM32CubeIDE/plugins/com.st.stm32cube.ide.mcu.externaltools.gnu-tools-for-stm32.12.3.rel1.win32_1.0.200.202406191623/tools/bin/../lib/gcc/arm-none-eabi/12.3.1/../../../../arm-none-eabi/lib/thumb/v7e-m+fp/hard\libc_nano.a(libc_a-lseekr.o)
                0x080041d8                _lseek_r
 .text._read_r  0x080041fc       0x24 D:/CubeIDE/STM32CubeIDE_1.12.0/STM32CubeIDE/plugins/com.st.stm32cube.ide.mcu.externaltools.gnu-tools-for-stm32.12.3.rel1.win32_1.0.200.202406191623/tools/bin/../lib/gcc/arm-none-eabi/12.3.1/../../../../arm-none-eabi/lib/thumb/v7e-m+fp/hard\libc_nano.a(libc_a-readr.o)
                0x080041fc                _read_r
 .text._write_r
                0x08004220       0x24 D:/CubeIDE/STM32CubeIDE_1.12.0/STM32CubeIDE/plugins/com.st.stm32cube.ide.mcu.externaltools.gnu-tools-for-stm32.12.3.rel1.win32_1.0.200.202406191623/tools/bin/../lib/gcc/arm-none-eabi/12.3.1/../../../../arm-none-eabi/lib/thumb/v7e-m+fp/hard\libc_nano.a(libc_a-writer.o)
                0x08004220                _write_r
 .text.__errno  0x08004244        0xc D:/CubeIDE/STM32CubeIDE_1.12.0/STM32CubeIDE/plugins/com.st.stm32cube.ide.mcu.externaltools.gnu-tools-for-stm32.12.3.rel1.win32_1.0.200.202406191623/tools/bin/../lib/gcc/arm-none-eabi/12.3.1/../../../../arm-none-eabi/lib/thumb/v7e-m+fp/hard\libc_nano.a(libc_a-errno.o)
                0x08004244                __errno
 .text.__libc_init_array
                0x08004250       0x48 D:/CubeIDE/STM32CubeIDE_1.12.0/STM32CubeIDE/plugins/com.st.stm32cube.ide.mcu.externaltools.gnu-tools-for-stm32.12.3.rel1.win32_1.0.200.202406191623/tools/bin/../lib/gcc/arm-none-eabi/12.3.1/../../../../arm-none-eabi/lib/thumb/v7e-m+fp/hard\libc_nano.a(libc_a-init.o)
                0x08004250                __libc_init_array
 .text.__retarget_lock_init_recursive
                0x08004298        0x2 D:/CubeIDE/STM32CubeIDE_1.12.0/STM32CubeIDE/plugins/com.st.stm32cube.ide.mcu.externaltools.gnu-tools-for-stm32.12.3.rel1.win32_1.0.200.202406191623/tools/bin/../lib/gcc/arm-none-eabi/12.3.1/../../../../arm-none-eabi/lib/thumb/v7e-m+fp/hard\libc_nano.a(libc_a-lock.o)
                0x08004298                __retarget_lock_init_recursive
 .text.__retarget_lock_acquire_recursive
                0x0800429a        0x2 D:/CubeIDE/STM32CubeIDE_1.12.0/STM32CubeIDE/plugins/com.st.stm32cube.ide.mcu.externaltools.gnu-tools-for-stm32.12.3.rel1.win32_1.0.200.202406191623/tools/bin/../lib/gcc/arm-none-eabi/12.3.1/../../../../arm-none-eabi/lib/thumb/v7e-m+fp/hard\libc_nano.a(libc_a-lock.o)
                0x0800429a                __retarget_lock_acquire_recursive
 .text.__retarget_lock_release_recursive
                0x0800429c        0x2 D:/CubeIDE/STM32CubeIDE_1.12.0/STM32CubeIDE/plugins/com.st.stm32cube.ide.mcu.externaltools.gnu-tools-for-stm32.12.3.rel1.win32_1.0.200.202406191623/tools/bin/../lib/gcc/arm-none-eabi/12.3.1/../../../../arm-none-eabi/lib/thumb/v7e-m+fp/hard\libc_nano.a(libc_a-lock.o)
                0x0800429c                __retarget_lock_release_recursive
 *fill*         0x0800429e        0x2 
 .text.__assert_func
                0x080042a0       0x3c D:/CubeIDE/STM32CubeIDE_1.12.0/STM32CubeIDE/plugins/com.st.stm32cube.ide.mcu.externaltools.gnu-tools-for-stm32.12.3.rel1.win32_1.0.200.202406191623/tools/bin/../lib/gcc/arm-none-eabi/12.3.1/../../../../arm-none-eabi/lib/thumb/v7e-m+fp/hard\libc_nano.a(libc_a-assert.o)
                0x080042a0                __assert_func
 .text._free_r  0x080042dc       0x94 D:/CubeIDE/STM32CubeIDE_1.12.0/STM32CubeIDE/plugins/com.st.stm32cube.ide.mcu.externaltools.gnu-tools-for-stm32.12.3.rel1.win32_1.0.200.202406191623/tools/bin/../lib/gcc/arm-none-eabi/12.3.1/../../../../arm-none-eabi/lib/thumb/v7e-m+fp/hard\libc_nano.a(libc_a-freer.o)
                0x080042dc                _free_r
 .text.malloc   0x08004370       0x10 D:/CubeIDE/STM32CubeIDE_1.12.0/STM32CubeIDE/plugins/com.st.stm32cube.ide.mcu.externaltools.gnu-tools-for-stm32.12.3.rel1.win32_1.0.200.202406191623/tools/bin/../lib/gcc/arm-none-eabi/12.3.1/../../../../arm-none-eabi/lib/thumb/v7e-m+fp/hard\libc_nano.a(libc_a-malloc.o)
                0x08004370                malloc
 .text.sbrk_aligned
                0x08004380       0x44 D:/CubeIDE/STM32CubeIDE_1.12.0/STM32CubeIDE/plugins/com.st.stm32cube.ide.mcu.externaltools.gnu-tools-for-stm32.12.3.rel1.win32_1.0.200.202406191623/tools/bin/../lib/gcc/arm-none-eabi/12.3.1/../../../../arm-none-eabi/lib/thumb/v7e-m+fp/hard\libc_nano.a(libc_a-mallocr.o)
 .text._malloc_r
                0x080043c4      0x100 D:/CubeIDE/STM32CubeIDE_1.12.0/STM32CubeIDE/plugins/com.st.stm32cube.ide.mcu.externaltools.gnu-tools-for-stm32.12.3.rel1.win32_1.0.200.202406191623/tools/bin/../lib/gcc/arm-none-eabi/12.3.1/../../../../arm-none-eabi/lib/thumb/v7e-m+fp/hard\libc_nano.a(libc_a-mallocr.o)
                0x080043c4                _malloc_r
 .text.__malloc_lock
                0x080044c4        0xc D:/CubeIDE/STM32CubeIDE_1.12.0/STM32CubeIDE/plugins/com.st.stm32cube.ide.mcu.externaltools.gnu-tools-for-stm32.12.3.rel1.win32_1.0.200.202406191623/tools/bin/../lib/gcc/arm-none-eabi/12.3.1/../../../../arm-none-eabi/lib/thumb/v7e-m+fp/hard\libc_nano.a(libc_a-mlock.o)
                0x080044c4                __malloc_lock
 .text.__malloc_unlock
                0x080044d0        0xc D:/CubeIDE/STM32CubeIDE_1.12.0/STM32CubeIDE/plugins/com.st.stm32cube.ide.mcu.externaltools.gnu-tools-for-stm32.12.3.rel1.win32_1.0.200.202406191623/tools/bin/../lib/gcc/arm-none-eabi/12.3.1/../../../../arm-none-eabi/lib/thumb/v7e-m+fp/hard\libc_nano.a(libc_a-mlock.o)
                0x080044d0                __malloc_unlock
 .text.__sflush_r
                0x080044dc      0x108 D:/CubeIDE/STM32CubeIDE_1.12.0/STM32CubeIDE/plugins/com.st.stm32cube.ide.mcu.externaltools.gnu-tools-for-stm32.12.3.rel1.win32_1.0.200.202406191623/tools/bin/../lib/gcc/arm-none-eabi/12.3.1/../../../../arm-none-eabi/lib/thumb/v7e-m+fp/hard\libc_nano.a(libc_a-fflush.o)
                0x080044dc                __sflush_r
 .text._fflush_r
                0x080045e4       0x50 D:/CubeIDE/STM32CubeIDE_1.12.0/STM32CubeIDE/plugins/com.st.stm32cube.ide.mcu.externaltools.gnu-tools-for-stm32.12.3.rel1.win32_1.0.200.202406191623/tools/bin/../lib/gcc/arm-none-eabi/12.3.1/../../../../arm-none-eabi/lib/thumb/v7e-m+fp/hard\libc_nano.a(libc_a-fflush.o)
                0x080045e4                _fflush_r
 .text.fprintf  0x08004634       0x24 D:/CubeIDE/STM32CubeIDE_1.12.0/STM32CubeIDE/plugins/com.st.stm32cube.ide.mcu.externaltools.gnu-tools-for-stm32.12.3.rel1.win32_1.0.200.202406191623/tools/bin/../lib/gcc/arm-none-eabi/12.3.1/../../../../arm-none-eabi/lib/thumb/v7e-m+fp/hard\libc_nano.a(libc_a-fprintf.o)
                0x08004634                fiprintf
                0x08004634                fprintf
 .text._sbrk_r  0x08004658       0x20 D:/CubeIDE/STM32CubeIDE_1.12.0/STM32CubeIDE/plugins/com.st.stm32cube.ide.mcu.externaltools.gnu-tools-for-stm32.12.3.rel1.win32_1.0.200.202406191623/tools/bin/../lib/gcc/arm-none-eabi/12.3.1/../../../../arm-none-eabi/lib/thumb/v7e-m+fp/hard\libc_nano.a(libc_a-sbrkr.o)
                0x08004658                _sbrk_r
 .text.abort    0x08004678        0xe D:/CubeIDE/STM32CubeIDE_1.12.0/STM32CubeIDE/plugins/com.st.stm32cube.ide.mcu.externaltools.gnu-tools-for-stm32.12.3.rel1.win32_1.0.200.202406191623/tools/bin/../lib/gcc/arm-none-eabi/12.3.1/../../../../arm-none-eabi/lib/thumb/v7e-m+fp/hard\libc_nano.a(libc_a-abort.o)
                0x08004678                abort
 .text.__sfputc_r
                0x08004686       0x2e D:/CubeIDE/STM32CubeIDE_1.12.0/STM32CubeIDE/plugins/com.st.stm32cube.ide.mcu.externaltools.gnu-tools-for-stm32.12.3.rel1.win32_1.0.200.202406191623/tools/bin/../lib/gcc/arm-none-eabi/12.3.1/../../../../arm-none-eabi/lib/thumb/v7e-m+fp/hard\libc_nano.a(libc_a-nano-vfprintf.o)
 .text.__sfputs_r
                0x080046b4       0x24 D:/CubeIDE/STM32CubeIDE_1.12.0/STM32CubeIDE/plugins/com.st.stm32cube.ide.mcu.externaltools.gnu-tools-for-stm32.12.3.rel1.win32_1.0.200.202406191623/tools/bin/../lib/gcc/arm-none-eabi/12.3.1/../../../../arm-none-eabi/lib/thumb/v7e-m+fp/hard\libc_nano.a(libc_a-nano-vfprintf.o)
                0x080046b4                __sfputs_r
 .text._vfprintf_r
                0x080046d8      0x230 D:/CubeIDE/STM32CubeIDE_1.12.0/STM32CubeIDE/plugins/com.st.stm32cube.ide.mcu.externaltools.gnu-tools-for-stm32.12.3.rel1.win32_1.0.200.202406191623/tools/bin/../lib/gcc/arm-none-eabi/12.3.1/../../../../arm-none-eabi/lib/thumb/v7e-m+fp/hard\libc_nano.a(libc_a-nano-vfprintf.o)
                0x080046d8                _vfprintf_r
                0x080046d8                _vfiprintf_r
 .text._printf_common
                0x08004908       0xda D:/CubeIDE/STM32CubeIDE_1.12.0/STM32CubeIDE/plugins/com.st.stm32cube.ide.mcu.externaltools.gnu-tools-for-stm32.12.3.rel1.win32_1.0.200.202406191623/tools/bin/../lib/gcc/arm-none-eabi/12.3.1/../../../../arm-none-eabi/lib/thumb/v7e-m+fp/hard\libc_nano.a(libc_a-nano-vfprintf_i.o)
                0x08004908                _printf_common
 *fill*         0x080049e2        0x2 
 .text._printf_i
                0x080049e4      0x240 D:/CubeIDE/STM32CubeIDE_1.12.0/STM32CubeIDE/plugins/com.st.stm32cube.ide.mcu.externaltools.gnu-tools-for-stm32.12.3.rel1.win32_1.0.200.202406191623/tools/bin/../lib/gcc/arm-none-eabi/12.3.1/../../../../arm-none-eabi/lib/thumb/v7e-m+fp/hard\libc_nano.a(libc_a-nano-vfprintf_i.o)
                0x080049e4                _printf_i
 .text.__swbuf_r
                0x08004c24       0x7c D:/CubeIDE/STM32CubeIDE_1.12.0/STM32CubeIDE/plugins/com.st.stm32cube.ide.mcu.externaltools.gnu-tools-for-stm32.12.3.rel1.win32_1.0.200.202406191623/tools/bin/../lib/gcc/arm-none-eabi/12.3.1/../../../../arm-none-eabi/lib/thumb/v7e-m+fp/hard\libc_nano.a(libc_a-wbuf.o)
                0x08004c24                __swbuf_r
 .text.__swsetup_r
                0x08004ca0       0xac D:/CubeIDE/STM32CubeIDE_1.12.0/STM32CubeIDE/plugins/com.st.stm32cube.ide.mcu.externaltools.gnu-tools-for-stm32.12.3.rel1.win32_1.0.200.202406191623/tools/bin/../lib/gcc/arm-none-eabi/12.3.1/../../../../arm-none-eabi/lib/thumb/v7e-m+fp/hard\libc_nano.a(libc_a-wsetup.o)
                0x08004ca0                __swsetup_r
 .text._raise_r
                0x08004d4c       0x50 D:/CubeIDE/STM32CubeIDE_1.12.0/STM32CubeIDE/plugins/com.st.stm32cube.ide.mcu.externaltools.gnu-tools-for-stm32.12.3.rel1.win32_1.0.200.202406191623/tools/bin/../lib/gcc/arm-none-eabi/12.3.1/../../../../arm-none-eabi/lib/thumb/v7e-m+fp/hard\libc_nano.a(libc_a-signal.o)
                0x08004d4c                _raise_r
 .text.raise    0x08004d9c       0x10 D:/CubeIDE/STM32CubeIDE_1.12.0/STM32CubeIDE/plugins/com.st.stm32cube.ide.mcu.externaltools.gnu-tools-for-stm32.12.3.rel1.win32_1.0.200.202406191623/tools/bin/../lib/gcc/arm-none-eabi/12.3.1/../../../../arm-none-eabi/lib/thumb/v7e-m+fp/hard\libc_nano.a(libc_a-signal.o)
                0x08004d9c                raise
 .text._kill_r  0x08004dac       0x24 D:/CubeIDE/STM32CubeIDE_1.12.0/STM32CubeIDE/plugins/com.st.stm32cube.ide.mcu.externaltools.gnu-tools-for-stm32.12.3.rel1.win32_1.0.200.202406191623/tools/bin/../lib/gcc/arm-none-eabi/12.3.1/../../../../arm-none-eabi/lib/thumb/v7e-m+fp/hard\libc_nano.a(libc_a-signalr.o)
                0x08004dac                _kill_r
 .text._getpid_r
                0x08004dd0        0x4 D:/CubeIDE/STM32CubeIDE_1.12.0/STM32CubeIDE/plugins/com.st.stm32cube.ide.mcu.externaltools.gnu-tools-for-stm32.12.3.rel1.win32_1.0.200.202406191623/tools/bin/../lib/gcc/arm-none-eabi/12.3.1/../../../../arm-none-eabi/lib/thumb/v7e-m+fp/hard\libc_nano.a(libc_a-signalr.o)
                0x08004dd0                _getpid_r
 .text.__swhatbuf_r
                0x08004dd4       0x4c D:/CubeIDE/STM32CubeIDE_1.12.0/STM32CubeIDE/plugins/com.st.stm32cube.ide.mcu.externaltools.gnu-tools-for-stm32.12.3.rel1.win32_1.0.200.202406191623/tools/bin/../lib/gcc/arm-none-eabi/12.3.1/../../../../arm-none-eabi/lib/thumb/v7e-m+fp/hard\libc_nano.a(libc_a-makebuf.o)
                0x08004dd4                __swhatbuf_r
 .text.__smakebuf_r
                0x08004e20       0x78 D:/CubeIDE/STM32CubeIDE_1.12.0/STM32CubeIDE/plugins/com.st.stm32cube.ide.mcu.externaltools.gnu-tools-for-stm32.12.3.rel1.win32_1.0.200.202406191623/tools/bin/../lib/gcc/arm-none-eabi/12.3.1/../../../../arm-none-eabi/lib/thumb/v7e-m+fp/hard\libc_nano.a(libc_a-makebuf.o)
                0x08004e20                __smakebuf_r
 .text._fstat_r
                0x08004e98       0x24 D:/CubeIDE/STM32CubeIDE_1.12.0/STM32CubeIDE/plugins/com.st.stm32cube.ide.mcu.externaltools.gnu-tools-for-stm32.12.3.rel1.win32_1.0.200.202406191623/tools/bin/../lib/gcc/arm-none-eabi/12.3.1/../../../../arm-none-eabi/lib/thumb/v7e-m+fp/hard\libc_nano.a(libc_a-fstatr.o)
                0x08004e98                _fstat_r
 .text._isatty_r
                0x08004ebc       0x20 D:/CubeIDE/STM32CubeIDE_1.12.0/STM32CubeIDE/plugins/com.st.stm32cube.ide.mcu.externaltools.gnu-tools-for-stm32.12.3.rel1.win32_1.0.200.202406191623/tools/bin/../lib/gcc/arm-none-eabi/12.3.1/../../../../arm-none-eabi/lib/thumb/v7e-m+fp/hard\libc_nano.a(libc_a-isattyr.o)
                0x08004ebc                _isatty_r
 *(.glue_7)
 .glue_7        0x08004edc        0x0 linker stubs
 *(.glue_7t)
 .glue_7t       0x08004edc        0x0 linker stubs
 *(.eh_frame)
 .eh_frame      0x08004edc        0x0 D:/CubeIDE/STM32CubeIDE_1.12.0/STM32CubeIDE/plugins/com.st.stm32cube.ide.mcu.externaltools.gnu-tools-for-stm32.12.3.rel1.win32_1.0.200.202406191623/tools/bin/../lib/gcc/arm-none-eabi/12.3.1/thumb/v7e-m+fp/hard/crtbegin.o
 *(.init)
 .init          0x08004edc        0x4 D:/CubeIDE/STM32CubeIDE_1.12.0/STM32CubeIDE/plugins/com.st.stm32cube.ide.mcu.externaltools.gnu-tools-for-stm32.12.3.rel1.win32_1.0.200.202406191623/tools/bin/../lib/gcc/arm-none-eabi/12.3.1/thumb/v7e-m+fp/hard/crti.o
                0x08004edc                _init
 .init          0x08004ee0        0x8 D:/CubeIDE/STM32CubeIDE_1.12.0/STM32CubeIDE/plugins/com.st.stm32cube.ide.mcu.externaltools.gnu-tools-for-stm32.12.3.rel1.win32_1.0.200.202406191623/tools/bin/../lib/gcc/arm-none-eabi/12.3.1/thumb/v7e-m+fp/hard/crtn.o
 *(.fini)
 .fini          0x08004ee8        0x4 D:/CubeIDE/STM32CubeIDE_1.12.0/STM32CubeIDE/plugins/com.st.stm32cube.ide.mcu.externaltools.gnu-tools-for-stm32.12.3.rel1.win32_1.0.200.202406191623/tools/bin/../lib/gcc/arm-none-eabi/12.3.1/thumb/v7e-m+fp/hard/crti.o
                0x08004ee8                _fini
 .fini          0x08004eec        0x8 D:/CubeIDE/STM32CubeIDE_1.12.0/STM32CubeIDE/plugins/com.st.stm32cube.ide.mcu.externaltools.gnu-tools-for-stm32.12.3.rel1.win32_1.0.200.202406191623/tools/bin/../lib/gcc/arm-none-eabi/12.3.1/thumb/v7e-m+fp/hard/crtn.o
                0x08004ef4                        . = ALIGN (0x4)
                0x08004ef4                        _etext = .

.vfp11_veneer   0x08004ef4        0x0
 .vfp11_veneer  0x08004ef4        0x0 linker stubs

.v4_bx          0x08004ef4        0x0
 .v4_bx         0x08004ef4        0x0 linker stubs

.iplt           0x08004ef4        0x0
 .iplt          0x08004ef4        0x0 D:/CubeIDE/STM32CubeIDE_1.12.0/STM32CubeIDE/plugins/com.st.stm32cube.ide.mcu.externaltools.gnu-tools-for-stm32.12.3.rel1.win32_1.0.200.202406191623/tools/bin/../lib/gcc/arm-none-eabi/12.3.1/thumb/v7e-m+fp/hard/crtbegin.o

.rodata         0x08004ef4      0x170
                0x08004ef4                        . = ALIGN (0x4)
 *(.rodata)
 .rodata        0x08004ef4       0x29 ./Core/Src/lcd1602_i2c_lib.o
 *fill*         0x08004f1d        0x3 
 .rodata        0x08004f20       0x2f ./Core/Src/main.o
 *fill*         0x08004f4f        0x1 
 .rodata        0x08004f50       0x1a ./Core/Src/menu.o
 *(.rodata*)
 *fill*         0x08004f6a        0x2 
 .rodata.AHBPrescTable
                0x08004f6c       0x10 ./Core/Src/system_stm32f4xx.o
                0x08004f6c                AHBPrescTable
 .rodata.APBPrescTable
                0x08004f7c        0x8 ./Core/Src/system_stm32f4xx.o
                0x08004f7c                APBPrescTable
 .rodata.srand.str1.1
                0x08004f84       0x6f D:/CubeIDE/STM32CubeIDE_1.12.0/STM32CubeIDE/plugins/com.st.stm32cube.ide.mcu.externaltools.gnu-tools-for-stm32.12.3.rel1.win32_1.0.200.202406191623/tools/bin/../lib/gcc/arm-none-eabi/12.3.1/../../../../arm-none-eabi/lib/thumb/v7e-m+fp/hard\libc_nano.a(libc_a-rand.o)
 .rodata.__assert_func.str1.1
                0x08004ff3       0x3c D:/CubeIDE/STM32CubeIDE_1.12.0/STM32CubeIDE/plugins/com.st.stm32cube.ide.mcu.externaltools.gnu-tools-for-stm32.12.3.rel1.win32_1.0.200.202406191623/tools/bin/../lib/gcc/arm-none-eabi/12.3.1/../../../../arm-none-eabi/lib/thumb/v7e-m+fp/hard\libc_nano.a(libc_a-assert.o)
                                 0x3d (size before relaxing)
 .rodata._vfprintf_r.str1.1
                0x0800502f       0x11 D:/CubeIDE/STM32CubeIDE_1.12.0/STM32CubeIDE/plugins/com.st.stm32cube.ide.mcu.externaltools.gnu-tools-for-stm32.12.3.rel1.win32_1.0.200.202406191623/tools/bin/../lib/gcc/arm-none-eabi/12.3.1/../../../../arm-none-eabi/lib/thumb/v7e-m+fp/hard\libc_nano.a(libc_a-nano-vfprintf.o)
 .rodata._printf_i.str1.1
                0x08005040       0x22 D:/CubeIDE/STM32CubeIDE_1.12.0/STM32CubeIDE/plugins/com.st.stm32cube.ide.mcu.externaltools.gnu-tools-for-stm32.12.3.rel1.win32_1.0.200.202406191623/tools/bin/../lib/gcc/arm-none-eabi/12.3.1/../../../../arm-none-eabi/lib/thumb/v7e-m+fp/hard\libc_nano.a(libc_a-nano-vfprintf_i.o)
                0x08005064                        . = ALIGN (0x4)
 *fill*         0x08005062        0x2 

.ARM.extab      0x08005064        0x0
                0x08005064                        . = ALIGN (0x4)
 *(.ARM.extab* .gnu.linkonce.armextab.*)
                0x08005064                        . = ALIGN (0x4)

.ARM            0x08005064        0x8
                0x08005064                        . = ALIGN (0x4)
                0x08005064                        __exidx_start = .
 *(.ARM.exidx*)
 .ARM.exidx     0x08005064        0x8 D:/CubeIDE/STM32CubeIDE_1.12.0/STM32CubeIDE/plugins/com.st.stm32cube.ide.mcu.externaltools.gnu-tools-for-stm32.12.3.rel1.win32_1.0.200.202406191623/tools/bin/../lib/gcc/arm-none-eabi/12.3.1/../../../../arm-none-eabi/lib/thumb/v7e-m+fp/hard\libc_nano.a(libc_a-strlen.o)
 .ARM.exidx     0x0800506c        0x0 D:/CubeIDE/STM32CubeIDE_1.12.0/STM32CubeIDE/plugins/com.st.stm32cube.ide.mcu.externaltools.gnu-tools-for-stm32.12.3.rel1.win32_1.0.200.202406191623/tools/bin/../lib/gcc/arm-none-eabi/12.3.1/../../../../arm-none-eabi/lib/thumb/v7e-m+fp/hard\libc_nano.a(libc_a-memchr.o)
                                  0x8 (size before relaxing)
 .ARM.exidx     0x0800506c        0x0 D:/CubeIDE/STM32CubeIDE_1.12.0/STM32CubeIDE/plugins/com.st.stm32cube.ide.mcu.externaltools.gnu-tools-for-stm32.12.3.rel1.win32_1.0.200.202406191623/tools/bin/../lib/gcc/arm-none-eabi/12.3.1/thumb/v7e-m+fp/hard\libgcc.a(_udivmoddi4.o)
                                  0x8 (size before relaxing)
                0x0800506c                        __exidx_end = .
                0x0800506c                        . = ALIGN (0x4)

.rel.dyn        0x0800506c        0x0
 .rel.iplt      0x0800506c        0x0 D:/CubeIDE/STM32CubeIDE_1.12.0/STM32CubeIDE/plugins/com.st.stm32cube.ide.mcu.externaltools.gnu-tools-for-stm32.12.3.rel1.win32_1.0.200.202406191623/tools/bin/../lib/gcc/arm-none-eabi/12.3.1/thumb/v7e-m+fp/hard/crtbegin.o

.preinit_array  0x0800506c        0x0
                0x0800506c                        . = ALIGN (0x4)
                0x0800506c                        PROVIDE (__preinit_array_start = .)
 *(.preinit_array*)
                0x0800506c                        PROVIDE (__preinit_array_end = .)
                0x0800506c                        . = ALIGN (0x4)

.init_array     0x0800506c        0x4
                0x0800506c                        . = ALIGN (0x4)
                0x0800506c                        PROVIDE (__init_array_start = .)
 *(SORT_BY_NAME(.init_array.*))
 *(.init_array*)
 .init_array    0x0800506c        0x4 D:/CubeIDE/STM32CubeIDE_1.12.0/STM32CubeIDE/plugins/com.st.stm32cube.ide.mcu.externaltools.gnu-tools-for-stm32.12.3.rel1.win32_1.0.200.202406191623/tools/bin/../lib/gcc/arm-none-eabi/12.3.1/thumb/v7e-m+fp/hard/crtbegin.o
                0x08005070                        PROVIDE (__init_array_end = .)
                0x08005070                        . = ALIGN (0x4)

.fini_array     0x08005070        0x4
                0x08005070                        . = ALIGN (0x4)
                [!provide]                        PROVIDE (__fini_array_start = .)
 *(SORT_BY_NAME(.fini_array.*))
 *(.fini_array*)
 .fini_array    0x08005070        0x4 D:/CubeIDE/STM32CubeIDE_1.12.0/STM32CubeIDE/plugins/com.st.stm32cube.ide.mcu.externaltools.gnu-tools-for-stm32.12.3.rel1.win32_1.0.200.202406191623/tools/bin/../lib/gcc/arm-none-eabi/12.3.1/thumb/v7e-m+fp/hard/crtbegin.o
                [!provide]                        PROVIDE (__fini_array_end = .)
                0x08005074                        . = ALIGN (0x4)
                0x08005074                        _sidata = LOADADDR (.data)

.data           0x20000000       0x90 load address 0x08005074
                0x20000000                        . = ALIGN (0x4)
                0x20000000                        _sdata = .
 *(.data)
 *(.data*)
 .data.writeScratch
                0x20000000        0x6 ./Core/Src/ds24b33.o
 *fill*         0x20000006        0x2 
 .data.readScratch
                0x20000008        0x6 ./Core/Src/ds24b33.o
 *fill*         0x2000000e        0x2 
 .data.copyScratch
                0x20000010        0x6 ./Core/Src/ds24b33.o
 *fill*         0x20000016        0x2 
 .data.readMemory
                0x20000018        0x6 ./Core/Src/ds24b33.o
 *fill*         0x2000001e        0x2 
 .data.readRom  0x20000020        0x6 ./Core/Src/ds24b33.o
 .data.backlight
                0x20000026        0x1 ./Core/Src/lcd1602_i2c_lib.o
                0x20000026                backlight
 *fill*         0x20000027        0x1 
 .data.SystemCoreClock
                0x20000028        0x4 ./Core/Src/system_stm32f4xx.o
                0x20000028                SystemCoreClock
 .data.uwTickPrio
                0x2000002c        0x4 ./Drivers/STM32F4xx_HAL_Driver/Src/stm32f4xx_hal.o
                0x2000002c                uwTickPrio
 .data.uwTickFreq
                0x20000030        0x1 ./Drivers/STM32F4xx_HAL_Driver/Src/stm32f4xx_hal.o
                0x20000030                uwTickFreq
 *fill*         0x20000031        0x3 
 .data.__sglue  0x20000034        0xc D:/CubeIDE/STM32CubeIDE_1.12.0/STM32CubeIDE/plugins/com.st.stm32cube.ide.mcu.externaltools.gnu-tools-for-stm32.12.3.rel1.win32_1.0.200.202406191623/tools/bin/../lib/gcc/arm-none-eabi/12.3.1/../../../../arm-none-eabi/lib/thumb/v7e-m+fp/hard\libc_nano.a(libc_a-findfp.o)
                0x20000034                __sglue
 .data._impure_ptr
                0x20000040        0x4 D:/CubeIDE/STM32CubeIDE_1.12.0/STM32CubeIDE/plugins/com.st.stm32cube.ide.mcu.externaltools.gnu-tools-for-stm32.12.3.rel1.win32_1.0.200.202406191623/tools/bin/../lib/gcc/arm-none-eabi/12.3.1/../../../../arm-none-eabi/lib/thumb/v7e-m+fp/hard\libc_nano.a(libc_a-impure.o)
                0x20000040                _impure_ptr
 .data._impure_data
                0x20000044       0x4c D:/CubeIDE/STM32CubeIDE_1.12.0/STM32CubeIDE/plugins/com.st.stm32cube.ide.mcu.externaltools.gnu-tools-for-stm32.12.3.rel1.win32_1.0.200.202406191623/tools/bin/../lib/gcc/arm-none-eabi/12.3.1/../../../../arm-none-eabi/lib/thumb/v7e-m+fp/hard\libc_nano.a(libc_a-impure.o)
                0x20000044                _impure_data
 *(.RamFunc)
 *(.RamFunc*)
                0x20000090                        . = ALIGN (0x4)
                0x20000090                        _edata = .

.igot.plt       0x20000090        0x0 load address 0x08005104
 .igot.plt      0x20000090        0x0 D:/CubeIDE/STM32CubeIDE_1.12.0/STM32CubeIDE/plugins/com.st.stm32cube.ide.mcu.externaltools.gnu-tools-for-stm32.12.3.rel1.win32_1.0.200.202406191623/tools/bin/../lib/gcc/arm-none-eabi/12.3.1/thumb/v7e-m+fp/hard/crtbegin.o
                0x20000090                        . = ALIGN (0x4)

.bss            0x20000090      0x210 load address 0x08005104
                0x20000090                        _sbss = .
                0x20000090                        __bss_start__ = _sbss
 *(.bss)
 .bss           0x20000090       0x1c D:/CubeIDE/STM32CubeIDE_1.12.0/STM32CubeIDE/plugins/com.st.stm32cube.ide.mcu.externaltools.gnu-tools-for-stm32.12.3.rel1.win32_1.0.200.202406191623/tools/bin/../lib/gcc/arm-none-eabi/12.3.1/thumb/v7e-m+fp/hard/crtbegin.o
 *(.bss*)
 .bss.hi2c1     0x200000ac       0x54 ./Core/Src/main.o
                0x200000ac                hi2c1
 .bss.huart6    0x20000100       0x48 ./Core/Src/main.o
                0x20000100                huart6
 .bss.layer     0x20000148        0x1 ./Core/Src/main.o
                0x20000148                layer
 .bss.button_status
                0x20000149        0x1 ./Core/Src/main.o
                0x20000149                button_status
 .bss.but       0x2000014a        0x1 ./Core/Src/main.o
                0x2000014a                but
 *fill*         0x2000014b        0x1 
 .bss.__sbrk_heap_end
                0x2000014c        0x4 ./Core/Src/sysmem.o
 .bss.uwTick    0x20000150        0x4 ./Drivers/STM32F4xx_HAL_Driver/Src/stm32f4xx_hal.o
                0x20000150                uwTick
 .bss.__sf      0x20000154      0x138 D:/CubeIDE/STM32CubeIDE_1.12.0/STM32CubeIDE/plugins/com.st.stm32cube.ide.mcu.externaltools.gnu-tools-for-stm32.12.3.rel1.win32_1.0.200.202406191623/tools/bin/../lib/gcc/arm-none-eabi/12.3.1/../../../../arm-none-eabi/lib/thumb/v7e-m+fp/hard\libc_nano.a(libc_a-findfp.o)
                0x20000154                __sf
 .bss.__stdio_exit_handler
                0x2000028c        0x4 D:/CubeIDE/STM32CubeIDE_1.12.0/STM32CubeIDE/plugins/com.st.stm32cube.ide.mcu.externaltools.gnu-tools-for-stm32.12.3.rel1.win32_1.0.200.202406191623/tools/bin/../lib/gcc/arm-none-eabi/12.3.1/../../../../arm-none-eabi/lib/thumb/v7e-m+fp/hard\libc_nano.a(libc_a-findfp.o)
                0x2000028c                __stdio_exit_handler
 .bss.errno     0x20000290        0x4 D:/CubeIDE/STM32CubeIDE_1.12.0/STM32CubeIDE/plugins/com.st.stm32cube.ide.mcu.externaltools.gnu-tools-for-stm32.12.3.rel1.win32_1.0.200.202406191623/tools/bin/../lib/gcc/arm-none-eabi/12.3.1/../../../../arm-none-eabi/lib/thumb/v7e-m+fp/hard\libc_nano.a(libc_a-reent.o)
                0x20000290                errno
 .bss.__lock___malloc_recursive_mutex
                0x20000294        0x1 D:/CubeIDE/STM32CubeIDE_1.12.0/STM32CubeIDE/plugins/com.st.stm32cube.ide.mcu.externaltools.gnu-tools-for-stm32.12.3.rel1.win32_1.0.200.202406191623/tools/bin/../lib/gcc/arm-none-eabi/12.3.1/../../../../arm-none-eabi/lib/thumb/v7e-m+fp/hard\libc_nano.a(libc_a-lock.o)
                0x20000294                __lock___malloc_recursive_mutex
 .bss.__lock___sfp_recursive_mutex
                0x20000295        0x1 D:/CubeIDE/STM32CubeIDE_1.12.0/STM32CubeIDE/plugins/com.st.stm32cube.ide.mcu.externaltools.gnu-tools-for-stm32.12.3.rel1.win32_1.0.200.202406191623/tools/bin/../lib/gcc/arm-none-eabi/12.3.1/../../../../arm-none-eabi/lib/thumb/v7e-m+fp/hard\libc_nano.a(libc_a-lock.o)
                0x20000295                __lock___sfp_recursive_mutex
 *fill*         0x20000296        0x2 
 .bss.__malloc_sbrk_start
                0x20000298        0x4 D:/CubeIDE/STM32CubeIDE_1.12.0/STM32CubeIDE/plugins/com.st.stm32cube.ide.mcu.externaltools.gnu-tools-for-stm32.12.3.rel1.win32_1.0.200.202406191623/tools/bin/../lib/gcc/arm-none-eabi/12.3.1/../../../../arm-none-eabi/lib/thumb/v7e-m+fp/hard\libc_nano.a(libc_a-mallocr.o)
                0x20000298                __malloc_sbrk_start
 .bss.__malloc_free_list
                0x2000029c        0x4 D:/CubeIDE/STM32CubeIDE_1.12.0/STM32CubeIDE/plugins/com.st.stm32cube.ide.mcu.externaltools.gnu-tools-for-stm32.12.3.rel1.win32_1.0.200.202406191623/tools/bin/../lib/gcc/arm-none-eabi/12.3.1/../../../../arm-none-eabi/lib/thumb/v7e-m+fp/hard\libc_nano.a(libc_a-mallocr.o)
                0x2000029c                __malloc_free_list
 *(COMMON)
                0x200002a0                        . = ALIGN (0x4)
                0x200002a0                        _ebss = .
                0x200002a0                        __bss_end__ = _ebss

._user_heap_stack
                0x200002a0      0x600 load address 0x08005104
                0x200002a0                        . = ALIGN (0x8)
                [!provide]                        PROVIDE (end = .)
                0x200002a0                        PROVIDE (_end = .)
                0x200004a0                        . = (. + _Min_Heap_Size)
 *fill*         0x200002a0      0x200 
                0x200008a0                        . = (. + _Min_Stack_Size)
 *fill*         0x200004a0      0x400 
                0x200008a0                        . = ALIGN (0x8)

/DISCARD/
 libc.a(*)
 libm.a(*)
 libgcc.a(*)

.ARM.attributes
                0x00000000       0x30
 *(.ARM.attributes)
 .ARM.attributes
                0x00000000       0x22 D:/CubeIDE/STM32CubeIDE_1.12.0/STM32CubeIDE/plugins/com.st.stm32cube.ide.mcu.externaltools.gnu-tools-for-stm32.12.3.rel1.win32_1.0.200.202406191623/tools/bin/../lib/gcc/arm-none-eabi/12.3.1/thumb/v7e-m+fp/hard/crti.o
 .ARM.attributes
                0x00000022       0x34 D:/CubeIDE/STM32CubeIDE_1.12.0/STM32CubeIDE/plugins/com.st.stm32cube.ide.mcu.externaltools.gnu-tools-for-stm32.12.3.rel1.win32_1.0.200.202406191623/tools/bin/../lib/gcc/arm-none-eabi/12.3.1/thumb/v7e-m+fp/hard/crtbegin.o
 .ARM.attributes
                0x00000056       0x34 ./Core/Src/ds24b33.o
 .ARM.attributes
                0x0000008a       0x34 ./Core/Src/ds24b33_manage.o
 .ARM.attributes
                0x000000be       0x34 ./Core/Src/lcd1602_i2c_lib.o
 .ARM.attributes
                0x000000f2       0x34 ./Core/Src/main.o
 .ARM.attributes
                0x00000126       0x34 ./Core/Src/menu.o
 .ARM.attributes
                0x0000015a       0x34 ./Core/Src/onewire.o
 .ARM.attributes
                0x0000018e       0x34 ./Core/Src/stm32f4xx_hal_msp.o
 .ARM.attributes
                0x000001c2       0x34 ./Core/Src/stm32f4xx_it.o
 .ARM.attributes
                0x000001f6       0x34 ./Core/Src/syscalls.o
 .ARM.attributes
                0x0000022a       0x34 ./Core/Src/sysmem.o
 .ARM.attributes
                0x0000025e       0x34 ./Core/Src/system_stm32f4xx.o
 .ARM.attributes
                0x00000292       0x21 ./Core/Startup/startup_stm32f401ccux.o
 .ARM.attributes
                0x000002b3       0x34 ./Drivers/STM32F4xx_HAL_Driver/Src/stm32f4xx_hal.o
 .ARM.attributes
                0x000002e7       0x34 ./Drivers/STM32F4xx_HAL_Driver/Src/stm32f4xx_hal_cortex.o
 .ARM.attributes
                0x0000031b       0x34 ./Drivers/STM32F4xx_HAL_Driver/Src/stm32f4xx_hal_gpio.o
 .ARM.attributes
                0x0000034f       0x34 ./Drivers/STM32F4xx_HAL_Driver/Src/stm32f4xx_hal_i2c.o
 .ARM.attributes
                0x00000383       0x34 ./Drivers/STM32F4xx_HAL_Driver/Src/stm32f4xx_hal_rcc.o
 .ARM.attributes
                0x000003b7       0x34 ./Drivers/STM32F4xx_HAL_Driver/Src/stm32f4xx_hal_uart.o
 .ARM.attributes
                0x000003eb       0x34 D:/CubeIDE/STM32CubeIDE_1.12.0/STM32CubeIDE/plugins/com.st.stm32cube.ide.mcu.externaltools.gnu-tools-for-stm32.12.3.rel1.win32_1.0.200.202406191623/tools/bin/../lib/gcc/arm-none-eabi/12.3.1/../../../../arm-none-eabi/lib/thumb/v7e-m+fp/hard\libc_nano.a(libc_a-rand.o)
 .ARM.attributes
                0x0000041f       0x34 D:/CubeIDE/STM32CubeIDE_1.12.0/STM32CubeIDE/plugins/com.st.stm32cube.ide.mcu.externaltools.gnu-tools-for-stm32.12.3.rel1.win32_1.0.200.202406191623/tools/bin/../lib/gcc/arm-none-eabi/12.3.1/../../../../arm-none-eabi/lib/thumb/v7e-m+fp/hard\libc_nano.a(libc_a-findfp.o)
 .ARM.attributes
                0x00000453       0x34 D:/CubeIDE/STM32CubeIDE_1.12.0/STM32CubeIDE/plugins/com.st.stm32cube.ide.mcu.externaltools.gnu-tools-for-stm32.12.3.rel1.win32_1.0.200.202406191623/tools/bin/../lib/gcc/arm-none-eabi/12.3.1/../../../../arm-none-eabi/lib/thumb/v7e-m+fp/hard\libc_nano.a(libc_a-fwalk.o)
 .ARM.attributes
                0x00000487       0x34 D:/CubeIDE/STM32CubeIDE_1.12.0/STM32CubeIDE/plugins/com.st.stm32cube.ide.mcu.externaltools.gnu-tools-for-stm32.12.3.rel1.win32_1.0.200.202406191623/tools/bin/../lib/gcc/arm-none-eabi/12.3.1/../../../../arm-none-eabi/lib/thumb/v7e-m+fp/hard\libc_nano.a(libc_a-stdio.o)
 .ARM.attributes
                0x000004bb       0x34 D:/CubeIDE/STM32CubeIDE_1.12.0/STM32CubeIDE/plugins/com.st.stm32cube.ide.mcu.externaltools.gnu-tools-for-stm32.12.3.rel1.win32_1.0.200.202406191623/tools/bin/../lib/gcc/arm-none-eabi/12.3.1/../../../../arm-none-eabi/lib/thumb/v7e-m+fp/hard\libc_nano.a(libc_a-memset.o)
 .ARM.attributes
                0x000004ef       0x34 D:/CubeIDE/STM32CubeIDE_1.12.0/STM32CubeIDE/plugins/com.st.stm32cube.ide.mcu.externaltools.gnu-tools-for-stm32.12.3.rel1.win32_1.0.200.202406191623/tools/bin/../lib/gcc/arm-none-eabi/12.3.1/../../../../arm-none-eabi/lib/thumb/v7e-m+fp/hard\libc_nano.a(libc_a-closer.o)
 .ARM.attributes
                0x00000523       0x34 D:/CubeIDE/STM32CubeIDE_1.12.0/STM32CubeIDE/plugins/com.st.stm32cube.ide.mcu.externaltools.gnu-tools-for-stm32.12.3.rel1.win32_1.0.200.202406191623/tools/bin/../lib/gcc/arm-none-eabi/12.3.1/../../../../arm-none-eabi/lib/thumb/v7e-m+fp/hard\libc_nano.a(libc_a-reent.o)
 .ARM.attributes
                0x00000557       0x34 D:/CubeIDE/STM32CubeIDE_1.12.0/STM32CubeIDE/plugins/com.st.stm32cube.ide.mcu.externaltools.gnu-tools-for-stm32.12.3.rel1.win32_1.0.200.202406191623/tools/bin/../lib/gcc/arm-none-eabi/12.3.1/../../../../arm-none-eabi/lib/thumb/v7e-m+fp/hard\libc_nano.a(libc_a-impure.o)
 .ARM.attributes
                0x0000058b       0x34 D:/CubeIDE/STM32CubeIDE_1.12.0/STM32CubeIDE/plugins/com.st.stm32cube.ide.mcu.externaltools.gnu-tools-for-stm32.12.3.rel1.win32_1.0.200.202406191623/tools/bin/../lib/gcc/arm-none-eabi/12.3.1/../../../../arm-none-eabi/lib/thumb/v7e-m+fp/hard\libc_nano.a(libc_a-lseekr.o)
 .ARM.attributes
                0x000005bf       0x34 D:/CubeIDE/STM32CubeIDE_1.12.0/STM32CubeIDE/plugins/com.st.stm32cube.ide.mcu.externaltools.gnu-tools-for-stm32.12.3.rel1.win32_1.0.200.202406191623/tools/bin/../lib/gcc/arm-none-eabi/12.3.1/../../../../arm-none-eabi/lib/thumb/v7e-m+fp/hard\libc_nano.a(libc_a-readr.o)
 .ARM.attributes
                0x000005f3       0x34 D:/CubeIDE/STM32CubeIDE_1.12.0/STM32CubeIDE/plugins/com.st.stm32cube.ide.mcu.externaltools.gnu-tools-for-stm32.12.3.rel1.win32_1.0.200.202406191623/tools/bin/../lib/gcc/arm-none-eabi/12.3.1/../../../../arm-none-eabi/lib/thumb/v7e-m+fp/hard\libc_nano.a(libc_a-writer.o)
 .ARM.attributes
                0x00000627       0x34 D:/CubeIDE/STM32CubeIDE_1.12.0/STM32CubeIDE/plugins/com.st.stm32cube.ide.mcu.externaltools.gnu-tools-for-stm32.12.3.rel1.win32_1.0.200.202406191623/tools/bin/../lib/gcc/arm-none-eabi/12.3.1/../../../../arm-none-eabi/lib/thumb/v7e-m+fp/hard\libc_nano.a(libc_a-errno.o)
 .ARM.attributes
                0x0000065b       0x34 D:/CubeIDE/STM32CubeIDE_1.12.0/STM32CubeIDE/plugins/com.st.stm32cube.ide.mcu.externaltools.gnu-tools-for-stm32.12.3.rel1.win32_1.0.200.202406191623/tools/bin/../lib/gcc/arm-none-eabi/12.3.1/../../../../arm-none-eabi/lib/thumb/v7e-m+fp/hard\libc_nano.a(libc_a-init.o)
 .ARM.attributes
                0x0000068f       0x34 D:/CubeIDE/STM32CubeIDE_1.12.0/STM32CubeIDE/plugins/com.st.stm32cube.ide.mcu.externaltools.gnu-tools-for-stm32.12.3.rel1.win32_1.0.200.202406191623/tools/bin/../lib/gcc/arm-none-eabi/12.3.1/../../../../arm-none-eabi/lib/thumb/v7e-m+fp/hard\libc_nano.a(libc_a-lock.o)
 .ARM.attributes
                0x000006c3       0x17 D:/CubeIDE/STM32CubeIDE_1.12.0/STM32CubeIDE/plugins/com.st.stm32cube.ide.mcu.externaltools.gnu-tools-for-stm32.12.3.rel1.win32_1.0.200.202406191623/tools/bin/../lib/gcc/arm-none-eabi/12.3.1/../../../../arm-none-eabi/lib/thumb/v7e-m+fp/hard\libc_nano.a(libc_a-strlen.o)
 .ARM.attributes
                0x000006da       0x34 D:/CubeIDE/STM32CubeIDE_1.12.0/STM32CubeIDE/plugins/com.st.stm32cube.ide.mcu.externaltools.gnu-tools-for-stm32.12.3.rel1.win32_1.0.200.202406191623/tools/bin/../lib/gcc/arm-none-eabi/12.3.1/../../../../arm-none-eabi/lib/thumb/v7e-m+fp/hard\libc_nano.a(libc_a-assert.o)
 .ARM.attributes
                0x0000070e       0x34 D:/CubeIDE/STM32CubeIDE_1.12.0/STM32CubeIDE/plugins/com.st.stm32cube.ide.mcu.externaltools.gnu-tools-for-stm32.12.3.rel1.win32_1.0.200.202406191623/tools/bin/../lib/gcc/arm-none-eabi/12.3.1/../../../../arm-none-eabi/lib/thumb/v7e-m+fp/hard\libc_nano.a(libc_a-freer.o)
 .ARM.attributes
                0x00000742       0x34 D:/CubeIDE/STM32CubeIDE_1.12.0/STM32CubeIDE/plugins/com.st.stm32cube.ide.mcu.externaltools.gnu-tools-for-stm32.12.3.rel1.win32_1.0.200.202406191623/tools/bin/../lib/gcc/arm-none-eabi/12.3.1/../../../../arm-none-eabi/lib/thumb/v7e-m+fp/hard\libc_nano.a(libc_a-malloc.o)
 .ARM.attributes
                0x00000776       0x34 D:/CubeIDE/STM32CubeIDE_1.12.0/STM32CubeIDE/plugins/com.st.stm32cube.ide.mcu.externaltools.gnu-tools-for-stm32.12.3.rel1.win32_1.0.200.202406191623/tools/bin/../lib/gcc/arm-none-eabi/12.3.1/../../../../arm-none-eabi/lib/thumb/v7e-m+fp/hard\libc_nano.a(libc_a-mallocr.o)
 .ARM.attributes
                0x000007aa       0x34 D:/CubeIDE/STM32CubeIDE_1.12.0/STM32CubeIDE/plugins/com.st.stm32cube.ide.mcu.externaltools.gnu-tools-for-stm32.12.3.rel1.win32_1.0.200.202406191623/tools/bin/../lib/gcc/arm-none-eabi/12.3.1/../../../../arm-none-eabi/lib/thumb/v7e-m+fp/hard\libc_nano.a(libc_a-mlock.o)
 .ARM.attributes
                0x000007de       0x34 D:/CubeIDE/STM32CubeIDE_1.12.0/STM32CubeIDE/plugins/com.st.stm32cube.ide.mcu.externaltools.gnu-tools-for-stm32.12.3.rel1.win32_1.0.200.202406191623/tools/bin/../lib/gcc/arm-none-eabi/12.3.1/../../../../arm-none-eabi/lib/thumb/v7e-m+fp/hard\libc_nano.a(libc_a-fflush.o)
 .ARM.attributes
                0x00000812       0x34 D:/CubeIDE/STM32CubeIDE_1.12.0/STM32CubeIDE/plugins/com.st.stm32cube.ide.mcu.externaltools.gnu-tools-for-stm32.12.3.rel1.win32_1.0.200.202406191623/tools/bin/../lib/gcc/arm-none-eabi/12.3.1/../../../../arm-none-eabi/lib/thumb/v7e-m+fp/hard\libc_nano.a(libc_a-fprintf.o)
 .ARM.attributes
                0x00000846       0x34 D:/CubeIDE/STM32CubeIDE_1.12.0/STM32CubeIDE/plugins/com.st.stm32cube.ide.mcu.externaltools.gnu-tools-for-stm32.12.3.rel1.win32_1.0.200.202406191623/tools/bin/../lib/gcc/arm-none-eabi/12.3.1/../../../../arm-none-eabi/lib/thumb/v7e-m+fp/hard\libc_nano.a(libc_a-sbrkr.o)
 .ARM.attributes
                0x0000087a       0x34 D:/CubeIDE/STM32CubeIDE_1.12.0/STM32CubeIDE/plugins/com.st.stm32cube.ide.mcu.externaltools.gnu-tools-for-stm32.12.3.rel1.win32_1.0.200.202406191623/tools/bin/../lib/gcc/arm-none-eabi/12.3.1/../../../../arm-none-eabi/lib/thumb/v7e-m+fp/hard\libc_nano.a(libc_a-abort.o)
 .ARM.attributes
                0x000008ae       0x34 D:/CubeIDE/STM32CubeIDE_1.12.0/STM32CubeIDE/plugins/com.st.stm32cube.ide.mcu.externaltools.gnu-tools-for-stm32.12.3.rel1.win32_1.0.200.202406191623/tools/bin/../lib/gcc/arm-none-eabi/12.3.1/../../../../arm-none-eabi/lib/thumb/v7e-m+fp/hard\libc_nano.a(libc_a-nano-vfprintf.o)
 .ARM.attributes
                0x000008e2       0x34 D:/CubeIDE/STM32CubeIDE_1.12.0/STM32CubeIDE/plugins/com.st.stm32cube.ide.mcu.externaltools.gnu-tools-for-stm32.12.3.rel1.win32_1.0.200.202406191623/tools/bin/../lib/gcc/arm-none-eabi/12.3.1/../../../../arm-none-eabi/lib/thumb/v7e-m+fp/hard\libc_nano.a(libc_a-nano-vfprintf_i.o)
 .ARM.attributes
                0x00000916       0x34 D:/CubeIDE/STM32CubeIDE_1.12.0/STM32CubeIDE/plugins/com.st.stm32cube.ide.mcu.externaltools.gnu-tools-for-stm32.12.3.rel1.win32_1.0.200.202406191623/tools/bin/../lib/gcc/arm-none-eabi/12.3.1/../../../../arm-none-eabi/lib/thumb/v7e-m+fp/hard\libc_nano.a(libc_a-wbuf.o)
 .ARM.attributes
                0x0000094a       0x34 D:/CubeIDE/STM32CubeIDE_1.12.0/STM32CubeIDE/plugins/com.st.stm32cube.ide.mcu.externaltools.gnu-tools-for-stm32.12.3.rel1.win32_1.0.200.202406191623/tools/bin/../lib/gcc/arm-none-eabi/12.3.1/../../../../arm-none-eabi/lib/thumb/v7e-m+fp/hard\libc_nano.a(libc_a-wsetup.o)
 .ARM.attributes
                0x0000097e       0x34 D:/CubeIDE/STM32CubeIDE_1.12.0/STM32CubeIDE/plugins/com.st.stm32cube.ide.mcu.externaltools.gnu-tools-for-stm32.12.3.rel1.win32_1.0.200.202406191623/tools/bin/../lib/gcc/arm-none-eabi/12.3.1/../../../../arm-none-eabi/lib/thumb/v7e-m+fp/hard\libc_nano.a(libc_a-signal.o)
 .ARM.attributes
                0x000009b2       0x34 D:/CubeIDE/STM32CubeIDE_1.12.0/STM32CubeIDE/plugins/com.st.stm32cube.ide.mcu.externaltools.gnu-tools-for-stm32.12.3.rel1.win32_1.0.200.202406191623/tools/bin/../lib/gcc/arm-none-eabi/12.3.1/../../../../arm-none-eabi/lib/thumb/v7e-m+fp/hard\libc_nano.a(libc_a-signalr.o)
 .ARM.attributes
                0x000009e6       0x1c D:/CubeIDE/STM32CubeIDE_1.12.0/STM32CubeIDE/plugins/com.st.stm32cube.ide.mcu.externaltools.gnu-tools-for-stm32.12.3.rel1.win32_1.0.200.202406191623/tools/bin/../lib/gcc/arm-none-eabi/12.3.1/../../../../arm-none-eabi/lib/thumb/v7e-m+fp/hard\libc_nano.a(libc_a-memchr.o)
 .ARM.attributes
                0x00000a02       0x34 D:/CubeIDE/STM32CubeIDE_1.12.0/STM32CubeIDE/plugins/com.st.stm32cube.ide.mcu.externaltools.gnu-tools-for-stm32.12.3.rel1.win32_1.0.200.202406191623/tools/bin/../lib/gcc/arm-none-eabi/12.3.1/../../../../arm-none-eabi/lib/thumb/v7e-m+fp/hard\libc_nano.a(libc_a-makebuf.o)
 .ARM.attributes
                0x00000a36       0x34 D:/CubeIDE/STM32CubeIDE_1.12.0/STM32CubeIDE/plugins/com.st.stm32cube.ide.mcu.externaltools.gnu-tools-for-stm32.12.3.rel1.win32_1.0.200.202406191623/tools/bin/../lib/gcc/arm-none-eabi/12.3.1/../../../../arm-none-eabi/lib/thumb/v7e-m+fp/hard\libc_nano.a(libc_a-fstatr.o)
 .ARM.attributes
                0x00000a6a       0x34 D:/CubeIDE/STM32CubeIDE_1.12.0/STM32CubeIDE/plugins/com.st.stm32cube.ide.mcu.externaltools.gnu-tools-for-stm32.12.3.rel1.win32_1.0.200.202406191623/tools/bin/../lib/gcc/arm-none-eabi/12.3.1/../../../../arm-none-eabi/lib/thumb/v7e-m+fp/hard\libc_nano.a(libc_a-isattyr.o)
 .ARM.attributes
                0x00000a9e       0x22 D:/CubeIDE/STM32CubeIDE_1.12.0/STM32CubeIDE/plugins/com.st.stm32cube.ide.mcu.externaltools.gnu-tools-for-stm32.12.3.rel1.win32_1.0.200.202406191623/tools/bin/../lib/gcc/arm-none-eabi/12.3.1/thumb/v7e-m+fp/hard\libgcc.a(_aeabi_uldivmod.o)
 .ARM.attributes
                0x00000ac0       0x34 D:/CubeIDE/STM32CubeIDE_1.12.0/STM32CubeIDE/plugins/com.st.stm32cube.ide.mcu.externaltools.gnu-tools-for-stm32.12.3.rel1.win32_1.0.200.202406191623/tools/bin/../lib/gcc/arm-none-eabi/12.3.1/thumb/v7e-m+fp/hard\libgcc.a(_udivmoddi4.o)
 .ARM.attributes
                0x00000af4       0x22 D:/CubeIDE/STM32CubeIDE_1.12.0/STM32CubeIDE/plugins/com.st.stm32cube.ide.mcu.externaltools.gnu-tools-for-stm32.12.3.rel1.win32_1.0.200.202406191623/tools/bin/../lib/gcc/arm-none-eabi/12.3.1/thumb/v7e-m+fp/hard\libgcc.a(_dvmd_tls.o)
 .ARM.attributes
                0x00000b16       0x22 D:/CubeIDE/STM32CubeIDE_1.12.0/STM32CubeIDE/plugins/com.st.stm32cube.ide.mcu.externaltools.gnu-tools-for-stm32.12.3.rel1.win32_1.0.200.202406191623/tools/bin/../lib/gcc/arm-none-eabi/12.3.1/thumb/v7e-m+fp/hard/crtn.o
OUTPUT(display.elf elf32-littlearm)
LOAD linker stubs
LOAD D:/CubeIDE/STM32CubeIDE_1.12.0/STM32CubeIDE/plugins/com.st.stm32cube.ide.mcu.externaltools.gnu-tools-for-stm32.12.3.rel1.win32_1.0.200.202406191623/tools/bin/../lib/gcc/arm-none-eabi/12.3.1/../../../../arm-none-eabi/lib/thumb/v7e-m+fp/hard\libc.a
LOAD D:/CubeIDE/STM32CubeIDE_1.12.0/STM32CubeIDE/plugins/com.st.stm32cube.ide.mcu.externaltools.gnu-tools-for-stm32.12.3.rel1.win32_1.0.200.202406191623/tools/bin/../lib/gcc/arm-none-eabi/12.3.1/../../../../arm-none-eabi/lib/thumb/v7e-m+fp/hard\libm.a
LOAD D:/CubeIDE/STM32CubeIDE_1.12.0/STM32CubeIDE/plugins/com.st.stm32cube.ide.mcu.externaltools.gnu-tools-for-stm32.12.3.rel1.win32_1.0.200.202406191623/tools/bin/../lib/gcc/arm-none-eabi/12.3.1/thumb/v7e-m+fp/hard\libgcc.a

.debug_info     0x00000000     0xd288
 .debug_info    0x00000000      0x7d8 ./Core/Src/ds24b33.o
 .debug_info    0x000007d8      0x9a5 ./Core/Src/ds24b33_manage.o
 .debug_info    0x0000117d      0x94e ./Core/Src/lcd1602_i2c_lib.o
 .debug_info    0x00001acb     0x1365 ./Core/Src/main.o
 .debug_info    0x00002e30      0x8c8 ./Core/Src/menu.o
 .debug_info    0x000036f8      0x7b4 ./Core/Src/onewire.o
 .debug_info    0x00003eac      0xc3a ./Core/Src/stm32f4xx_hal_msp.o
 .debug_info    0x00004ae6      0x112 ./Core/Src/stm32f4xx_it.o
 .debug_info    0x00004bf8      0x6a3 ./Core/Src/syscalls.o
 .debug_info    0x0000529b      0x168 ./Core/Src/sysmem.o
 .debug_info    0x00005403      0x53e ./Core/Src/system_stm32f4xx.o
 .debug_info    0x00005941       0x30 ./Core/Startup/startup_stm32f401ccux.o
 .debug_info    0x00005971      0x8bb ./Drivers/STM32F4xx_HAL_Driver/Src/stm32f4xx_hal.o
 .debug_info    0x0000622c      0xcf6 ./Drivers/STM32F4xx_HAL_Driver/Src/stm32f4xx_hal_cortex.o
 .debug_info    0x00006f22      0x6f9 ./Drivers/STM32F4xx_HAL_Driver/Src/stm32f4xx_hal_gpio.o
 .debug_info    0x0000761b     0x2426 ./Drivers/STM32F4xx_HAL_Driver/Src/stm32f4xx_hal_i2c.o
 .debug_info    0x00009a41      0x8f1 ./Drivers/STM32F4xx_HAL_Driver/Src/stm32f4xx_hal_rcc.o
 .debug_info    0x0000a332     0x2f56 ./Drivers/STM32F4xx_HAL_Driver/Src/stm32f4xx_hal_uart.o

.debug_abbrev   0x00000000     0x2367
 .debug_abbrev  0x00000000      0x1be ./Core/Src/ds24b33.o
 .debug_abbrev  0x000001be      0x213 ./Core/Src/ds24b33_manage.o
 .debug_abbrev  0x000003d1      0x2b6 ./Core/Src/lcd1602_i2c_lib.o
 .debug_abbrev  0x00000687      0x36c ./Core/Src/main.o
 .debug_abbrev  0x000009f3      0x218 ./Core/Src/menu.o
 .debug_abbrev  0x00000c0b      0x1c5 ./Core/Src/onewire.o
 .debug_abbrev  0x00000dd0      0x1ac ./Core/Src/stm32f4xx_hal_msp.o
 .debug_abbrev  0x00000f7c       0x73 ./Core/Src/stm32f4xx_it.o
 .debug_abbrev  0x00000fef      0x1b6 ./Core/Src/syscalls.o
 .debug_abbrev  0x000011a5       0xbc ./Core/Src/sysmem.o
 .debug_abbrev  0x00001261      0x11a ./Core/Src/system_stm32f4xx.o
 .debug_abbrev  0x0000137b       0x24 ./Core/Startup/startup_stm32f401ccux.o
 .debug_abbrev  0x0000139f      0x24b ./Drivers/STM32F4xx_HAL_Driver/Src/stm32f4xx_hal.o
 .debug_abbrev  0x000015ea      0x31d ./Drivers/STM32F4xx_HAL_Driver/Src/stm32f4xx_hal_cortex.o
 .debug_abbrev  0x00001907      0x1d3 ./Drivers/STM32F4xx_HAL_Driver/Src/stm32f4xx_hal_gpio.o
 .debug_abbrev  0x00001ada      0x2bc ./Drivers/STM32F4xx_HAL_Driver/Src/stm32f4xx_hal_i2c.o
 .debug_abbrev  0x00001d96      0x2b6 ./Drivers/STM32F4xx_HAL_Driver/Src/stm32f4xx_hal_rcc.o
 .debug_abbrev  0x0000204c      0x31b ./Drivers/STM32F4xx_HAL_Driver/Src/stm32f4xx_hal_uart.o

.debug_aranges  0x00000000      0xb78
 .debug_aranges
                0x00000000       0x48 ./Core/Src/ds24b33.o
 .debug_aranges
                0x00000048       0x48 ./Core/Src/ds24b33_manage.o
 .debug_aranges
                0x00000090       0x90 ./Core/Src/lcd1602_i2c_lib.o
 .debug_aranges
                0x00000120       0x68 ./Core/Src/main.o
 .debug_aranges
                0x00000188       0x50 ./Core/Src/menu.o
 .debug_aranges
                0x000001d8       0x38 ./Core/Src/onewire.o
 .debug_aranges
                0x00000210       0x40 ./Core/Src/stm32f4xx_hal_msp.o
 .debug_aranges
                0x00000250       0x60 ./Core/Src/stm32f4xx_it.o
 .debug_aranges
                0x000002b0       0xa8 ./Core/Src/syscalls.o
 .debug_aranges
                0x00000358       0x20 ./Core/Src/sysmem.o
 .debug_aranges
                0x00000378       0x28 ./Core/Src/system_stm32f4xx.o
 .debug_aranges
                0x000003a0       0x28 ./Core/Startup/startup_stm32f401ccux.o
 .debug_aranges
                0x000003c8       0xf0 ./Drivers/STM32F4xx_HAL_Driver/Src/stm32f4xx_hal.o
 .debug_aranges
                0x000004b8      0x130 ./Drivers/STM32F4xx_HAL_Driver/Src/stm32f4xx_hal_cortex.o
 .debug_aranges
                0x000005e8       0x58 ./Drivers/STM32F4xx_HAL_Driver/Src/stm32f4xx_hal_gpio.o
 .debug_aranges
                0x00000640      0x2a8 ./Drivers/STM32F4xx_HAL_Driver/Src/stm32f4xx_hal_i2c.o
 .debug_aranges
                0x000008e8       0x88 ./Drivers/STM32F4xx_HAL_Driver/Src/stm32f4xx_hal_rcc.o
 .debug_aranges
                0x00000970      0x208 ./Drivers/STM32F4xx_HAL_Driver/Src/stm32f4xx_hal_uart.o

.debug_rnglists
                0x00000000      0x8d5
 .debug_rnglists
                0x00000000       0x31 ./Core/Src/ds24b33.o
 .debug_rnglists
                0x00000031       0x35 ./Core/Src/ds24b33_manage.o
 .debug_rnglists
                0x00000066       0x6a ./Core/Src/lcd1602_i2c_lib.o
 .debug_rnglists
                0x000000d0       0x4c ./Core/Src/main.o
 .debug_rnglists
                0x0000011c       0x38 ./Core/Src/menu.o
 .debug_rnglists
                0x00000154       0x26 ./Core/Src/onewire.o
 .debug_rnglists
                0x0000017a       0x2d ./Core/Src/stm32f4xx_hal_msp.o
 .debug_rnglists
                0x000001a7       0x43 ./Core/Src/stm32f4xx_it.o
 .debug_rnglists
                0x000001ea       0x79 ./Core/Src/syscalls.o
 .debug_rnglists
                0x00000263       0x13 ./Core/Src/sysmem.o
 .debug_rnglists
                0x00000276       0x1a ./Core/Src/system_stm32f4xx.o
 .debug_rnglists
                0x00000290       0x19 ./Core/Startup/startup_stm32f401ccux.o
 .debug_rnglists
                0x000002a9       0xaf ./Drivers/STM32F4xx_HAL_Driver/Src/stm32f4xx_hal.o
 .debug_rnglists
                0x00000358       0xe0 ./Drivers/STM32F4xx_HAL_Driver/Src/stm32f4xx_hal_cortex.o
 .debug_rnglists
                0x00000438       0x3f ./Drivers/STM32F4xx_HAL_Driver/Src/stm32f4xx_hal_gpio.o
 .debug_rnglists
                0x00000477      0x23c ./Drivers/STM32F4xx_HAL_Driver/Src/stm32f4xx_hal_i2c.o
 .debug_rnglists
                0x000006b3       0x66 ./Drivers/STM32F4xx_HAL_Driver/Src/stm32f4xx_hal_rcc.o
 .debug_rnglists
                0x00000719      0x1bc ./Drivers/STM32F4xx_HAL_Driver/Src/stm32f4xx_hal_uart.o

.debug_macro    0x00000000    0x173e1
 .debug_macro   0x00000000      0x1ec ./Core/Src/ds24b33.o
 .debug_macro   0x000001ec      0xab4 ./Core/Src/ds24b33.o
 .debug_macro   0x00000ca0      0x29b ./Core/Src/ds24b33.o
 .debug_macro   0x00000f3b       0x2e ./Core/Src/ds24b33.o
 .debug_macro   0x00000f69       0x28 ./Core/Src/ds24b33.o
 .debug_macro   0x00000f91       0x22 ./Core/Src/ds24b33.o
 .debug_macro   0x00000fb3       0x8e ./Core/Src/ds24b33.o
 .debug_macro   0x00001041       0x51 ./Core/Src/ds24b33.o
 .debug_macro   0x00001092      0x103 ./Core/Src/ds24b33.o
 .debug_macro   0x00001195       0x6a ./Core/Src/ds24b33.o
 .debug_macro   0x000011ff      0x1df ./Core/Src/ds24b33.o
 .debug_macro   0x000013de       0x1c ./Core/Src/ds24b33.o
 .debug_macro   0x000013fa       0x22 ./Core/Src/ds24b33.o
 .debug_macro   0x0000141c       0xfb ./Core/Src/ds24b33.o
 .debug_macro   0x00001517     0x1011 ./Core/Src/ds24b33.o
 .debug_macro   0x00002528      0x11f ./Core/Src/ds24b33.o
 .debug_macro   0x00002647     0xb86c ./Core/Src/ds24b33.o
 .debug_macro   0x0000deb3       0x6d ./Core/Src/ds24b33.o
 .debug_macro   0x0000df20     0x369a ./Core/Src/ds24b33.o
 .debug_macro   0x000115ba      0x189 ./Core/Src/ds24b33.o
 .debug_macro   0x00011743       0x5c ./Core/Src/ds24b33.o
 .debug_macro   0x0001179f      0x416 ./Core/Src/ds24b33.o
 .debug_macro   0x00011bb5      0x9e9 ./Core/Src/ds24b33.o
 .debug_macro   0x0001259e      0x115 ./Core/Src/ds24b33.o
 .debug_macro   0x000126b3       0xf8 ./Core/Src/ds24b33.o
 .debug_macro   0x000127ab       0xa5 ./Core/Src/ds24b33.o
 .debug_macro   0x00012850      0x15f ./Core/Src/ds24b33.o
 .debug_macro   0x000129af      0x287 ./Core/Src/ds24b33.o
 .debug_macro   0x00012c36       0x5f ./Core/Src/ds24b33.o
 .debug_macro   0x00012c95      0x236 ./Core/Src/ds24b33.o
 .debug_macro   0x00012ecb      0x132 ./Core/Src/ds24b33.o
 .debug_macro   0x00012ffd      0x23a ./Core/Src/ds24b33.o
 .debug_macro   0x00013237       0x2e ./Core/Src/ds24b33.o
 .debug_macro   0x00013265      0x1b5 ./Core/Src/ds24b33.o
 .debug_macro   0x0001341a       0x22 ./Core/Src/ds24b33.o
 .debug_macro   0x0001343c       0xd6 ./Core/Src/ds24b33.o
 .debug_macro   0x00013512      0x127 ./Core/Src/ds24b33.o
 .debug_macro   0x00013639       0x85 ./Core/Src/ds24b33.o
 .debug_macro   0x000136be       0x89 ./Core/Src/ds24b33.o
 .debug_macro   0x00013747      0x2aa ./Core/Src/ds24b33.o
 .debug_macro   0x000139f1      0x126 ./Core/Src/ds24b33.o
 .debug_macro   0x00013b17       0x22 ./Core/Src/ds24b33.o
 .debug_macro   0x00013b39      0x2cb ./Core/Src/ds24b33_manage.o
 .debug_macro   0x00013e04       0x22 ./Core/Src/ds24b33_manage.o
 .debug_macro   0x00013e26       0x2a ./Core/Src/ds24b33_manage.o
 .debug_macro   0x00013e50       0x61 ./Core/Src/ds24b33_manage.o
 .debug_macro   0x00013eb1       0x43 ./Core/Src/ds24b33_manage.o
 .debug_macro   0x00013ef4       0x34 ./Core/Src/ds24b33_manage.o
 .debug_macro   0x00013f28       0x16 ./Core/Src/ds24b33_manage.o
 .debug_macro   0x00013f3e       0x35 ./Core/Src/ds24b33_manage.o
 .debug_macro   0x00013f73       0x16 ./Core/Src/ds24b33_manage.o
 .debug_macro   0x00013f89       0x43 ./Core/Src/ds24b33_manage.o
 .debug_macro   0x00013fcc       0x34 ./Core/Src/ds24b33_manage.o
 .debug_macro   0x00014000       0x10 ./Core/Src/ds24b33_manage.o
 .debug_macro   0x00014010       0x58 ./Core/Src/ds24b33_manage.o
 .debug_macro   0x00014068       0x8e ./Core/Src/ds24b33_manage.o
 .debug_macro   0x000140f6       0x1c ./Core/Src/ds24b33_manage.o
 .debug_macro   0x00014112      0x177 ./Core/Src/ds24b33_manage.o
 .debug_macro   0x00014289      0x369 ./Core/Src/ds24b33_manage.o
 .debug_macro   0x000145f2       0x16 ./Core/Src/ds24b33_manage.o
 .debug_macro   0x00014608       0x29 ./Core/Src/ds24b33_manage.o
 .debug_macro   0x00014631      0x2c4 ./Core/Src/lcd1602_i2c_lib.o
 .debug_macro   0x000148f5       0x10 ./Core/Src/lcd1602_i2c_lib.o
 .debug_macro   0x00014905       0x20 ./Core/Src/lcd1602_i2c_lib.o
 .debug_macro   0x00014925      0x319 ./Core/Src/main.o
 .debug_macro   0x00014c3e       0x16 ./Core/Src/main.o
 .debug_macro   0x00014c54       0x28 ./Core/Src/main.o
 .debug_macro   0x00014c7c      0x319 ./Core/Src/menu.o
 .debug_macro   0x00014f95      0x1e2 ./Core/Src/onewire.o
 .debug_macro   0x00015177      0x1dd ./Core/Src/stm32f4xx_hal_msp.o
 .debug_macro   0x00015354      0x1e7 ./Core/Src/stm32f4xx_it.o
 .debug_macro   0x0001553b      0x274 ./Core/Src/syscalls.o
 .debug_macro   0x000157af       0x5b ./Core/Src/syscalls.o
 .debug_macro   0x0001580a       0x94 ./Core/Src/syscalls.o
 .debug_macro   0x0001589e       0x57 ./Core/Src/syscalls.o
 .debug_macro   0x000158f5       0x10 ./Core/Src/syscalls.o
 .debug_macro   0x00015905       0x10 ./Core/Src/syscalls.o
 .debug_macro   0x00015915       0x10 ./Core/Src/syscalls.o
 .debug_macro   0x00015925       0x10 ./Core/Src/syscalls.o
 .debug_macro   0x00015935       0x1c ./Core/Src/syscalls.o
 .debug_macro   0x00015951       0x52 ./Core/Src/syscalls.o
 .debug_macro   0x000159a3       0x22 ./Core/Src/syscalls.o
 .debug_macro   0x000159c5       0x10 ./Core/Src/syscalls.o
 .debug_macro   0x000159d5       0x52 ./Core/Src/syscalls.o
 .debug_macro   0x00015a27       0xcf ./Core/Src/syscalls.o
 .debug_macro   0x00015af6       0x1c ./Core/Src/syscalls.o
 .debug_macro   0x00015b12       0x3d ./Core/Src/syscalls.o
 .debug_macro   0x00015b4f       0x35 ./Core/Src/syscalls.o
 .debug_macro   0x00015b84      0x12c ./Core/Src/syscalls.o
 .debug_macro   0x00015cb0       0x10 ./Core/Src/syscalls.o
 .debug_macro   0x00015cc0      0x242 ./Core/Src/syscalls.o
 .debug_macro   0x00015f02       0x1c ./Core/Src/syscalls.o
 .debug_macro   0x00015f1e       0x10 ./Core/Src/syscalls.o
 .debug_macro   0x00015f2e       0x10 ./Core/Src/syscalls.o
 .debug_macro   0x00015f3e       0x16 ./Core/Src/syscalls.o
 .debug_macro   0x00015f54      0x146 ./Core/Src/syscalls.o
 .debug_macro   0x0001609a      0x18a ./Core/Src/syscalls.o
 .debug_macro   0x00016224       0x16 ./Core/Src/syscalls.o
 .debug_macro   0x0001623a       0xce ./Core/Src/syscalls.o
 .debug_macro   0x00016308       0xff ./Core/Src/sysmem.o
 .debug_macro   0x00016407      0x23c ./Core/Src/sysmem.o
 .debug_macro   0x00016643      0x1d3 ./Core/Src/system_stm32f4xx.o
 .debug_macro   0x00016816      0x233 ./Drivers/STM32F4xx_HAL_Driver/Src/stm32f4xx_hal.o
 .debug_macro   0x00016a49      0x1d3 ./Drivers/STM32F4xx_HAL_Driver/Src/stm32f4xx_hal_cortex.o
 .debug_macro   0x00016c1c      0x1d9 ./Drivers/STM32F4xx_HAL_Driver/Src/stm32f4xx_hal_gpio.o
 .debug_macro   0x00016df5      0x221 ./Drivers/STM32F4xx_HAL_Driver/Src/stm32f4xx_hal_i2c.o
 .debug_macro   0x00017016      0x1f7 ./Drivers/STM32F4xx_HAL_Driver/Src/stm32f4xx_hal_rcc.o
 .debug_macro   0x0001720d      0x1d4 ./Drivers/STM32F4xx_HAL_Driver/Src/stm32f4xx_hal_uart.o

.debug_line     0x00000000     0xfc2c
 .debug_line    0x00000000      0x839 ./Core/Src/ds24b33.o
 .debug_line    0x00000839      0xbd6 ./Core/Src/ds24b33_manage.o
 .debug_line    0x0000140f      0xc45 ./Core/Src/lcd1602_i2c_lib.o
 .debug_line    0x00002054      0xc14 ./Core/Src/main.o
 .debug_line    0x00002c68      0xb3c ./Core/Src/menu.o
 .debug_line    0x000037a4      0x81a ./Core/Src/onewire.o
 .debug_line    0x00003fbe      0x7ce ./Core/Src/stm32f4xx_hal_msp.o
 .debug_line    0x0000478c      0x7f5 ./Core/Src/stm32f4xx_it.o
 .debug_line    0x00004f81      0x983 ./Core/Src/syscalls.o
 .debug_line    0x00005904      0x654 ./Core/Src/sysmem.o
 .debug_line    0x00005f58      0x7b7 ./Core/Src/system_stm32f4xx.o
 .debug_line    0x0000670f       0x7a ./Core/Startup/startup_stm32f401ccux.o
 .debug_line    0x00006789      0xa20 ./Drivers/STM32F4xx_HAL_Driver/Src/stm32f4xx_hal.o
 .debug_line    0x000071a9      0xd12 ./Drivers/STM32F4xx_HAL_Driver/Src/stm32f4xx_hal_cortex.o
 .debug_line    0x00007ebb      0xb70 ./Drivers/STM32F4xx_HAL_Driver/Src/stm32f4xx_hal_gpio.o
 .debug_line    0x00008a2b     0x3b66 ./Drivers/STM32F4xx_HAL_Driver/Src/stm32f4xx_hal_i2c.o
 .debug_line    0x0000c591      0xda9 ./Drivers/STM32F4xx_HAL_Driver/Src/stm32f4xx_hal_rcc.o
 .debug_line    0x0000d33a     0x28f2 ./Drivers/STM32F4xx_HAL_Driver/Src/stm32f4xx_hal_uart.o

.debug_str      0x00000000    0x8976c
 .debug_str     0x00000000    0x80ec2 ./Core/Src/ds24b33.o
                              0x811ae (size before relaxing)
 .debug_str     0x00080ec2     0x331f ./Core/Src/ds24b33_manage.o
                              0x84427 (size before relaxing)
 .debug_str     0x000841e1      0x50a ./Core/Src/lcd1602_i2c_lib.o
                              0x84498 (size before relaxing)
 .debug_str     0x000846eb      0x897 ./Core/Src/main.o
                              0x84f33 (size before relaxing)
 .debug_str     0x00084f82       0x8d ./Core/Src/menu.o
                              0x844fe (size before relaxing)
 .debug_str     0x0008500f       0xce ./Core/Src/onewire.o
                              0x811f3 (size before relaxing)
 .debug_str     0x000850dd       0x87 ./Core/Src/stm32f4xx_hal_msp.o
                              0x81499 (size before relaxing)
 .debug_str     0x00085164       0xc9 ./Core/Src/stm32f4xx_it.o
                              0x80c51 (size before relaxing)
 .debug_str     0x0008522d     0x25ea ./Core/Src/syscalls.o
                               0x989b (size before relaxing)
 .debug_str     0x00087817       0x6b ./Core/Src/sysmem.o
                               0x60b3 (size before relaxing)
 .debug_str     0x00087882       0xdb ./Core/Src/system_stm32f4xx.o
                              0x80d8d (size before relaxing)
 .debug_str     0x0008795d       0x44 ./Core/Startup/startup_stm32f401ccux.o
                                 0x66 (size before relaxing)
 .debug_str     0x000879a1      0x611 ./Drivers/STM32F4xx_HAL_Driver/Src/stm32f4xx_hal.o
                              0x817af (size before relaxing)
 .debug_str     0x00087fb2      0x37f ./Drivers/STM32F4xx_HAL_Driver/Src/stm32f4xx_hal_cortex.o
                              0x81519 (size before relaxing)
 .debug_str     0x00088331      0x124 ./Drivers/STM32F4xx_HAL_Driver/Src/stm32f4xx_hal_gpio.o
                              0x80f08 (size before relaxing)
 .debug_str     0x00088455      0xb3b ./Drivers/STM32F4xx_HAL_Driver/Src/stm32f4xx_hal_i2c.o
                              0x81d9e (size before relaxing)
 .debug_str     0x00088f90      0x1f3 ./Drivers/STM32F4xx_HAL_Driver/Src/stm32f4xx_hal_rcc.o
                              0x811c1 (size before relaxing)
 .debug_str     0x00089183      0x5e9 ./Drivers/STM32F4xx_HAL_Driver/Src/stm32f4xx_hal_uart.o
                              0x81790 (size before relaxing)

.comment        0x00000000       0x43
 .comment       0x00000000       0x43 ./Core/Src/ds24b33.o
                                 0x44 (size before relaxing)
 .comment       0x00000043       0x44 ./Core/Src/ds24b33_manage.o
 .comment       0x00000043       0x44 ./Core/Src/lcd1602_i2c_lib.o
 .comment       0x00000043       0x44 ./Core/Src/main.o
 .comment       0x00000043       0x44 ./Core/Src/menu.o
 .comment       0x00000043       0x44 ./Core/Src/onewire.o
 .comment       0x00000043       0x44 ./Core/Src/stm32f4xx_hal_msp.o
 .comment       0x00000043       0x44 ./Core/Src/stm32f4xx_it.o
 .comment       0x00000043       0x44 ./Core/Src/syscalls.o
 .comment       0x00000043       0x44 ./Core/Src/sysmem.o
 .comment       0x00000043       0x44 ./Core/Src/system_stm32f4xx.o
 .comment       0x00000043       0x44 ./Drivers/STM32F4xx_HAL_Driver/Src/stm32f4xx_hal.o
 .comment       0x00000043       0x44 ./Drivers/STM32F4xx_HAL_Driver/Src/stm32f4xx_hal_cortex.o
 .comment       0x00000043       0x44 ./Drivers/STM32F4xx_HAL_Driver/Src/stm32f4xx_hal_gpio.o
 .comment       0x00000043       0x44 ./Drivers/STM32F4xx_HAL_Driver/Src/stm32f4xx_hal_i2c.o
 .comment       0x00000043       0x44 ./Drivers/STM32F4xx_HAL_Driver/Src/stm32f4xx_hal_rcc.o
 .comment       0x00000043       0x44 ./Drivers/STM32F4xx_HAL_Driver/Src/stm32f4xx_hal_uart.o

.debug_frame    0x00000000     0x37dc
 .debug_frame   0x00000000       0xec ./Core/Src/ds24b33.o
 .debug_frame   0x000000ec      0x110 ./Core/Src/ds24b33_manage.o
 .debug_frame   0x000001fc      0x228 ./Core/Src/lcd1602_i2c_lib.o
 .debug_frame   0x00000424      0x14c ./Core/Src/main.o
 .debug_frame   0x00000570      0x114 ./Core/Src/menu.o
 .debug_frame   0x00000684       0xb0 ./Core/Src/onewire.o
 .debug_frame   0x00000734       0xc8 ./Core/Src/stm32f4xx_hal_msp.o
 .debug_frame   0x000007fc      0x104 ./Core/Src/stm32f4xx_it.o
 .debug_frame   0x00000900      0x2ac ./Core/Src/syscalls.o
 .debug_frame   0x00000bac       0x34 ./Core/Src/sysmem.o
 .debug_frame   0x00000be0       0x58 ./Core/Src/system_stm32f4xx.o
 .debug_frame   0x00000c38      0x374 ./Drivers/STM32F4xx_HAL_Driver/Src/stm32f4xx_hal.o
 .debug_frame   0x00000fac      0x508 ./Drivers/STM32F4xx_HAL_Driver/Src/stm32f4xx_hal_cortex.o
 .debug_frame   0x000014b4      0x14c ./Drivers/STM32F4xx_HAL_Driver/Src/stm32f4xx_hal_gpio.o
 .debug_frame   0x00001600      0xc84 ./Drivers/STM32F4xx_HAL_Driver/Src/stm32f4xx_hal_i2c.o
 .debug_frame   0x00002284      0x1f4 ./Drivers/STM32F4xx_HAL_Driver/Src/stm32f4xx_hal_rcc.o
 .debug_frame   0x00002478      0x954 ./Drivers/STM32F4xx_HAL_Driver/Src/stm32f4xx_hal_uart.o