../Core/Src/main.c:79:5:main	64	static
../Core/Src/main.c:189:6:SystemClock_Config	88	static
../Core/Src/main.c:235:13:MX_I2C1_Init	8	static
../Core/Src/main.c:269:13:MX_USART6_UART_Init	8	static
../Core/Src/main.c:302:13:MX_GPIO_Init	48	static
../Core/Src/main.c:328:6:ExpectTargetDevice	24	static
../Core/Src/main.c:344:6:EXTI9_5_IRQHandler	8	static
../Core/Src/main.c:350:6:EXTI15_10_IRQHandler	8	static
../Core/Src/main.c:356:6:HAL_GPIO_EXTI_Callback	16	static
../Core/Src/main.c:388:6:Error_Handler	4	static,ignoring_inline_asm
