../Drivers/CMSIS/Include/core_cm4.h:1775:22:__NVIC_ClearPendingIRQ	16	static
../Core/Src/main.c:83:5:main	64	static
../Core/Src/main.c:219:6:SystemClock_Config	88	static
../Core/Src/main.c:265:13:MX_I2C1_Init	8	static
../Core/Src/main.c:299:13:MX_USART6_UART_Init	8	static
../Core/Src/main.c:332:13:MX_GPIO_Init	48	static
../Core/Src/main.c:358:6:ExpectTargetDevice	24	static
../Core/Src/main.c:374:6:EXTI9_5_IRQHandler	8	static
../Core/Src/main.c:380:6:EXTI15_10_IRQHandler	8	static
../Core/Src/main.c:386:6:HAL_GPIO_EXTI_Callback	16	static
../Core/Src/main.c:434:6:Error_Handler	4	static,ignoring_inline_asm
